[0.107s] DEBUG:colcon:Command line arguments: ['/usr/bin/colcon', 'build', '--packages-select', 'testbed_navigation']
[0.107s] DEBUG:colcon:Parsed command line arguments: Namespace(log_base=None, log_level=None, verb_name='build', build_base='build', install_base='install', merge_install=False, symlink_install=False, test_result_base=None, continue_on_error=False, executor='parallel', parallel_workers=12, event_handlers=None, ignore_user_meta=False, metas=['./colcon.meta'], base_paths=['.'], packages_ignore=None, packages_ignore_regex=None, paths=None, packages_up_to=None, packages_up_to_regex=None, packages_above=None, packages_above_and_dependencies=None, packages_above_depth=None, packages_select_by_dep=None, packages_skip_by_dep=None, packages_skip_up_to=None, packages_select_build_failed=False, packages_skip_build_finished=False, packages_select_test_failures=False, packages_skip_test_passed=False, packages_select=['testbed_navigation'], packages_skip=None, packages_select_regex=None, packages_skip_regex=None, packages_start=None, packages_end=None, allow_overriding=[], cmake_args=None, cmake_target=None, cmake_target_skip_unavailable=False, cmake_clean_cache=False, cmake_clean_first=False, cmake_force_configure=False, ament_cmake_args=None, catkin_cmake_args=None, catkin_skip_building_tests=False, mixin_files=None, mixin=None, verb_parser=<colcon_mixin.mixin.mixin_argument.MixinArgumentDecorator object at 0x752123c90d90>, verb_extension=<colcon_core.verb.build.BuildVerb object at 0x752123c90820>, main=<bound method BuildVerb.main of <colcon_core.verb.build.BuildVerb object at 0x752123c90820>>, mixin_verb=('build',))
[0.278s] Level 1:colcon.colcon_core.package_discovery:discover_packages(colcon_meta) check parameters
[0.278s] Level 1:colcon.colcon_core.package_discovery:discover_packages(recursive) check parameters
[0.278s] Level 1:colcon.colcon_core.package_discovery:discover_packages(ignore) check parameters
[0.278s] Level 1:colcon.colcon_core.package_discovery:discover_packages(path) check parameters
[0.278s] Level 1:colcon.colcon_core.package_discovery:discover_packages(colcon_meta) discover
[0.278s] Level 1:colcon.colcon_core.package_discovery:discover_packages(recursive) discover
[0.278s] INFO:colcon.colcon_core.package_discovery:Crawling recursively for packages in '/home/deep/assignment_ws'
[0.278s] Level 1:colcon.colcon_core.package_identification:_identify(.) by extensions ['ignore', 'ignore_ament_install']
[0.278s] Level 1:colcon.colcon_core.package_identification:_identify(.) by extension 'ignore'
[0.278s] Level 1:colcon.colcon_core.package_identification:_identify(.) by extension 'ignore_ament_install'
[0.278s] Level 1:colcon.colcon_core.package_identification:_identify(.) by extensions ['colcon_pkg']
[0.278s] Level 1:colcon.colcon_core.package_identification:_identify(.) by extension 'colcon_pkg'
[0.278s] Level 1:colcon.colcon_core.package_identification:_identify(.) by extensions ['colcon_meta']
[0.278s] Level 1:colcon.colcon_core.package_identification:_identify(.) by extension 'colcon_meta'
[0.278s] Level 1:colcon.colcon_core.package_identification:_identify(.) by extensions ['ros']
[0.278s] Level 1:colcon.colcon_core.package_identification:_identify(.) by extension 'ros'
[0.288s] Level 1:colcon.colcon_core.package_identification:_identify(.) by extensions ['cmake', 'python']
[0.288s] Level 1:colcon.colcon_core.package_identification:_identify(.) by extension 'cmake'
[0.288s] Level 1:colcon.colcon_core.package_identification:_identify(.) by extension 'python'
[0.288s] Level 1:colcon.colcon_core.package_identification:_identify(.) by extensions ['python_setup_py']
[0.288s] Level 1:colcon.colcon_core.package_identification:_identify(.) by extension 'python_setup_py'
[0.288s] Level 1:colcon.colcon_core.package_identification:_identify(build) by extensions ['ignore', 'ignore_ament_install']
[0.288s] Level 1:colcon.colcon_core.package_identification:_identify(build) by extension 'ignore'
[0.289s] Level 1:colcon.colcon_core.package_identification:_identify(build) ignored
[0.289s] Level 1:colcon.colcon_core.package_identification:_identify(install) by extensions ['ignore', 'ignore_ament_install']
[0.289s] Level 1:colcon.colcon_core.package_identification:_identify(install) by extension 'ignore'
[0.289s] Level 1:colcon.colcon_core.package_identification:_identify(install) ignored
[0.289s] Level 1:colcon.colcon_core.package_identification:_identify(log) by extensions ['ignore', 'ignore_ament_install']
[0.289s] Level 1:colcon.colcon_core.package_identification:_identify(log) by extension 'ignore'
[0.289s] Level 1:colcon.colcon_core.package_identification:_identify(log) ignored
[0.289s] Level 1:colcon.colcon_core.package_identification:_identify(src) by extensions ['ignore', 'ignore_ament_install']
[0.289s] Level 1:colcon.colcon_core.package_identification:_identify(src) by extension 'ignore'
[0.289s] Level 1:colcon.colcon_core.package_identification:_identify(src) by extension 'ignore_ament_install'
[0.289s] Level 1:colcon.colcon_core.package_identification:_identify(src) by extensions ['colcon_pkg']
[0.289s] Level 1:colcon.colcon_core.package_identification:_identify(src) by extension 'colcon_pkg'
[0.289s] Level 1:colcon.colcon_core.package_identification:_identify(src) by extensions ['colcon_meta']
[0.289s] Level 1:colcon.colcon_core.package_identification:_identify(src) by extension 'colcon_meta'
[0.289s] Level 1:colcon.colcon_core.package_identification:_identify(src) by extensions ['ros']
[0.289s] Level 1:colcon.colcon_core.package_identification:_identify(src) by extension 'ros'
[0.289s] Level 1:colcon.colcon_core.package_identification:_identify(src) by extensions ['cmake', 'python']
[0.290s] Level 1:colcon.colcon_core.package_identification:_identify(src) by extension 'cmake'
[0.290s] Level 1:colcon.colcon_core.package_identification:_identify(src) by extension 'python'
[0.290s] Level 1:colcon.colcon_core.package_identification:_identify(src) by extensions ['python_setup_py']
[0.290s] Level 1:colcon.colcon_core.package_identification:_identify(src) by extension 'python_setup_py'
[0.290s] Level 1:colcon.colcon_core.package_identification:_identify(src/ros_nav2_assignment) by extensions ['ignore', 'ignore_ament_install']
[0.290s] Level 1:colcon.colcon_core.package_identification:_identify(src/ros_nav2_assignment) by extension 'ignore'
[0.290s] Level 1:colcon.colcon_core.package_identification:_identify(src/ros_nav2_assignment) by extension 'ignore_ament_install'
[0.290s] Level 1:colcon.colcon_core.package_identification:_identify(src/ros_nav2_assignment) by extensions ['colcon_pkg']
[0.290s] Level 1:colcon.colcon_core.package_identification:_identify(src/ros_nav2_assignment) by extension 'colcon_pkg'
[0.290s] Level 1:colcon.colcon_core.package_identification:_identify(src/ros_nav2_assignment) by extensions ['colcon_meta']
[0.290s] Level 1:colcon.colcon_core.package_identification:_identify(src/ros_nav2_assignment) by extension 'colcon_meta'
[0.290s] Level 1:colcon.colcon_core.package_identification:_identify(src/ros_nav2_assignment) by extensions ['ros']
[0.290s] Level 1:colcon.colcon_core.package_identification:_identify(src/ros_nav2_assignment) by extension 'ros'
[0.290s] Level 1:colcon.colcon_core.package_identification:_identify(src/ros_nav2_assignment) by extensions ['cmake', 'python']
[0.290s] Level 1:colcon.colcon_core.package_identification:_identify(src/ros_nav2_assignment) by extension 'cmake'
[0.290s] Level 1:colcon.colcon_core.package_identification:_identify(src/ros_nav2_assignment) by extension 'python'
[0.290s] Level 1:colcon.colcon_core.package_identification:_identify(src/ros_nav2_assignment) by extensions ['python_setup_py']
[0.290s] Level 1:colcon.colcon_core.package_identification:_identify(src/ros_nav2_assignment) by extension 'python_setup_py'
[0.290s] Level 1:colcon.colcon_core.package_identification:_identify(src/ros_nav2_assignment/testbed_bringup) by extensions ['ignore', 'ignore_ament_install']
[0.290s] Level 1:colcon.colcon_core.package_identification:_identify(src/ros_nav2_assignment/testbed_bringup) by extension 'ignore'
[0.291s] Level 1:colcon.colcon_core.package_identification:_identify(src/ros_nav2_assignment/testbed_bringup) by extension 'ignore_ament_install'
[0.291s] Level 1:colcon.colcon_core.package_identification:_identify(src/ros_nav2_assignment/testbed_bringup) by extensions ['colcon_pkg']
[0.291s] Level 1:colcon.colcon_core.package_identification:_identify(src/ros_nav2_assignment/testbed_bringup) by extension 'colcon_pkg'
[0.291s] Level 1:colcon.colcon_core.package_identification:_identify(src/ros_nav2_assignment/testbed_bringup) by extensions ['colcon_meta']
[0.291s] Level 1:colcon.colcon_core.package_identification:_identify(src/ros_nav2_assignment/testbed_bringup) by extension 'colcon_meta'
[0.291s] Level 1:colcon.colcon_core.package_identification:_identify(src/ros_nav2_assignment/testbed_bringup) by extensions ['ros']
[0.291s] Level 1:colcon.colcon_core.package_identification:_identify(src/ros_nav2_assignment/testbed_bringup) by extension 'ros'
[0.293s] DEBUG:colcon.colcon_core.package_identification:Package 'src/ros_nav2_assignment/testbed_bringup' with type 'ros.ament_cmake' and name 'testbed_bringup'
[0.293s] Level 1:colcon.colcon_core.package_identification:_identify(src/ros_nav2_assignment/testbed_description) by extensions ['ignore', 'ignore_ament_install']
[0.294s] Level 1:colcon.colcon_core.package_identification:_identify(src/ros_nav2_assignment/testbed_description) by extension 'ignore'
[0.294s] Level 1:colcon.colcon_core.package_identification:_identify(src/ros_nav2_assignment/testbed_description) by extension 'ignore_ament_install'
[0.294s] Level 1:colcon.colcon_core.package_identification:_identify(src/ros_nav2_assignment/testbed_description) by extensions ['colcon_pkg']
[0.294s] Level 1:colcon.colcon_core.package_identification:_identify(src/ros_nav2_assignment/testbed_description) by extension 'colcon_pkg'
[0.294s] Level 1:colcon.colcon_core.package_identification:_identify(src/ros_nav2_assignment/testbed_description) by extensions ['colcon_meta']
[0.294s] Level 1:colcon.colcon_core.package_identification:_identify(src/ros_nav2_assignment/testbed_description) by extension 'colcon_meta'
[0.294s] Level 1:colcon.colcon_core.package_identification:_identify(src/ros_nav2_assignment/testbed_description) by extensions ['ros']
[0.294s] Level 1:colcon.colcon_core.package_identification:_identify(src/ros_nav2_assignment/testbed_description) by extension 'ros'
[0.294s] DEBUG:colcon.colcon_core.package_identification:Package 'src/ros_nav2_assignment/testbed_description' with type 'ros.ament_cmake' and name 'testbed_description'
[0.294s] Level 1:colcon.colcon_core.package_identification:_identify(src/ros_nav2_assignment/testbed_gazebo) by extensions ['ignore', 'ignore_ament_install']
[0.295s] Level 1:colcon.colcon_core.package_identification:_identify(src/ros_nav2_assignment/testbed_gazebo) by extension 'ignore'
[0.295s] Level 1:colcon.colcon_core.package_identification:_identify(src/ros_nav2_assignment/testbed_gazebo) by extension 'ignore_ament_install'
[0.295s] Level 1:colcon.colcon_core.package_identification:_identify(src/ros_nav2_assignment/testbed_gazebo) by extensions ['colcon_pkg']
[0.295s] Level 1:colcon.colcon_core.package_identification:_identify(src/ros_nav2_assignment/testbed_gazebo) by extension 'colcon_pkg'
[0.295s] Level 1:colcon.colcon_core.package_identification:_identify(src/ros_nav2_assignment/testbed_gazebo) by extensions ['colcon_meta']
[0.295s] Level 1:colcon.colcon_core.package_identification:_identify(src/ros_nav2_assignment/testbed_gazebo) by extension 'colcon_meta'
[0.295s] Level 1:colcon.colcon_core.package_identification:_identify(src/ros_nav2_assignment/testbed_gazebo) by extensions ['ros']
[0.295s] Level 1:colcon.colcon_core.package_identification:_identify(src/ros_nav2_assignment/testbed_gazebo) by extension 'ros'
[0.295s] DEBUG:colcon.colcon_core.package_identification:Package 'src/ros_nav2_assignment/testbed_gazebo' with type 'ros.ament_cmake' and name 'testbed_gazebo'
[0.295s] Level 1:colcon.colcon_core.package_identification:_identify(src/ros_nav2_assignment/testbed_navigation) by extensions ['ignore', 'ignore_ament_install']
[0.296s] Level 1:colcon.colcon_core.package_identification:_identify(src/ros_nav2_assignment/testbed_navigation) by extension 'ignore'
[0.296s] Level 1:colcon.colcon_core.package_identification:_identify(src/ros_nav2_assignment/testbed_navigation) by extension 'ignore_ament_install'
[0.296s] Level 1:colcon.colcon_core.package_identification:_identify(src/ros_nav2_assignment/testbed_navigation) by extensions ['colcon_pkg']
[0.296s] Level 1:colcon.colcon_core.package_identification:_identify(src/ros_nav2_assignment/testbed_navigation) by extension 'colcon_pkg'
[0.296s] Level 1:colcon.colcon_core.package_identification:_identify(src/ros_nav2_assignment/testbed_navigation) by extensions ['colcon_meta']
[0.296s] Level 1:colcon.colcon_core.package_identification:_identify(src/ros_nav2_assignment/testbed_navigation) by extension 'colcon_meta'
[0.296s] Level 1:colcon.colcon_core.package_identification:_identify(src/ros_nav2_assignment/testbed_navigation) by extensions ['ros']
[0.296s] Level 1:colcon.colcon_core.package_identification:_identify(src/ros_nav2_assignment/testbed_navigation) by extension 'ros'
[0.302s] DEBUG:colcon.colcon_core.package_identification:Package 'src/ros_nav2_assignment/testbed_navigation' with type 'ros.ament_cmake' and name 'testbed_navigation'
[0.303s] Level 1:colcon.colcon_core.package_discovery:discover_packages(recursive) using defaults
[0.303s] Level 1:colcon.colcon_core.package_discovery:discover_packages(ignore) discover
[0.303s] Level 1:colcon.colcon_core.package_discovery:discover_packages(ignore) using defaults
[0.303s] Level 1:colcon.colcon_core.package_discovery:discover_packages(path) discover
[0.303s] Level 1:colcon.colcon_core.package_discovery:discover_packages(path) using defaults
[0.320s] INFO:colcon.colcon_core.package_selection:Skipping not selected package 'testbed_bringup' in 'src/ros_nav2_assignment/testbed_bringup'
[0.320s] INFO:colcon.colcon_core.package_selection:Skipping not selected package 'testbed_description' in 'src/ros_nav2_assignment/testbed_description'
[0.320s] INFO:colcon.colcon_core.package_selection:Skipping not selected package 'testbed_gazebo' in 'src/ros_nav2_assignment/testbed_gazebo'
[0.321s] Level 1:colcon.colcon_core.package_discovery:discover_packages(prefix_path) check parameters
[0.321s] Level 1:colcon.colcon_core.package_discovery:discover_packages(prefix_path) discover
[0.323s] DEBUG:colcon.colcon_installed_package_information.package_discovery:Found 4 installed packages in /home/deep/assignment_ws/install
[0.323s] DEBUG:colcon.colcon_installed_package_information.package_discovery:Found 2 installed packages in /home/deep/shopmate_bot_ws/install
[0.323s] DEBUG:colcon.colcon_installed_package_information.package_discovery:Found 10 installed packages in /home/deep/colcon_ws/install
[0.325s] DEBUG:colcon.colcon_installed_package_information.package_discovery:Found 428 installed packages in /opt/ros/humble
[0.327s] Level 1:colcon.colcon_core.package_discovery:discover_packages(prefix_path) using defaults
[0.376s] Level 5:colcon.colcon_core.verb:set package 'testbed_navigation' build argument 'cmake_args' from command line to 'None'
[0.376s] Level 5:colcon.colcon_core.verb:set package 'testbed_navigation' build argument 'cmake_target' from command line to 'None'
[0.376s] Level 5:colcon.colcon_core.verb:set package 'testbed_navigation' build argument 'cmake_target_skip_unavailable' from command line to 'False'
[0.376s] Level 5:colcon.colcon_core.verb:set package 'testbed_navigation' build argument 'cmake_clean_cache' from command line to 'False'
[0.376s] Level 5:colcon.colcon_core.verb:set package 'testbed_navigation' build argument 'cmake_clean_first' from command line to 'False'
[0.376s] Level 5:colcon.colcon_core.verb:set package 'testbed_navigation' build argument 'cmake_force_configure' from command line to 'False'
[0.376s] Level 5:colcon.colcon_core.verb:set package 'testbed_navigation' build argument 'ament_cmake_args' from command line to 'None'
[0.376s] Level 5:colcon.colcon_core.verb:set package 'testbed_navigation' build argument 'catkin_cmake_args' from command line to 'None'
[0.376s] Level 5:colcon.colcon_core.verb:set package 'testbed_navigation' build argument 'catkin_skip_building_tests' from command line to 'False'
[0.376s] DEBUG:colcon.colcon_core.verb:Building package 'testbed_navigation' with the following arguments: {'ament_cmake_args': None, 'build_base': '/home/deep/assignment_ws/build/testbed_navigation', 'catkin_cmake_args': None, 'catkin_skip_building_tests': False, 'cmake_args': None, 'cmake_clean_cache': False, 'cmake_clean_first': False, 'cmake_force_configure': False, 'cmake_target': None, 'cmake_target_skip_unavailable': False, 'install_base': '/home/deep/assignment_ws/install/testbed_navigation', 'merge_install': False, 'path': '/home/deep/assignment_ws/src/ros_nav2_assignment/testbed_navigation', 'symlink_install': False, 'test_result_base': None}
[0.376s] INFO:colcon.colcon_core.executor:Executing jobs using 'parallel' executor
[0.377s] DEBUG:colcon.colcon_parallel_executor.executor.parallel:run_until_complete
[0.377s] INFO:colcon.colcon_ros.task.ament_cmake.build:Building ROS package in '/home/deep/assignment_ws/src/ros_nav2_assignment/testbed_navigation' with build type 'ament_cmake'
[0.377s] INFO:colcon.colcon_cmake.task.cmake.build:Building CMake package in '/home/deep/assignment_ws/src/ros_nav2_assignment/testbed_navigation'
[0.379s] INFO:colcon.colcon_core.plugin_system:Skipping extension 'colcon_core.shell.bat': Not used on non-Windows systems
[0.379s] INFO:colcon.colcon_core.shell:Skip shell extension 'powershell' for command environment: Not usable outside of PowerShell
[0.380s] DEBUG:colcon.colcon_core.shell:Skip shell extension 'dsv' for command environment
[0.388s] DEBUG:colcon.colcon_core.event_handler.log_command:Invoking command in '/home/deep/assignment_ws/build/testbed_navigation': CMAKE_PREFIX_PATH=${CMAKE_PREFIX_PATH}:/home/deep/colcon_ws/install/task3b_solution:/home/deep/colcon_ws/install/task3a_solution:/home/deep/colcon_ws/install/task2b_solution:/home/deep/colcon_ws/install/task2_solution:/home/deep/shopmate_bot_ws/install/shopmate_bot_navigation:/home/deep/shopmate_bot_ws/install/shopmate_bot_description:/opt/ros/humble /usr/bin/cmake --build /home/deep/assignment_ws/build/testbed_navigation -- -j12 -l12
[0.413s] DEBUG:colcon.colcon_core.event_handler.log_command:Invoked command in '/home/deep/assignment_ws/build/testbed_navigation' returned '0': CMAKE_PREFIX_PATH=${CMAKE_PREFIX_PATH}:/home/deep/colcon_ws/install/task3b_solution:/home/deep/colcon_ws/install/task3a_solution:/home/deep/colcon_ws/install/task2b_solution:/home/deep/colcon_ws/install/task2_solution:/home/deep/shopmate_bot_ws/install/shopmate_bot_navigation:/home/deep/shopmate_bot_ws/install/shopmate_bot_description:/opt/ros/humble /usr/bin/cmake --build /home/deep/assignment_ws/build/testbed_navigation -- -j12 -l12
[0.420s] DEBUG:colcon.colcon_core.event_handler.log_command:Invoking command in '/home/deep/assignment_ws/build/testbed_navigation': CMAKE_PREFIX_PATH=${CMAKE_PREFIX_PATH}:/home/deep/colcon_ws/install/task3b_solution:/home/deep/colcon_ws/install/task3a_solution:/home/deep/colcon_ws/install/task2b_solution:/home/deep/colcon_ws/install/task2_solution:/home/deep/shopmate_bot_ws/install/shopmate_bot_navigation:/home/deep/shopmate_bot_ws/install/shopmate_bot_description:/opt/ros/humble /usr/bin/cmake --install /home/deep/assignment_ws/build/testbed_navigation
[0.427s] Level 1:colcon.colcon_core.environment:create_environment_scripts_only(testbed_navigation)
[0.427s] DEBUG:colcon.colcon_core.event_handler.log_command:Invoked command in '/home/deep/assignment_ws/build/testbed_navigation' returned '0': CMAKE_PREFIX_PATH=${CMAKE_PREFIX_PATH}:/home/deep/colcon_ws/install/task3b_solution:/home/deep/colcon_ws/install/task3a_solution:/home/deep/colcon_ws/install/task2b_solution:/home/deep/colcon_ws/install/task2_solution:/home/deep/shopmate_bot_ws/install/shopmate_bot_navigation:/home/deep/shopmate_bot_ws/install/shopmate_bot_description:/opt/ros/humble /usr/bin/cmake --install /home/deep/assignment_ws/build/testbed_navigation
[0.429s] Level 1:colcon.colcon_core.environment:checking '/home/deep/assignment_ws/install/testbed_navigation' for CMake module files
[0.430s] Level 1:colcon.colcon_core.environment:checking '/home/deep/assignment_ws/install/testbed_navigation' for CMake config files
[0.430s] Level 1:colcon.colcon_core.shell:create_environment_hook('testbed_navigation', 'cmake_prefix_path')
[0.430s] INFO:colcon.colcon_core.shell:Creating environment hook '/home/deep/assignment_ws/install/testbed_navigation/share/testbed_navigation/hook/cmake_prefix_path.ps1'
[0.430s] INFO:colcon.colcon_core.shell:Creating environment descriptor '/home/deep/assignment_ws/install/testbed_navigation/share/testbed_navigation/hook/cmake_prefix_path.dsv'
[0.431s] INFO:colcon.colcon_core.shell:Creating environment hook '/home/deep/assignment_ws/install/testbed_navigation/share/testbed_navigation/hook/cmake_prefix_path.sh'
[0.432s] Level 1:colcon.colcon_core.environment:checking '/home/deep/assignment_ws/install/testbed_navigation/bin'
[0.432s] Level 1:colcon.colcon_core.environment:checking '/home/deep/assignment_ws/install/testbed_navigation/lib/pkgconfig/testbed_navigation.pc'
[0.432s] Level 1:colcon.colcon_core.environment:checking '/home/deep/assignment_ws/install/testbed_navigation/lib/python3.10/site-packages'
[0.432s] Level 1:colcon.colcon_core.environment:checking '/home/deep/assignment_ws/install/testbed_navigation/bin'
[0.432s] INFO:colcon.colcon_core.shell:Creating package script '/home/deep/assignment_ws/install/testbed_navigation/share/testbed_navigation/package.ps1'
[0.433s] INFO:colcon.colcon_core.shell:Creating package descriptor '/home/deep/assignment_ws/install/testbed_navigation/share/testbed_navigation/package.dsv'
[0.433s] INFO:colcon.colcon_core.shell:Creating package script '/home/deep/assignment_ws/install/testbed_navigation/share/testbed_navigation/package.sh'
[0.434s] INFO:colcon.colcon_core.shell:Creating package script '/home/deep/assignment_ws/install/testbed_navigation/share/testbed_navigation/package.bash'
[0.435s] INFO:colcon.colcon_core.shell:Creating package script '/home/deep/assignment_ws/install/testbed_navigation/share/testbed_navigation/package.zsh'
[0.435s] Level 1:colcon.colcon_core.environment:create_file_with_runtime_dependencies(/home/deep/assignment_ws/install/testbed_navigation/share/colcon-core/packages/testbed_navigation)
[0.436s] Level 1:colcon.colcon_core.environment:create_environment_scripts_only(testbed_navigation)
[0.436s] Level 1:colcon.colcon_core.environment:checking '/home/deep/assignment_ws/install/testbed_navigation' for CMake module files
[0.436s] Level 1:colcon.colcon_core.environment:checking '/home/deep/assignment_ws/install/testbed_navigation' for CMake config files
[0.436s] Level 1:colcon.colcon_core.shell:create_environment_hook('testbed_navigation', 'cmake_prefix_path')
[0.437s] INFO:colcon.colcon_core.shell:Creating environment hook '/home/deep/assignment_ws/install/testbed_navigation/share/testbed_navigation/hook/cmake_prefix_path.ps1'
[0.437s] INFO:colcon.colcon_core.shell:Creating environment descriptor '/home/deep/assignment_ws/install/testbed_navigation/share/testbed_navigation/hook/cmake_prefix_path.dsv'
[0.437s] INFO:colcon.colcon_core.shell:Creating environment hook '/home/deep/assignment_ws/install/testbed_navigation/share/testbed_navigation/hook/cmake_prefix_path.sh'
[0.438s] Level 1:colcon.colcon_core.environment:checking '/home/deep/assignment_ws/install/testbed_navigation/bin'
[0.438s] Level 1:colcon.colcon_core.environment:checking '/home/deep/assignment_ws/install/testbed_navigation/lib/pkgconfig/testbed_navigation.pc'
[0.438s] Level 1:colcon.colcon_core.environment:checking '/home/deep/assignment_ws/install/testbed_navigation/lib/python3.10/site-packages'
[0.438s] Level 1:colcon.colcon_core.environment:checking '/home/deep/assignment_ws/install/testbed_navigation/bin'
[0.439s] INFO:colcon.colcon_core.shell:Creating package script '/home/deep/assignment_ws/install/testbed_navigation/share/testbed_navigation/package.ps1'
[0.439s] INFO:colcon.colcon_core.shell:Creating package descriptor '/home/deep/assignment_ws/install/testbed_navigation/share/testbed_navigation/package.dsv'
[0.439s] INFO:colcon.colcon_core.shell:Creating package script '/home/deep/assignment_ws/install/testbed_navigation/share/testbed_navigation/package.sh'
[0.440s] INFO:colcon.colcon_core.shell:Creating package script '/home/deep/assignment_ws/install/testbed_navigation/share/testbed_navigation/package.bash'
[0.440s] INFO:colcon.colcon_core.shell:Creating package script '/home/deep/assignment_ws/install/testbed_navigation/share/testbed_navigation/package.zsh'
[0.440s] Level 1:colcon.colcon_core.environment:create_file_with_runtime_dependencies(/home/deep/assignment_ws/install/testbed_navigation/share/colcon-core/packages/testbed_navigation)
[0.441s] DEBUG:colcon.colcon_parallel_executor.executor.parallel:closing loop
[0.441s] DEBUG:colcon.colcon_parallel_executor.executor.parallel:loop closed
[0.441s] DEBUG:colcon.colcon_parallel_executor.executor.parallel:run_until_complete finished with '0'
[0.441s] DEBUG:colcon.colcon_core.event_reactor:joining thread
[0.445s] INFO:colcon.colcon_core.plugin_system:Skipping extension 'colcon_notification.desktop_notification.terminal_notifier': Not used on non-Darwin systems
[0.445s] INFO:colcon.colcon_core.plugin_system:Skipping extension 'colcon_notification.desktop_notification.win32': Not used on non-Windows systems
[0.446s] INFO:colcon.colcon_notification.desktop_notification:Sending desktop notification using 'notify2'
[0.455s] DEBUG:colcon.colcon_core.event_reactor:joined thread
[0.455s] INFO:colcon.colcon_core.shell:Creating prefix script '/home/deep/assignment_ws/install/local_setup.ps1'
[0.457s] INFO:colcon.colcon_core.shell:Creating prefix util module '/home/deep/assignment_ws/install/_local_setup_util_ps1.py'
[0.459s] INFO:colcon.colcon_core.shell:Creating prefix chain script '/home/deep/assignment_ws/install/setup.ps1'
[0.461s] INFO:colcon.colcon_core.shell:Creating prefix script '/home/deep/assignment_ws/install/local_setup.sh'
[0.461s] INFO:colcon.colcon_core.shell:Creating prefix util module '/home/deep/assignment_ws/install/_local_setup_util_sh.py'
[0.462s] INFO:colcon.colcon_core.shell:Creating prefix chain script '/home/deep/assignment_ws/install/setup.sh'
[0.464s] INFO:colcon.colcon_core.shell:Creating prefix script '/home/deep/assignment_ws/install/local_setup.bash'
[0.464s] INFO:colcon.colcon_core.shell:Creating prefix chain script '/home/deep/assignment_ws/install/setup.bash'
[0.465s] INFO:colcon.colcon_core.shell:Creating prefix script '/home/deep/assignment_ws/install/local_setup.zsh'
[0.466s] INFO:colcon.colcon_core.shell:Creating prefix chain script '/home/deep/assignment_ws/install/setup.zsh'
