[0.120s] DEBUG:colcon:Command line arguments: ['/usr/bin/colcon', 'build']
[0.120s] DEBUG:colcon:Parsed command line arguments: Namespace(log_base=None, log_level=None, verb_name='build', build_base='build', install_base='install', merge_install=False, symlink_install=False, test_result_base=None, continue_on_error=False, executor='parallel', parallel_workers=12, event_handlers=None, ignore_user_meta=False, metas=['./colcon.meta'], base_paths=['.'], packages_ignore=None, packages_ignore_regex=None, paths=None, packages_up_to=None, packages_up_to_regex=None, packages_above=None, packages_above_and_dependencies=None, packages_above_depth=None, packages_select_by_dep=None, packages_skip_by_dep=None, packages_skip_up_to=None, packages_select_build_failed=False, packages_skip_build_finished=False, packages_select_test_failures=False, packages_skip_test_passed=False, packages_select=None, packages_skip=None, packages_select_regex=None, packages_skip_regex=None, packages_start=None, packages_end=None, allow_overriding=[], cmake_args=None, cmake_target=None, cmake_target_skip_unavailable=False, cmake_clean_cache=False, cmake_clean_first=False, cmake_force_configure=False, ament_cmake_args=None, catkin_cmake_args=None, catkin_skip_building_tests=False, mixin_files=None, mixin=None, verb_parser=<colcon_mixin.mixin.mixin_argument.MixinArgumentDecorator object at 0x7274e058cd60>, verb_extension=<colcon_core.verb.build.BuildVerb object at 0x7274e058c7f0>, main=<bound method BuildVerb.main of <colcon_core.verb.build.BuildVerb object at 0x7274e058c7f0>>, mixin_verb=('build',))
[0.306s] Level 1:colcon.colcon_core.package_discovery:discover_packages(colcon_meta) check parameters
[0.306s] Level 1:colcon.colcon_core.package_discovery:discover_packages(recursive) check parameters
[0.306s] Level 1:colcon.colcon_core.package_discovery:discover_packages(ignore) check parameters
[0.306s] Level 1:colcon.colcon_core.package_discovery:discover_packages(path) check parameters
[0.306s] Level 1:colcon.colcon_core.package_discovery:discover_packages(colcon_meta) discover
[0.306s] Level 1:colcon.colcon_core.package_discovery:discover_packages(recursive) discover
[0.306s] INFO:colcon.colcon_core.package_discovery:Crawling recursively for packages in '/home/deep/assignment_ws'
[0.306s] Level 1:colcon.colcon_core.package_identification:_identify(.) by extensions ['ignore', 'ignore_ament_install']
[0.306s] Level 1:colcon.colcon_core.package_identification:_identify(.) by extension 'ignore'
[0.306s] Level 1:colcon.colcon_core.package_identification:_identify(.) by extension 'ignore_ament_install'
[0.306s] Level 1:colcon.colcon_core.package_identification:_identify(.) by extensions ['colcon_pkg']
[0.306s] Level 1:colcon.colcon_core.package_identification:_identify(.) by extension 'colcon_pkg'
[0.306s] Level 1:colcon.colcon_core.package_identification:_identify(.) by extensions ['colcon_meta']
[0.306s] Level 1:colcon.colcon_core.package_identification:_identify(.) by extension 'colcon_meta'
[0.306s] Level 1:colcon.colcon_core.package_identification:_identify(.) by extensions ['ros']
[0.306s] Level 1:colcon.colcon_core.package_identification:_identify(.) by extension 'ros'
[0.317s] Level 1:colcon.colcon_core.package_identification:_identify(.) by extensions ['cmake', 'python']
[0.317s] Level 1:colcon.colcon_core.package_identification:_identify(.) by extension 'cmake'
[0.317s] Level 1:colcon.colcon_core.package_identification:_identify(.) by extension 'python'
[0.317s] Level 1:colcon.colcon_core.package_identification:_identify(.) by extensions ['python_setup_py']
[0.317s] Level 1:colcon.colcon_core.package_identification:_identify(.) by extension 'python_setup_py'
[0.317s] Level 1:colcon.colcon_core.package_identification:_identify(build) by extensions ['ignore', 'ignore_ament_install']
[0.317s] Level 1:colcon.colcon_core.package_identification:_identify(build) by extension 'ignore'
[0.317s] Level 1:colcon.colcon_core.package_identification:_identify(build) ignored
[0.317s] Level 1:colcon.colcon_core.package_identification:_identify(install) by extensions ['ignore', 'ignore_ament_install']
[0.318s] Level 1:colcon.colcon_core.package_identification:_identify(install) by extension 'ignore'
[0.318s] Level 1:colcon.colcon_core.package_identification:_identify(install) ignored
[0.318s] Level 1:colcon.colcon_core.package_identification:_identify(log) by extensions ['ignore', 'ignore_ament_install']
[0.318s] Level 1:colcon.colcon_core.package_identification:_identify(log) by extension 'ignore'
[0.318s] Level 1:colcon.colcon_core.package_identification:_identify(log) ignored
[0.318s] Level 1:colcon.colcon_core.package_identification:_identify(src) by extensions ['ignore', 'ignore_ament_install']
[0.318s] Level 1:colcon.colcon_core.package_identification:_identify(src) by extension 'ignore'
[0.318s] Level 1:colcon.colcon_core.package_identification:_identify(src) by extension 'ignore_ament_install'
[0.318s] Level 1:colcon.colcon_core.package_identification:_identify(src) by extensions ['colcon_pkg']
[0.318s] Level 1:colcon.colcon_core.package_identification:_identify(src) by extension 'colcon_pkg'
[0.318s] Level 1:colcon.colcon_core.package_identification:_identify(src) by extensions ['colcon_meta']
[0.318s] Level 1:colcon.colcon_core.package_identification:_identify(src) by extension 'colcon_meta'
[0.318s] Level 1:colcon.colcon_core.package_identification:_identify(src) by extensions ['ros']
[0.318s] Level 1:colcon.colcon_core.package_identification:_identify(src) by extension 'ros'
[0.318s] Level 1:colcon.colcon_core.package_identification:_identify(src) by extensions ['cmake', 'python']
[0.318s] Level 1:colcon.colcon_core.package_identification:_identify(src) by extension 'cmake'
[0.318s] Level 1:colcon.colcon_core.package_identification:_identify(src) by extension 'python'
[0.318s] Level 1:colcon.colcon_core.package_identification:_identify(src) by extensions ['python_setup_py']
[0.318s] Level 1:colcon.colcon_core.package_identification:_identify(src) by extension 'python_setup_py'
[0.319s] Level 1:colcon.colcon_core.package_identification:_identify(src/ros_nav2_assignment) by extensions ['ignore', 'ignore_ament_install']
[0.319s] Level 1:colcon.colcon_core.package_identification:_identify(src/ros_nav2_assignment) by extension 'ignore'
[0.319s] Level 1:colcon.colcon_core.package_identification:_identify(src/ros_nav2_assignment) by extension 'ignore_ament_install'
[0.319s] Level 1:colcon.colcon_core.package_identification:_identify(src/ros_nav2_assignment) by extensions ['colcon_pkg']
[0.319s] Level 1:colcon.colcon_core.package_identification:_identify(src/ros_nav2_assignment) by extension 'colcon_pkg'
[0.319s] Level 1:colcon.colcon_core.package_identification:_identify(src/ros_nav2_assignment) by extensions ['colcon_meta']
[0.319s] Level 1:colcon.colcon_core.package_identification:_identify(src/ros_nav2_assignment) by extension 'colcon_meta'
[0.319s] Level 1:colcon.colcon_core.package_identification:_identify(src/ros_nav2_assignment) by extensions ['ros']
[0.319s] Level 1:colcon.colcon_core.package_identification:_identify(src/ros_nav2_assignment) by extension 'ros'
[0.319s] Level 1:colcon.colcon_core.package_identification:_identify(src/ros_nav2_assignment) by extensions ['cmake', 'python']
[0.319s] Level 1:colcon.colcon_core.package_identification:_identify(src/ros_nav2_assignment) by extension 'cmake'
[0.319s] Level 1:colcon.colcon_core.package_identification:_identify(src/ros_nav2_assignment) by extension 'python'
[0.319s] Level 1:colcon.colcon_core.package_identification:_identify(src/ros_nav2_assignment) by extensions ['python_setup_py']
[0.319s] Level 1:colcon.colcon_core.package_identification:_identify(src/ros_nav2_assignment) by extension 'python_setup_py'
[0.319s] Level 1:colcon.colcon_core.package_identification:_identify(src/ros_nav2_assignment/testbed_bringup) by extensions ['ignore', 'ignore_ament_install']
[0.319s] Level 1:colcon.colcon_core.package_identification:_identify(src/ros_nav2_assignment/testbed_bringup) by extension 'ignore'
[0.319s] Level 1:colcon.colcon_core.package_identification:_identify(src/ros_nav2_assignment/testbed_bringup) by extension 'ignore_ament_install'
[0.320s] Level 1:colcon.colcon_core.package_identification:_identify(src/ros_nav2_assignment/testbed_bringup) by extensions ['colcon_pkg']
[0.320s] Level 1:colcon.colcon_core.package_identification:_identify(src/ros_nav2_assignment/testbed_bringup) by extension 'colcon_pkg'
[0.320s] Level 1:colcon.colcon_core.package_identification:_identify(src/ros_nav2_assignment/testbed_bringup) by extensions ['colcon_meta']
[0.320s] Level 1:colcon.colcon_core.package_identification:_identify(src/ros_nav2_assignment/testbed_bringup) by extension 'colcon_meta'
[0.320s] Level 1:colcon.colcon_core.package_identification:_identify(src/ros_nav2_assignment/testbed_bringup) by extensions ['ros']
[0.320s] Level 1:colcon.colcon_core.package_identification:_identify(src/ros_nav2_assignment/testbed_bringup) by extension 'ros'
[0.323s] DEBUG:colcon.colcon_core.package_identification:Package 'src/ros_nav2_assignment/testbed_bringup' with type 'ros.ament_cmake' and name 'testbed_bringup'
[0.323s] Level 1:colcon.colcon_core.package_identification:_identify(src/ros_nav2_assignment/testbed_description) by extensions ['ignore', 'ignore_ament_install']
[0.323s] Level 1:colcon.colcon_core.package_identification:_identify(src/ros_nav2_assignment/testbed_description) by extension 'ignore'
[0.323s] Level 1:colcon.colcon_core.package_identification:_identify(src/ros_nav2_assignment/testbed_description) by extension 'ignore_ament_install'
[0.324s] Level 1:colcon.colcon_core.package_identification:_identify(src/ros_nav2_assignment/testbed_description) by extensions ['colcon_pkg']
[0.324s] Level 1:colcon.colcon_core.package_identification:_identify(src/ros_nav2_assignment/testbed_description) by extension 'colcon_pkg'
[0.324s] Level 1:colcon.colcon_core.package_identification:_identify(src/ros_nav2_assignment/testbed_description) by extensions ['colcon_meta']
[0.324s] Level 1:colcon.colcon_core.package_identification:_identify(src/ros_nav2_assignment/testbed_description) by extension 'colcon_meta'
[0.324s] Level 1:colcon.colcon_core.package_identification:_identify(src/ros_nav2_assignment/testbed_description) by extensions ['ros']
[0.324s] Level 1:colcon.colcon_core.package_identification:_identify(src/ros_nav2_assignment/testbed_description) by extension 'ros'
[0.324s] DEBUG:colcon.colcon_core.package_identification:Package 'src/ros_nav2_assignment/testbed_description' with type 'ros.ament_cmake' and name 'testbed_description'
[0.324s] Level 1:colcon.colcon_core.package_identification:_identify(src/ros_nav2_assignment/testbed_gazebo) by extensions ['ignore', 'ignore_ament_install']
[0.324s] Level 1:colcon.colcon_core.package_identification:_identify(src/ros_nav2_assignment/testbed_gazebo) by extension 'ignore'
[0.324s] Level 1:colcon.colcon_core.package_identification:_identify(src/ros_nav2_assignment/testbed_gazebo) by extension 'ignore_ament_install'
[0.325s] Level 1:colcon.colcon_core.package_identification:_identify(src/ros_nav2_assignment/testbed_gazebo) by extensions ['colcon_pkg']
[0.325s] Level 1:colcon.colcon_core.package_identification:_identify(src/ros_nav2_assignment/testbed_gazebo) by extension 'colcon_pkg'
[0.325s] Level 1:colcon.colcon_core.package_identification:_identify(src/ros_nav2_assignment/testbed_gazebo) by extensions ['colcon_meta']
[0.325s] Level 1:colcon.colcon_core.package_identification:_identify(src/ros_nav2_assignment/testbed_gazebo) by extension 'colcon_meta'
[0.325s] Level 1:colcon.colcon_core.package_identification:_identify(src/ros_nav2_assignment/testbed_gazebo) by extensions ['ros']
[0.325s] Level 1:colcon.colcon_core.package_identification:_identify(src/ros_nav2_assignment/testbed_gazebo) by extension 'ros'
[0.325s] DEBUG:colcon.colcon_core.package_identification:Package 'src/ros_nav2_assignment/testbed_gazebo' with type 'ros.ament_cmake' and name 'testbed_gazebo'
[0.325s] Level 1:colcon.colcon_core.package_identification:_identify(src/ros_nav2_assignment/testbed_navigation) by extensions ['ignore', 'ignore_ament_install']
[0.326s] Level 1:colcon.colcon_core.package_identification:_identify(src/ros_nav2_assignment/testbed_navigation) by extension 'ignore'
[0.326s] Level 1:colcon.colcon_core.package_identification:_identify(src/ros_nav2_assignment/testbed_navigation) by extension 'ignore_ament_install'
[0.326s] Level 1:colcon.colcon_core.package_identification:_identify(src/ros_nav2_assignment/testbed_navigation) by extensions ['colcon_pkg']
[0.326s] Level 1:colcon.colcon_core.package_identification:_identify(src/ros_nav2_assignment/testbed_navigation) by extension 'colcon_pkg'
[0.326s] Level 1:colcon.colcon_core.package_identification:_identify(src/ros_nav2_assignment/testbed_navigation) by extensions ['colcon_meta']
[0.326s] Level 1:colcon.colcon_core.package_identification:_identify(src/ros_nav2_assignment/testbed_navigation) by extension 'colcon_meta'
[0.326s] Level 1:colcon.colcon_core.package_identification:_identify(src/ros_nav2_assignment/testbed_navigation) by extensions ['ros']
[0.326s] Level 1:colcon.colcon_core.package_identification:_identify(src/ros_nav2_assignment/testbed_navigation) by extension 'ros'
[0.335s] DEBUG:colcon.colcon_core.package_identification:Package 'src/ros_nav2_assignment/testbed_navigation' with type 'ros.ament_cmake' and name 'testbed_navigation'
[0.335s] Level 1:colcon.colcon_core.package_discovery:discover_packages(recursive) using defaults
[0.335s] Level 1:colcon.colcon_core.package_discovery:discover_packages(ignore) discover
[0.335s] Level 1:colcon.colcon_core.package_discovery:discover_packages(ignore) using defaults
[0.335s] Level 1:colcon.colcon_core.package_discovery:discover_packages(path) discover
[0.335s] Level 1:colcon.colcon_core.package_discovery:discover_packages(path) using defaults
[0.355s] Level 1:colcon.colcon_core.package_discovery:discover_packages(prefix_path) check parameters
[0.355s] Level 1:colcon.colcon_core.package_discovery:discover_packages(prefix_path) discover
[0.357s] DEBUG:colcon.colcon_installed_package_information.package_discovery:Found 4 installed packages in /home/deep/assignment_ws/install
[0.357s] DEBUG:colcon.colcon_installed_package_information.package_discovery:Found 2 installed packages in /home/deep/shopmate_bot_ws/install
[0.358s] DEBUG:colcon.colcon_installed_package_information.package_discovery:Found 10 installed packages in /home/deep/colcon_ws/install
[0.359s] DEBUG:colcon.colcon_installed_package_information.package_discovery:Found 428 installed packages in /opt/ros/humble
[0.361s] Level 1:colcon.colcon_core.package_discovery:discover_packages(prefix_path) using defaults
[0.413s] Level 5:colcon.colcon_core.verb:set package 'testbed_bringup' build argument 'cmake_args' from command line to 'None'
[0.413s] Level 5:colcon.colcon_core.verb:set package 'testbed_bringup' build argument 'cmake_target' from command line to 'None'
[0.413s] Level 5:colcon.colcon_core.verb:set package 'testbed_bringup' build argument 'cmake_target_skip_unavailable' from command line to 'False'
[0.413s] Level 5:colcon.colcon_core.verb:set package 'testbed_bringup' build argument 'cmake_clean_cache' from command line to 'False'
[0.413s] Level 5:colcon.colcon_core.verb:set package 'testbed_bringup' build argument 'cmake_clean_first' from command line to 'False'
[0.413s] Level 5:colcon.colcon_core.verb:set package 'testbed_bringup' build argument 'cmake_force_configure' from command line to 'False'
[0.413s] Level 5:colcon.colcon_core.verb:set package 'testbed_bringup' build argument 'ament_cmake_args' from command line to 'None'
[0.413s] Level 5:colcon.colcon_core.verb:set package 'testbed_bringup' build argument 'catkin_cmake_args' from command line to 'None'
[0.413s] Level 5:colcon.colcon_core.verb:set package 'testbed_bringup' build argument 'catkin_skip_building_tests' from command line to 'False'
[0.413s] DEBUG:colcon.colcon_core.verb:Building package 'testbed_bringup' with the following arguments: {'ament_cmake_args': None, 'build_base': '/home/deep/assignment_ws/build/testbed_bringup', 'catkin_cmake_args': None, 'catkin_skip_building_tests': False, 'cmake_args': None, 'cmake_clean_cache': False, 'cmake_clean_first': False, 'cmake_force_configure': False, 'cmake_target': None, 'cmake_target_skip_unavailable': False, 'install_base': '/home/deep/assignment_ws/install/testbed_bringup', 'merge_install': False, 'path': '/home/deep/assignment_ws/src/ros_nav2_assignment/testbed_bringup', 'symlink_install': False, 'test_result_base': None}
[0.414s] Level 5:colcon.colcon_core.verb:set package 'testbed_description' build argument 'cmake_args' from command line to 'None'
[0.414s] Level 5:colcon.colcon_core.verb:set package 'testbed_description' build argument 'cmake_target' from command line to 'None'
[0.414s] Level 5:colcon.colcon_core.verb:set package 'testbed_description' build argument 'cmake_target_skip_unavailable' from command line to 'False'
[0.414s] Level 5:colcon.colcon_core.verb:set package 'testbed_description' build argument 'cmake_clean_cache' from command line to 'False'
[0.414s] Level 5:colcon.colcon_core.verb:set package 'testbed_description' build argument 'cmake_clean_first' from command line to 'False'
[0.414s] Level 5:colcon.colcon_core.verb:set package 'testbed_description' build argument 'cmake_force_configure' from command line to 'False'
[0.414s] Level 5:colcon.colcon_core.verb:set package 'testbed_description' build argument 'ament_cmake_args' from command line to 'None'
[0.414s] Level 5:colcon.colcon_core.verb:set package 'testbed_description' build argument 'catkin_cmake_args' from command line to 'None'
[0.414s] Level 5:colcon.colcon_core.verb:set package 'testbed_description' build argument 'catkin_skip_building_tests' from command line to 'False'
[0.414s] DEBUG:colcon.colcon_core.verb:Building package 'testbed_description' with the following arguments: {'ament_cmake_args': None, 'build_base': '/home/deep/assignment_ws/build/testbed_description', 'catkin_cmake_args': None, 'catkin_skip_building_tests': False, 'cmake_args': None, 'cmake_clean_cache': False, 'cmake_clean_first': False, 'cmake_force_configure': False, 'cmake_target': None, 'cmake_target_skip_unavailable': False, 'install_base': '/home/deep/assignment_ws/install/testbed_description', 'merge_install': False, 'path': '/home/deep/assignment_ws/src/ros_nav2_assignment/testbed_description', 'symlink_install': False, 'test_result_base': None}
[0.414s] Level 5:colcon.colcon_core.verb:set package 'testbed_navigation' build argument 'cmake_args' from command line to 'None'
[0.414s] Level 5:colcon.colcon_core.verb:set package 'testbed_navigation' build argument 'cmake_target' from command line to 'None'
[0.414s] Level 5:colcon.colcon_core.verb:set package 'testbed_navigation' build argument 'cmake_target_skip_unavailable' from command line to 'False'
[0.414s] Level 5:colcon.colcon_core.verb:set package 'testbed_navigation' build argument 'cmake_clean_cache' from command line to 'False'
[0.414s] Level 5:colcon.colcon_core.verb:set package 'testbed_navigation' build argument 'cmake_clean_first' from command line to 'False'
[0.414s] Level 5:colcon.colcon_core.verb:set package 'testbed_navigation' build argument 'cmake_force_configure' from command line to 'False'
[0.414s] Level 5:colcon.colcon_core.verb:set package 'testbed_navigation' build argument 'ament_cmake_args' from command line to 'None'
[0.414s] Level 5:colcon.colcon_core.verb:set package 'testbed_navigation' build argument 'catkin_cmake_args' from command line to 'None'
[0.415s] Level 5:colcon.colcon_core.verb:set package 'testbed_navigation' build argument 'catkin_skip_building_tests' from command line to 'False'
[0.415s] DEBUG:colcon.colcon_core.verb:Building package 'testbed_navigation' with the following arguments: {'ament_cmake_args': None, 'build_base': '/home/deep/assignment_ws/build/testbed_navigation', 'catkin_cmake_args': None, 'catkin_skip_building_tests': False, 'cmake_args': None, 'cmake_clean_cache': False, 'cmake_clean_first': False, 'cmake_force_configure': False, 'cmake_target': None, 'cmake_target_skip_unavailable': False, 'install_base': '/home/deep/assignment_ws/install/testbed_navigation', 'merge_install': False, 'path': '/home/deep/assignment_ws/src/ros_nav2_assignment/testbed_navigation', 'symlink_install': False, 'test_result_base': None}
[0.415s] Level 5:colcon.colcon_core.verb:set package 'testbed_gazebo' build argument 'cmake_args' from command line to 'None'
[0.415s] Level 5:colcon.colcon_core.verb:set package 'testbed_gazebo' build argument 'cmake_target' from command line to 'None'
[0.415s] Level 5:colcon.colcon_core.verb:set package 'testbed_gazebo' build argument 'cmake_target_skip_unavailable' from command line to 'False'
[0.415s] Level 5:colcon.colcon_core.verb:set package 'testbed_gazebo' build argument 'cmake_clean_cache' from command line to 'False'
[0.415s] Level 5:colcon.colcon_core.verb:set package 'testbed_gazebo' build argument 'cmake_clean_first' from command line to 'False'
[0.415s] Level 5:colcon.colcon_core.verb:set package 'testbed_gazebo' build argument 'cmake_force_configure' from command line to 'False'
[0.415s] Level 5:colcon.colcon_core.verb:set package 'testbed_gazebo' build argument 'ament_cmake_args' from command line to 'None'
[0.415s] Level 5:colcon.colcon_core.verb:set package 'testbed_gazebo' build argument 'catkin_cmake_args' from command line to 'None'
[0.415s] Level 5:colcon.colcon_core.verb:set package 'testbed_gazebo' build argument 'catkin_skip_building_tests' from command line to 'False'
[0.415s] DEBUG:colcon.colcon_core.verb:Building package 'testbed_gazebo' with the following arguments: {'ament_cmake_args': None, 'build_base': '/home/deep/assignment_ws/build/testbed_gazebo', 'catkin_cmake_args': None, 'catkin_skip_building_tests': False, 'cmake_args': None, 'cmake_clean_cache': False, 'cmake_clean_first': False, 'cmake_force_configure': False, 'cmake_target': None, 'cmake_target_skip_unavailable': False, 'install_base': '/home/deep/assignment_ws/install/testbed_gazebo', 'merge_install': False, 'path': '/home/deep/assignment_ws/src/ros_nav2_assignment/testbed_gazebo', 'symlink_install': False, 'test_result_base': None}
[0.415s] INFO:colcon.colcon_core.executor:Executing jobs using 'parallel' executor
[0.416s] DEBUG:colcon.colcon_parallel_executor.executor.parallel:run_until_complete
[0.416s] INFO:colcon.colcon_ros.task.ament_cmake.build:Building ROS package in '/home/deep/assignment_ws/src/ros_nav2_assignment/testbed_description' with build type 'ament_cmake'
[0.416s] INFO:colcon.colcon_cmake.task.cmake.build:Building CMake package in '/home/deep/assignment_ws/src/ros_nav2_assignment/testbed_description'
[0.418s] INFO:colcon.colcon_core.plugin_system:Skipping extension 'colcon_core.shell.bat': Not used on non-Windows systems
[0.419s] INFO:colcon.colcon_core.shell:Skip shell extension 'powershell' for command environment: Not usable outside of PowerShell
[0.419s] DEBUG:colcon.colcon_core.shell:Skip shell extension 'dsv' for command environment
[0.423s] INFO:colcon.colcon_ros.task.ament_cmake.build:Building ROS package in '/home/deep/assignment_ws/src/ros_nav2_assignment/testbed_bringup' with build type 'ament_cmake'
[0.423s] INFO:colcon.colcon_cmake.task.cmake.build:Building CMake package in '/home/deep/assignment_ws/src/ros_nav2_assignment/testbed_bringup'
[0.424s] INFO:colcon.colcon_core.shell:Skip shell extension 'powershell' for command environment: Not usable outside of PowerShell
[0.424s] DEBUG:colcon.colcon_core.shell:Skip shell extension 'dsv' for command environment
[0.428s] INFO:colcon.colcon_ros.task.ament_cmake.build:Building ROS package in '/home/deep/assignment_ws/src/ros_nav2_assignment/testbed_navigation' with build type 'ament_cmake'
[0.428s] INFO:colcon.colcon_cmake.task.cmake.build:Building CMake package in '/home/deep/assignment_ws/src/ros_nav2_assignment/testbed_navigation'
[0.428s] INFO:colcon.colcon_core.shell:Skip shell extension 'powershell' for command environment: Not usable outside of PowerShell
[0.428s] DEBUG:colcon.colcon_core.shell:Skip shell extension 'dsv' for command environment
[0.437s] DEBUG:colcon.colcon_core.event_handler.log_command:Invoking command in '/home/deep/assignment_ws/build/testbed_description': CMAKE_PREFIX_PATH=${CMAKE_PREFIX_PATH}:/home/deep/colcon_ws/install/task3b_solution:/home/deep/colcon_ws/install/task3a_solution:/home/deep/colcon_ws/install/task2b_solution:/home/deep/colcon_ws/install/task2_solution:/home/deep/shopmate_bot_ws/install/shopmate_bot_navigation:/home/deep/shopmate_bot_ws/install/shopmate_bot_description:/opt/ros/humble /usr/bin/cmake --build /home/deep/assignment_ws/build/testbed_description -- -j12 -l12
[0.440s] DEBUG:colcon.colcon_core.event_handler.log_command:Invoking command in '/home/deep/assignment_ws/build/testbed_bringup': CMAKE_PREFIX_PATH=${CMAKE_PREFIX_PATH}:/home/deep/colcon_ws/install/task3b_solution:/home/deep/colcon_ws/install/task3a_solution:/home/deep/colcon_ws/install/task2b_solution:/home/deep/colcon_ws/install/task2_solution:/home/deep/shopmate_bot_ws/install/shopmate_bot_navigation:/home/deep/shopmate_bot_ws/install/shopmate_bot_description:/opt/ros/humble /usr/bin/cmake --build /home/deep/assignment_ws/build/testbed_bringup -- -j12 -l12
[0.443s] DEBUG:colcon.colcon_core.event_handler.log_command:Invoking command in '/home/deep/assignment_ws/build/testbed_navigation': CMAKE_PREFIX_PATH=${CMAKE_PREFIX_PATH}:/home/deep/colcon_ws/install/task3b_solution:/home/deep/colcon_ws/install/task3a_solution:/home/deep/colcon_ws/install/task2b_solution:/home/deep/colcon_ws/install/task2_solution:/home/deep/shopmate_bot_ws/install/shopmate_bot_navigation:/home/deep/shopmate_bot_ws/install/shopmate_bot_description:/opt/ros/humble /usr/bin/cmake --build /home/deep/assignment_ws/build/testbed_navigation -- -j12 -l12
[0.469s] DEBUG:colcon.colcon_core.event_handler.log_command:Invoked command in '/home/deep/assignment_ws/build/testbed_description' returned '0': CMAKE_PREFIX_PATH=${CMAKE_PREFIX_PATH}:/home/deep/colcon_ws/install/task3b_solution:/home/deep/colcon_ws/install/task3a_solution:/home/deep/colcon_ws/install/task2b_solution:/home/deep/colcon_ws/install/task2_solution:/home/deep/shopmate_bot_ws/install/shopmate_bot_navigation:/home/deep/shopmate_bot_ws/install/shopmate_bot_description:/opt/ros/humble /usr/bin/cmake --build /home/deep/assignment_ws/build/testbed_description -- -j12 -l12
[0.478s] DEBUG:colcon.colcon_core.event_handler.log_command:Invoking command in '/home/deep/assignment_ws/build/testbed_description': CMAKE_PREFIX_PATH=${CMAKE_PREFIX_PATH}:/home/deep/colcon_ws/install/task3b_solution:/home/deep/colcon_ws/install/task3a_solution:/home/deep/colcon_ws/install/task2b_solution:/home/deep/colcon_ws/install/task2_solution:/home/deep/shopmate_bot_ws/install/shopmate_bot_navigation:/home/deep/shopmate_bot_ws/install/shopmate_bot_description:/opt/ros/humble /usr/bin/cmake --install /home/deep/assignment_ws/build/testbed_description
[0.479s] DEBUG:colcon.colcon_core.event_handler.log_command:Invoked command in '/home/deep/assignment_ws/build/testbed_navigation' returned '0': CMAKE_PREFIX_PATH=${CMAKE_PREFIX_PATH}:/home/deep/colcon_ws/install/task3b_solution:/home/deep/colcon_ws/install/task3a_solution:/home/deep/colcon_ws/install/task2b_solution:/home/deep/colcon_ws/install/task2_solution:/home/deep/shopmate_bot_ws/install/shopmate_bot_navigation:/home/deep/shopmate_bot_ws/install/shopmate_bot_description:/opt/ros/humble /usr/bin/cmake --build /home/deep/assignment_ws/build/testbed_navigation -- -j12 -l12
[0.481s] DEBUG:colcon.colcon_core.event_handler.log_command:Invoking command in '/home/deep/assignment_ws/build/testbed_navigation': CMAKE_PREFIX_PATH=${CMAKE_PREFIX_PATH}:/home/deep/colcon_ws/install/task3b_solution:/home/deep/colcon_ws/install/task3a_solution:/home/deep/colcon_ws/install/task2b_solution:/home/deep/colcon_ws/install/task2_solution:/home/deep/shopmate_bot_ws/install/shopmate_bot_navigation:/home/deep/shopmate_bot_ws/install/shopmate_bot_description:/opt/ros/humble /usr/bin/cmake --install /home/deep/assignment_ws/build/testbed_navigation
[0.481s] DEBUG:colcon.colcon_core.event_handler.log_command:Invoked command in '/home/deep/assignment_ws/build/testbed_bringup' returned '0': CMAKE_PREFIX_PATH=${CMAKE_PREFIX_PATH}:/home/deep/colcon_ws/install/task3b_solution:/home/deep/colcon_ws/install/task3a_solution:/home/deep/colcon_ws/install/task2b_solution:/home/deep/colcon_ws/install/task2_solution:/home/deep/shopmate_bot_ws/install/shopmate_bot_navigation:/home/deep/shopmate_bot_ws/install/shopmate_bot_description:/opt/ros/humble /usr/bin/cmake --build /home/deep/assignment_ws/build/testbed_bringup -- -j12 -l12
[0.483s] DEBUG:colcon.colcon_core.event_handler.log_command:Invoking command in '/home/deep/assignment_ws/build/testbed_bringup': CMAKE_PREFIX_PATH=${CMAKE_PREFIX_PATH}:/home/deep/colcon_ws/install/task3b_solution:/home/deep/colcon_ws/install/task3a_solution:/home/deep/colcon_ws/install/task2b_solution:/home/deep/colcon_ws/install/task2_solution:/home/deep/shopmate_bot_ws/install/shopmate_bot_navigation:/home/deep/shopmate_bot_ws/install/shopmate_bot_description:/opt/ros/humble /usr/bin/cmake --install /home/deep/assignment_ws/build/testbed_bringup
[0.490s] Level 1:colcon.colcon_core.environment:create_environment_scripts_only(testbed_description)
[0.494s] DEBUG:colcon.colcon_core.event_handler.log_command:Invoked command in '/home/deep/assignment_ws/build/testbed_description' returned '0': CMAKE_PREFIX_PATH=${CMAKE_PREFIX_PATH}:/home/deep/colcon_ws/install/task3b_solution:/home/deep/colcon_ws/install/task3a_solution:/home/deep/colcon_ws/install/task2b_solution:/home/deep/colcon_ws/install/task2_solution:/home/deep/shopmate_bot_ws/install/shopmate_bot_navigation:/home/deep/shopmate_bot_ws/install/shopmate_bot_description:/opt/ros/humble /usr/bin/cmake --install /home/deep/assignment_ws/build/testbed_description
[0.497s] Level 1:colcon.colcon_core.environment:checking '/home/deep/assignment_ws/install/testbed_description' for CMake module files
[0.497s] Level 1:colcon.colcon_core.environment:checking '/home/deep/assignment_ws/install/testbed_description' for CMake config files
[0.497s] Level 1:colcon.colcon_core.shell:create_environment_hook('testbed_description', 'cmake_prefix_path')
[0.498s] INFO:colcon.colcon_core.shell:Creating environment hook '/home/deep/assignment_ws/install/testbed_description/share/testbed_description/hook/cmake_prefix_path.ps1'
[0.498s] INFO:colcon.colcon_core.shell:Creating environment descriptor '/home/deep/assignment_ws/install/testbed_description/share/testbed_description/hook/cmake_prefix_path.dsv'
[0.499s] INFO:colcon.colcon_core.shell:Creating environment hook '/home/deep/assignment_ws/install/testbed_description/share/testbed_description/hook/cmake_prefix_path.sh'
[0.500s] Level 1:colcon.colcon_core.environment:checking '/home/deep/assignment_ws/install/testbed_description/bin'
[0.500s] Level 1:colcon.colcon_core.environment:checking '/home/deep/assignment_ws/install/testbed_description/lib/pkgconfig/testbed_description.pc'
[0.500s] Level 1:colcon.colcon_core.environment:checking '/home/deep/assignment_ws/install/testbed_description/lib/python3.10/site-packages'
[0.500s] Level 1:colcon.colcon_core.environment:checking '/home/deep/assignment_ws/install/testbed_description/bin'
[0.501s] INFO:colcon.colcon_core.shell:Creating package script '/home/deep/assignment_ws/install/testbed_description/share/testbed_description/package.ps1'
[0.501s] INFO:colcon.colcon_core.shell:Creating package descriptor '/home/deep/assignment_ws/install/testbed_description/share/testbed_description/package.dsv'
[0.502s] INFO:colcon.colcon_core.shell:Creating package script '/home/deep/assignment_ws/install/testbed_description/share/testbed_description/package.sh'
[0.503s] INFO:colcon.colcon_core.shell:Creating package script '/home/deep/assignment_ws/install/testbed_description/share/testbed_description/package.bash'
[0.503s] INFO:colcon.colcon_core.shell:Creating package script '/home/deep/assignment_ws/install/testbed_description/share/testbed_description/package.zsh'
[0.504s] Level 1:colcon.colcon_core.environment:create_file_with_runtime_dependencies(/home/deep/assignment_ws/install/testbed_description/share/colcon-core/packages/testbed_description)
[0.505s] Level 1:colcon.colcon_core.environment:create_environment_scripts_only(testbed_description)
[0.505s] Level 1:colcon.colcon_core.environment:checking '/home/deep/assignment_ws/install/testbed_description' for CMake module files
[0.505s] Level 1:colcon.colcon_core.environment:checking '/home/deep/assignment_ws/install/testbed_description' for CMake config files
[0.506s] Level 1:colcon.colcon_core.shell:create_environment_hook('testbed_description', 'cmake_prefix_path')
[0.506s] INFO:colcon.colcon_core.shell:Creating environment hook '/home/deep/assignment_ws/install/testbed_description/share/testbed_description/hook/cmake_prefix_path.ps1'
[0.506s] INFO:colcon.colcon_core.shell:Creating environment descriptor '/home/deep/assignment_ws/install/testbed_description/share/testbed_description/hook/cmake_prefix_path.dsv'
[0.507s] INFO:colcon.colcon_core.shell:Creating environment hook '/home/deep/assignment_ws/install/testbed_description/share/testbed_description/hook/cmake_prefix_path.sh'
[0.507s] Level 1:colcon.colcon_core.environment:checking '/home/deep/assignment_ws/install/testbed_description/bin'
[0.507s] Level 1:colcon.colcon_core.environment:checking '/home/deep/assignment_ws/install/testbed_description/lib/pkgconfig/testbed_description.pc'
[0.507s] Level 1:colcon.colcon_core.environment:checking '/home/deep/assignment_ws/install/testbed_description/lib/python3.10/site-packages'
[0.508s] Level 1:colcon.colcon_core.environment:checking '/home/deep/assignment_ws/install/testbed_description/bin'
[0.508s] INFO:colcon.colcon_core.shell:Creating package script '/home/deep/assignment_ws/install/testbed_description/share/testbed_description/package.ps1'
[0.509s] INFO:colcon.colcon_core.shell:Creating package descriptor '/home/deep/assignment_ws/install/testbed_description/share/testbed_description/package.dsv'
[0.509s] INFO:colcon.colcon_core.shell:Creating package script '/home/deep/assignment_ws/install/testbed_description/share/testbed_description/package.sh'
[0.510s] INFO:colcon.colcon_core.shell:Creating package script '/home/deep/assignment_ws/install/testbed_description/share/testbed_description/package.bash'
[0.510s] INFO:colcon.colcon_core.shell:Creating package script '/home/deep/assignment_ws/install/testbed_description/share/testbed_description/package.zsh'
[0.510s] Level 1:colcon.colcon_core.environment:create_file_with_runtime_dependencies(/home/deep/assignment_ws/install/testbed_description/share/colcon-core/packages/testbed_description)
[0.511s] INFO:colcon.colcon_ros.task.ament_cmake.build:Building ROS package in '/home/deep/assignment_ws/src/ros_nav2_assignment/testbed_gazebo' with build type 'ament_cmake'
[0.511s] INFO:colcon.colcon_cmake.task.cmake.build:Building CMake package in '/home/deep/assignment_ws/src/ros_nav2_assignment/testbed_gazebo'
[0.511s] INFO:colcon.colcon_core.shell:Skip shell extension 'powershell' for command environment: Not usable outside of PowerShell
[0.511s] DEBUG:colcon.colcon_core.shell:Skip shell extension 'dsv' for command environment
[0.517s] Level 1:colcon.colcon_core.environment:create_environment_scripts_only(testbed_navigation)
[0.518s] Level 1:colcon.colcon_core.environment:checking '/home/deep/assignment_ws/install/testbed_navigation' for CMake module files
[0.518s] DEBUG:colcon.colcon_core.event_handler.log_command:Invoked command in '/home/deep/assignment_ws/build/testbed_navigation' returned '0': CMAKE_PREFIX_PATH=${CMAKE_PREFIX_PATH}:/home/deep/colcon_ws/install/task3b_solution:/home/deep/colcon_ws/install/task3a_solution:/home/deep/colcon_ws/install/task2b_solution:/home/deep/colcon_ws/install/task2_solution:/home/deep/shopmate_bot_ws/install/shopmate_bot_navigation:/home/deep/shopmate_bot_ws/install/shopmate_bot_description:/opt/ros/humble /usr/bin/cmake --install /home/deep/assignment_ws/build/testbed_navigation
[0.519s] Level 1:colcon.colcon_core.environment:checking '/home/deep/assignment_ws/install/testbed_navigation' for CMake config files
[0.519s] Level 1:colcon.colcon_core.shell:create_environment_hook('testbed_navigation', 'cmake_prefix_path')
[0.519s] INFO:colcon.colcon_core.shell:Creating environment hook '/home/deep/assignment_ws/install/testbed_navigation/share/testbed_navigation/hook/cmake_prefix_path.ps1'
[0.520s] INFO:colcon.colcon_core.shell:Creating environment descriptor '/home/deep/assignment_ws/install/testbed_navigation/share/testbed_navigation/hook/cmake_prefix_path.dsv'
[0.520s] INFO:colcon.colcon_core.shell:Creating environment hook '/home/deep/assignment_ws/install/testbed_navigation/share/testbed_navigation/hook/cmake_prefix_path.sh'
[0.521s] Level 1:colcon.colcon_core.environment:checking '/home/deep/assignment_ws/install/testbed_navigation/bin'
[0.521s] Level 1:colcon.colcon_core.environment:checking '/home/deep/assignment_ws/install/testbed_navigation/lib/pkgconfig/testbed_navigation.pc'
[0.521s] Level 1:colcon.colcon_core.environment:checking '/home/deep/assignment_ws/install/testbed_navigation/lib/python3.10/site-packages'
[0.521s] Level 1:colcon.colcon_core.environment:checking '/home/deep/assignment_ws/install/testbed_navigation/bin'
[0.522s] INFO:colcon.colcon_core.shell:Creating package script '/home/deep/assignment_ws/install/testbed_navigation/share/testbed_navigation/package.ps1'
[0.522s] INFO:colcon.colcon_core.shell:Creating package descriptor '/home/deep/assignment_ws/install/testbed_navigation/share/testbed_navigation/package.dsv'
[0.523s] INFO:colcon.colcon_core.shell:Creating package script '/home/deep/assignment_ws/install/testbed_navigation/share/testbed_navigation/package.sh'
[0.523s] INFO:colcon.colcon_core.shell:Creating package script '/home/deep/assignment_ws/install/testbed_navigation/share/testbed_navigation/package.bash'
[0.523s] INFO:colcon.colcon_core.shell:Creating package script '/home/deep/assignment_ws/install/testbed_navigation/share/testbed_navigation/package.zsh'
[0.524s] Level 1:colcon.colcon_core.environment:create_file_with_runtime_dependencies(/home/deep/assignment_ws/install/testbed_navigation/share/colcon-core/packages/testbed_navigation)
[0.525s] Level 1:colcon.colcon_core.environment:create_environment_scripts_only(testbed_navigation)
[0.525s] Level 1:colcon.colcon_core.environment:checking '/home/deep/assignment_ws/install/testbed_navigation' for CMake module files
[0.525s] Level 1:colcon.colcon_core.environment:checking '/home/deep/assignment_ws/install/testbed_navigation' for CMake config files
[0.525s] Level 1:colcon.colcon_core.shell:create_environment_hook('testbed_navigation', 'cmake_prefix_path')
[0.526s] INFO:colcon.colcon_core.shell:Creating environment hook '/home/deep/assignment_ws/install/testbed_navigation/share/testbed_navigation/hook/cmake_prefix_path.ps1'
[0.526s] INFO:colcon.colcon_core.shell:Creating environment descriptor '/home/deep/assignment_ws/install/testbed_navigation/share/testbed_navigation/hook/cmake_prefix_path.dsv'
[0.526s] INFO:colcon.colcon_core.shell:Creating environment hook '/home/deep/assignment_ws/install/testbed_navigation/share/testbed_navigation/hook/cmake_prefix_path.sh'
[0.527s] Level 1:colcon.colcon_core.environment:checking '/home/deep/assignment_ws/install/testbed_navigation/bin'
[0.527s] Level 1:colcon.colcon_core.environment:checking '/home/deep/assignment_ws/install/testbed_navigation/lib/pkgconfig/testbed_navigation.pc'
[0.527s] Level 1:colcon.colcon_core.environment:checking '/home/deep/assignment_ws/install/testbed_navigation/lib/python3.10/site-packages'
[0.528s] Level 1:colcon.colcon_core.environment:checking '/home/deep/assignment_ws/install/testbed_navigation/bin'
[0.528s] INFO:colcon.colcon_core.shell:Creating package script '/home/deep/assignment_ws/install/testbed_navigation/share/testbed_navigation/package.ps1'
[0.528s] INFO:colcon.colcon_core.shell:Creating package descriptor '/home/deep/assignment_ws/install/testbed_navigation/share/testbed_navigation/package.dsv'
[0.529s] INFO:colcon.colcon_core.shell:Creating package script '/home/deep/assignment_ws/install/testbed_navigation/share/testbed_navigation/package.sh'
[0.529s] INFO:colcon.colcon_core.shell:Creating package script '/home/deep/assignment_ws/install/testbed_navigation/share/testbed_navigation/package.bash'
[0.530s] INFO:colcon.colcon_core.shell:Creating package script '/home/deep/assignment_ws/install/testbed_navigation/share/testbed_navigation/package.zsh'
[0.530s] Level 1:colcon.colcon_core.environment:create_file_with_runtime_dependencies(/home/deep/assignment_ws/install/testbed_navigation/share/colcon-core/packages/testbed_navigation)
[0.531s] Level 1:colcon.colcon_core.environment:create_environment_scripts_only(testbed_bringup)
[0.531s] Level 1:colcon.colcon_core.environment:checking '/home/deep/assignment_ws/install/testbed_bringup' for CMake module files
[0.532s] DEBUG:colcon.colcon_core.event_handler.log_command:Invoked command in '/home/deep/assignment_ws/build/testbed_bringup' returned '0': CMAKE_PREFIX_PATH=${CMAKE_PREFIX_PATH}:/home/deep/colcon_ws/install/task3b_solution:/home/deep/colcon_ws/install/task3a_solution:/home/deep/colcon_ws/install/task2b_solution:/home/deep/colcon_ws/install/task2_solution:/home/deep/shopmate_bot_ws/install/shopmate_bot_navigation:/home/deep/shopmate_bot_ws/install/shopmate_bot_description:/opt/ros/humble /usr/bin/cmake --install /home/deep/assignment_ws/build/testbed_bringup
[0.532s] Level 1:colcon.colcon_core.environment:checking '/home/deep/assignment_ws/install/testbed_bringup' for CMake config files
[0.533s] Level 1:colcon.colcon_core.shell:create_environment_hook('testbed_bringup', 'cmake_prefix_path')
[0.533s] INFO:colcon.colcon_core.shell:Creating environment hook '/home/deep/assignment_ws/install/testbed_bringup/share/testbed_bringup/hook/cmake_prefix_path.ps1'
[0.533s] INFO:colcon.colcon_core.shell:Creating environment descriptor '/home/deep/assignment_ws/install/testbed_bringup/share/testbed_bringup/hook/cmake_prefix_path.dsv'
[0.534s] INFO:colcon.colcon_core.shell:Creating environment hook '/home/deep/assignment_ws/install/testbed_bringup/share/testbed_bringup/hook/cmake_prefix_path.sh'
[0.534s] Level 1:colcon.colcon_core.environment:checking '/home/deep/assignment_ws/install/testbed_bringup/bin'
[0.534s] Level 1:colcon.colcon_core.environment:checking '/home/deep/assignment_ws/install/testbed_bringup/lib/pkgconfig/testbed_bringup.pc'
[0.534s] Level 1:colcon.colcon_core.environment:checking '/home/deep/assignment_ws/install/testbed_bringup/lib/python3.10/site-packages'
[0.535s] Level 1:colcon.colcon_core.environment:checking '/home/deep/assignment_ws/install/testbed_bringup/bin'
[0.535s] INFO:colcon.colcon_core.shell:Creating package script '/home/deep/assignment_ws/install/testbed_bringup/share/testbed_bringup/package.ps1'
[0.536s] INFO:colcon.colcon_core.shell:Creating package descriptor '/home/deep/assignment_ws/install/testbed_bringup/share/testbed_bringup/package.dsv'
[0.536s] INFO:colcon.colcon_core.shell:Creating package script '/home/deep/assignment_ws/install/testbed_bringup/share/testbed_bringup/package.sh'
[0.536s] INFO:colcon.colcon_core.shell:Creating package script '/home/deep/assignment_ws/install/testbed_bringup/share/testbed_bringup/package.bash'
[0.537s] INFO:colcon.colcon_core.shell:Creating package script '/home/deep/assignment_ws/install/testbed_bringup/share/testbed_bringup/package.zsh'
[0.537s] Level 1:colcon.colcon_core.environment:create_file_with_runtime_dependencies(/home/deep/assignment_ws/install/testbed_bringup/share/colcon-core/packages/testbed_bringup)
[0.538s] Level 1:colcon.colcon_core.environment:create_environment_scripts_only(testbed_bringup)
[0.538s] Level 1:colcon.colcon_core.environment:checking '/home/deep/assignment_ws/install/testbed_bringup' for CMake module files
[0.538s] Level 1:colcon.colcon_core.environment:checking '/home/deep/assignment_ws/install/testbed_bringup' for CMake config files
[0.538s] Level 1:colcon.colcon_core.shell:create_environment_hook('testbed_bringup', 'cmake_prefix_path')
[0.539s] INFO:colcon.colcon_core.shell:Creating environment hook '/home/deep/assignment_ws/install/testbed_bringup/share/testbed_bringup/hook/cmake_prefix_path.ps1'
[0.539s] INFO:colcon.colcon_core.shell:Creating environment descriptor '/home/deep/assignment_ws/install/testbed_bringup/share/testbed_bringup/hook/cmake_prefix_path.dsv'
[0.539s] INFO:colcon.colcon_core.shell:Creating environment hook '/home/deep/assignment_ws/install/testbed_bringup/share/testbed_bringup/hook/cmake_prefix_path.sh'
[0.540s] Level 1:colcon.colcon_core.environment:checking '/home/deep/assignment_ws/install/testbed_bringup/bin'
[0.540s] Level 1:colcon.colcon_core.environment:checking '/home/deep/assignment_ws/install/testbed_bringup/lib/pkgconfig/testbed_bringup.pc'
[0.540s] Level 1:colcon.colcon_core.environment:checking '/home/deep/assignment_ws/install/testbed_bringup/lib/python3.10/site-packages'
[0.541s] Level 1:colcon.colcon_core.environment:checking '/home/deep/assignment_ws/install/testbed_bringup/bin'
[0.541s] INFO:colcon.colcon_core.shell:Creating package script '/home/deep/assignment_ws/install/testbed_bringup/share/testbed_bringup/package.ps1'
[0.541s] INFO:colcon.colcon_core.shell:Creating package descriptor '/home/deep/assignment_ws/install/testbed_bringup/share/testbed_bringup/package.dsv'
[0.542s] INFO:colcon.colcon_core.shell:Creating package script '/home/deep/assignment_ws/install/testbed_bringup/share/testbed_bringup/package.sh'
[0.542s] INFO:colcon.colcon_core.shell:Creating package script '/home/deep/assignment_ws/install/testbed_bringup/share/testbed_bringup/package.bash'
[0.543s] INFO:colcon.colcon_core.shell:Creating package script '/home/deep/assignment_ws/install/testbed_bringup/share/testbed_bringup/package.zsh'
[0.543s] Level 1:colcon.colcon_core.environment:create_file_with_runtime_dependencies(/home/deep/assignment_ws/install/testbed_bringup/share/colcon-core/packages/testbed_bringup)
[0.546s] DEBUG:colcon.colcon_core.event_handler.log_command:Invoking command in '/home/deep/assignment_ws/build/testbed_gazebo': CMAKE_PREFIX_PATH=/home/deep/assignment_ws/install/testbed_description:/home/deep/assignment_ws/install/testbed_navigation:/home/deep/assignment_ws/install/testbed_gazebo:/home/deep/assignment_ws/install/testbed_bringup:/home/deep/colcon_ws/install/ur_simulation_gz:/home/deep/colcon_ws/install/ur_description:/home/deep/colcon_ws/install/ur5_control:/home/deep/colcon_ws/install/linkattacher_msgs:/home/deep/colcon_ws/install/eyantra_warehouse:/home/deep/colcon_ws/install/ebot_description:/home/deep/colcon_ws/install/task3b_solution:/home/deep/colcon_ws/install/task3a_solution:/home/deep/colcon_ws/install/task2b_solution:/home/deep/colcon_ws/install/task2_solution:/home/deep/shopmate_bot_ws/install/shopmate_bot_navigation:/home/deep/shopmate_bot_ws/install/shopmate_bot_description:/opt/ros/humble /usr/bin/cmake --build /home/deep/assignment_ws/build/testbed_gazebo -- -j12 -l12
[0.580s] DEBUG:colcon.colcon_core.event_handler.log_command:Invoked command in '/home/deep/assignment_ws/build/testbed_gazebo' returned '0': CMAKE_PREFIX_PATH=/home/deep/assignment_ws/install/testbed_description:/home/deep/assignment_ws/install/testbed_navigation:/home/deep/assignment_ws/install/testbed_gazebo:/home/deep/assignment_ws/install/testbed_bringup:/home/deep/colcon_ws/install/ur_simulation_gz:/home/deep/colcon_ws/install/ur_description:/home/deep/colcon_ws/install/ur5_control:/home/deep/colcon_ws/install/linkattacher_msgs:/home/deep/colcon_ws/install/eyantra_warehouse:/home/deep/colcon_ws/install/ebot_description:/home/deep/colcon_ws/install/task3b_solution:/home/deep/colcon_ws/install/task3a_solution:/home/deep/colcon_ws/install/task2b_solution:/home/deep/colcon_ws/install/task2_solution:/home/deep/shopmate_bot_ws/install/shopmate_bot_navigation:/home/deep/shopmate_bot_ws/install/shopmate_bot_description:/opt/ros/humble /usr/bin/cmake --build /home/deep/assignment_ws/build/testbed_gazebo -- -j12 -l12
[0.581s] DEBUG:colcon.colcon_core.event_handler.log_command:Invoking command in '/home/deep/assignment_ws/build/testbed_gazebo': CMAKE_PREFIX_PATH=/home/deep/assignment_ws/install/testbed_description:/home/deep/assignment_ws/install/testbed_navigation:/home/deep/assignment_ws/install/testbed_gazebo:/home/deep/assignment_ws/install/testbed_bringup:/home/deep/colcon_ws/install/ur_simulation_gz:/home/deep/colcon_ws/install/ur_description:/home/deep/colcon_ws/install/ur5_control:/home/deep/colcon_ws/install/linkattacher_msgs:/home/deep/colcon_ws/install/eyantra_warehouse:/home/deep/colcon_ws/install/ebot_description:/home/deep/colcon_ws/install/task3b_solution:/home/deep/colcon_ws/install/task3a_solution:/home/deep/colcon_ws/install/task2b_solution:/home/deep/colcon_ws/install/task2_solution:/home/deep/shopmate_bot_ws/install/shopmate_bot_navigation:/home/deep/shopmate_bot_ws/install/shopmate_bot_description:/opt/ros/humble /usr/bin/cmake --install /home/deep/assignment_ws/build/testbed_gazebo
[0.591s] Level 1:colcon.colcon_core.environment:create_environment_scripts_only(testbed_gazebo)
[0.592s] Level 1:colcon.colcon_core.environment:checking '/home/deep/assignment_ws/install/testbed_gazebo' for CMake module files
[0.593s] DEBUG:colcon.colcon_core.event_handler.log_command:Invoked command in '/home/deep/assignment_ws/build/testbed_gazebo' returned '0': CMAKE_PREFIX_PATH=/home/deep/assignment_ws/install/testbed_description:/home/deep/assignment_ws/install/testbed_navigation:/home/deep/assignment_ws/install/testbed_gazebo:/home/deep/assignment_ws/install/testbed_bringup:/home/deep/colcon_ws/install/ur_simulation_gz:/home/deep/colcon_ws/install/ur_description:/home/deep/colcon_ws/install/ur5_control:/home/deep/colcon_ws/install/linkattacher_msgs:/home/deep/colcon_ws/install/eyantra_warehouse:/home/deep/colcon_ws/install/ebot_description:/home/deep/colcon_ws/install/task3b_solution:/home/deep/colcon_ws/install/task3a_solution:/home/deep/colcon_ws/install/task2b_solution:/home/deep/colcon_ws/install/task2_solution:/home/deep/shopmate_bot_ws/install/shopmate_bot_navigation:/home/deep/shopmate_bot_ws/install/shopmate_bot_description:/opt/ros/humble /usr/bin/cmake --install /home/deep/assignment_ws/build/testbed_gazebo
[0.594s] Level 1:colcon.colcon_core.environment:checking '/home/deep/assignment_ws/install/testbed_gazebo' for CMake config files
[0.594s] Level 1:colcon.colcon_core.shell:create_environment_hook('testbed_gazebo', 'cmake_prefix_path')
[0.594s] INFO:colcon.colcon_core.shell:Creating environment hook '/home/deep/assignment_ws/install/testbed_gazebo/share/testbed_gazebo/hook/cmake_prefix_path.ps1'
[0.594s] INFO:colcon.colcon_core.shell:Creating environment descriptor '/home/deep/assignment_ws/install/testbed_gazebo/share/testbed_gazebo/hook/cmake_prefix_path.dsv'
[0.595s] INFO:colcon.colcon_core.shell:Creating environment hook '/home/deep/assignment_ws/install/testbed_gazebo/share/testbed_gazebo/hook/cmake_prefix_path.sh'
[0.595s] Level 1:colcon.colcon_core.environment:checking '/home/deep/assignment_ws/install/testbed_gazebo/bin'
[0.595s] Level 1:colcon.colcon_core.environment:checking '/home/deep/assignment_ws/install/testbed_gazebo/lib/pkgconfig/testbed_gazebo.pc'
[0.596s] Level 1:colcon.colcon_core.environment:checking '/home/deep/assignment_ws/install/testbed_gazebo/lib/python3.10/site-packages'
[0.596s] Level 1:colcon.colcon_core.environment:checking '/home/deep/assignment_ws/install/testbed_gazebo/bin'
[0.596s] INFO:colcon.colcon_core.shell:Creating package script '/home/deep/assignment_ws/install/testbed_gazebo/share/testbed_gazebo/package.ps1'
[0.597s] INFO:colcon.colcon_core.shell:Creating package descriptor '/home/deep/assignment_ws/install/testbed_gazebo/share/testbed_gazebo/package.dsv'
[0.597s] INFO:colcon.colcon_core.shell:Creating package script '/home/deep/assignment_ws/install/testbed_gazebo/share/testbed_gazebo/package.sh'
[0.597s] INFO:colcon.colcon_core.shell:Creating package script '/home/deep/assignment_ws/install/testbed_gazebo/share/testbed_gazebo/package.bash'
[0.598s] INFO:colcon.colcon_core.shell:Creating package script '/home/deep/assignment_ws/install/testbed_gazebo/share/testbed_gazebo/package.zsh'
[0.598s] Level 1:colcon.colcon_core.environment:create_file_with_runtime_dependencies(/home/deep/assignment_ws/install/testbed_gazebo/share/colcon-core/packages/testbed_gazebo)
[0.599s] Level 1:colcon.colcon_core.environment:create_environment_scripts_only(testbed_gazebo)
[0.599s] Level 1:colcon.colcon_core.environment:checking '/home/deep/assignment_ws/install/testbed_gazebo' for CMake module files
[0.599s] Level 1:colcon.colcon_core.environment:checking '/home/deep/assignment_ws/install/testbed_gazebo' for CMake config files
[0.599s] Level 1:colcon.colcon_core.shell:create_environment_hook('testbed_gazebo', 'cmake_prefix_path')
[0.600s] INFO:colcon.colcon_core.shell:Creating environment hook '/home/deep/assignment_ws/install/testbed_gazebo/share/testbed_gazebo/hook/cmake_prefix_path.ps1'
[0.600s] INFO:colcon.colcon_core.shell:Creating environment descriptor '/home/deep/assignment_ws/install/testbed_gazebo/share/testbed_gazebo/hook/cmake_prefix_path.dsv'
[0.600s] INFO:colcon.colcon_core.shell:Creating environment hook '/home/deep/assignment_ws/install/testbed_gazebo/share/testbed_gazebo/hook/cmake_prefix_path.sh'
[0.601s] Level 1:colcon.colcon_core.environment:checking '/home/deep/assignment_ws/install/testbed_gazebo/bin'
[0.601s] Level 1:colcon.colcon_core.environment:checking '/home/deep/assignment_ws/install/testbed_gazebo/lib/pkgconfig/testbed_gazebo.pc'
[0.601s] Level 1:colcon.colcon_core.environment:checking '/home/deep/assignment_ws/install/testbed_gazebo/lib/python3.10/site-packages'
[0.601s] Level 1:colcon.colcon_core.environment:checking '/home/deep/assignment_ws/install/testbed_gazebo/bin'
[0.602s] INFO:colcon.colcon_core.shell:Creating package script '/home/deep/assignment_ws/install/testbed_gazebo/share/testbed_gazebo/package.ps1'
[0.602s] INFO:colcon.colcon_core.shell:Creating package descriptor '/home/deep/assignment_ws/install/testbed_gazebo/share/testbed_gazebo/package.dsv'
[0.603s] INFO:colcon.colcon_core.shell:Creating package script '/home/deep/assignment_ws/install/testbed_gazebo/share/testbed_gazebo/package.sh'
[0.603s] INFO:colcon.colcon_core.shell:Creating package script '/home/deep/assignment_ws/install/testbed_gazebo/share/testbed_gazebo/package.bash'
[0.604s] INFO:colcon.colcon_core.shell:Creating package script '/home/deep/assignment_ws/install/testbed_gazebo/share/testbed_gazebo/package.zsh'
[0.604s] Level 1:colcon.colcon_core.environment:create_file_with_runtime_dependencies(/home/deep/assignment_ws/install/testbed_gazebo/share/colcon-core/packages/testbed_gazebo)
[0.604s] DEBUG:colcon.colcon_parallel_executor.executor.parallel:closing loop
[0.605s] DEBUG:colcon.colcon_parallel_executor.executor.parallel:loop closed
[0.605s] DEBUG:colcon.colcon_parallel_executor.executor.parallel:run_until_complete finished with '0'
[0.605s] DEBUG:colcon.colcon_core.event_reactor:joining thread
[0.610s] INFO:colcon.colcon_core.plugin_system:Skipping extension 'colcon_notification.desktop_notification.terminal_notifier': Not used on non-Darwin systems
[0.610s] INFO:colcon.colcon_core.plugin_system:Skipping extension 'colcon_notification.desktop_notification.win32': Not used on non-Windows systems
[0.610s] INFO:colcon.colcon_notification.desktop_notification:Sending desktop notification using 'notify2'
[0.616s] DEBUG:colcon.colcon_core.event_reactor:joined thread
[0.616s] INFO:colcon.colcon_core.shell:Creating prefix script '/home/deep/assignment_ws/install/local_setup.ps1'
[0.617s] INFO:colcon.colcon_core.shell:Creating prefix util module '/home/deep/assignment_ws/install/_local_setup_util_ps1.py'
[0.619s] INFO:colcon.colcon_core.shell:Creating prefix chain script '/home/deep/assignment_ws/install/setup.ps1'
[0.621s] INFO:colcon.colcon_core.shell:Creating prefix script '/home/deep/assignment_ws/install/local_setup.sh'
[0.621s] INFO:colcon.colcon_core.shell:Creating prefix util module '/home/deep/assignment_ws/install/_local_setup_util_sh.py'
[0.622s] INFO:colcon.colcon_core.shell:Creating prefix chain script '/home/deep/assignment_ws/install/setup.sh'
[0.623s] INFO:colcon.colcon_core.shell:Creating prefix script '/home/deep/assignment_ws/install/local_setup.bash'
[0.624s] INFO:colcon.colcon_core.shell:Creating prefix chain script '/home/deep/assignment_ws/install/setup.bash'
[0.625s] INFO:colcon.colcon_core.shell:Creating prefix script '/home/deep/assignment_ws/install/local_setup.zsh'
[0.626s] INFO:colcon.colcon_core.shell:Creating prefix chain script '/home/deep/assignment_ws/install/setup.zsh'
