[0.094s] DEBUG:colcon:Command line arguments: ['/usr/bin/colcon', 'build']
[0.094s] DEBUG:colcon:Parsed command line arguments: Namespace(log_base=None, log_level=None, verb_name='build', build_base='build', install_base='install', merge_install=False, symlink_install=False, test_result_base=None, continue_on_error=False, executor='parallel', parallel_workers=12, event_handlers=None, ignore_user_meta=False, metas=['./colcon.meta'], base_paths=['.'], packages_ignore=None, packages_ignore_regex=None, paths=None, packages_up_to=None, packages_up_to_regex=None, packages_above=None, packages_above_and_dependencies=None, packages_above_depth=None, packages_select_by_dep=None, packages_skip_by_dep=None, packages_skip_up_to=None, packages_select_build_failed=False, packages_skip_build_finished=False, packages_select_test_failures=False, packages_skip_test_passed=False, packages_select=None, packages_skip=None, packages_select_regex=None, packages_skip_regex=None, packages_start=None, packages_end=None, allow_overriding=[], cmake_args=None, cmake_target=None, cmake_target_skip_unavailable=False, cmake_clean_cache=False, cmake_clean_first=False, cmake_force_configure=False, ament_cmake_args=None, catkin_cmake_args=None, catkin_skip_building_tests=False, mixin_files=None, mixin=None, verb_parser=<colcon_mixin.mixin.mixin_argument.MixinArgumentDecorator object at 0x7abc2de80d60>, verb_extension=<colcon_core.verb.build.BuildVerb object at 0x7abc2de807f0>, main=<bound method BuildVerb.main of <colcon_core.verb.build.BuildVerb object at 0x7abc2de807f0>>, mixin_verb=('build',))
[0.259s] Level 1:colcon.colcon_core.package_discovery:discover_packages(colcon_meta) check parameters
[0.259s] Level 1:colcon.colcon_core.package_discovery:discover_packages(recursive) check parameters
[0.259s] Level 1:colcon.colcon_core.package_discovery:discover_packages(ignore) check parameters
[0.259s] Level 1:colcon.colcon_core.package_discovery:discover_packages(path) check parameters
[0.259s] Level 1:colcon.colcon_core.package_discovery:discover_packages(colcon_meta) discover
[0.259s] Level 1:colcon.colcon_core.package_discovery:discover_packages(recursive) discover
[0.259s] INFO:colcon.colcon_core.package_discovery:Crawling recursively for packages in '/home/deep/assignment_ws'
[0.259s] Level 1:colcon.colcon_core.package_identification:_identify(.) by extensions ['ignore', 'ignore_ament_install']
[0.259s] Level 1:colcon.colcon_core.package_identification:_identify(.) by extension 'ignore'
[0.259s] Level 1:colcon.colcon_core.package_identification:_identify(.) by extension 'ignore_ament_install'
[0.259s] Level 1:colcon.colcon_core.package_identification:_identify(.) by extensions ['colcon_pkg']
[0.259s] Level 1:colcon.colcon_core.package_identification:_identify(.) by extension 'colcon_pkg'
[0.259s] Level 1:colcon.colcon_core.package_identification:_identify(.) by extensions ['colcon_meta']
[0.259s] Level 1:colcon.colcon_core.package_identification:_identify(.) by extension 'colcon_meta'
[0.259s] Level 1:colcon.colcon_core.package_identification:_identify(.) by extensions ['ros']
[0.259s] Level 1:colcon.colcon_core.package_identification:_identify(.) by extension 'ros'
[0.268s] Level 1:colcon.colcon_core.package_identification:_identify(.) by extensions ['cmake', 'python']
[0.268s] Level 1:colcon.colcon_core.package_identification:_identify(.) by extension 'cmake'
[0.268s] Level 1:colcon.colcon_core.package_identification:_identify(.) by extension 'python'
[0.268s] Level 1:colcon.colcon_core.package_identification:_identify(.) by extensions ['python_setup_py']
[0.268s] Level 1:colcon.colcon_core.package_identification:_identify(.) by extension 'python_setup_py'
[0.268s] Level 1:colcon.colcon_core.package_identification:_identify(build) by extensions ['ignore', 'ignore_ament_install']
[0.269s] Level 1:colcon.colcon_core.package_identification:_identify(build) by extension 'ignore'
[0.269s] Level 1:colcon.colcon_core.package_identification:_identify(build) ignored
[0.269s] Level 1:colcon.colcon_core.package_identification:_identify(install) by extensions ['ignore', 'ignore_ament_install']
[0.269s] Level 1:colcon.colcon_core.package_identification:_identify(install) by extension 'ignore'
[0.269s] Level 1:colcon.colcon_core.package_identification:_identify(install) ignored
[0.269s] Level 1:colcon.colcon_core.package_identification:_identify(log) by extensions ['ignore', 'ignore_ament_install']
[0.269s] Level 1:colcon.colcon_core.package_identification:_identify(log) by extension 'ignore'
[0.269s] Level 1:colcon.colcon_core.package_identification:_identify(log) ignored
[0.269s] Level 1:colcon.colcon_core.package_identification:_identify(src) by extensions ['ignore', 'ignore_ament_install']
[0.269s] Level 1:colcon.colcon_core.package_identification:_identify(src) by extension 'ignore'
[0.269s] Level 1:colcon.colcon_core.package_identification:_identify(src) by extension 'ignore_ament_install'
[0.269s] Level 1:colcon.colcon_core.package_identification:_identify(src) by extensions ['colcon_pkg']
[0.269s] Level 1:colcon.colcon_core.package_identification:_identify(src) by extension 'colcon_pkg'
[0.269s] Level 1:colcon.colcon_core.package_identification:_identify(src) by extensions ['colcon_meta']
[0.269s] Level 1:colcon.colcon_core.package_identification:_identify(src) by extension 'colcon_meta'
[0.269s] Level 1:colcon.colcon_core.package_identification:_identify(src) by extensions ['ros']
[0.269s] Level 1:colcon.colcon_core.package_identification:_identify(src) by extension 'ros'
[0.270s] Level 1:colcon.colcon_core.package_identification:_identify(src) by extensions ['cmake', 'python']
[0.270s] Level 1:colcon.colcon_core.package_identification:_identify(src) by extension 'cmake'
[0.270s] Level 1:colcon.colcon_core.package_identification:_identify(src) by extension 'python'
[0.270s] Level 1:colcon.colcon_core.package_identification:_identify(src) by extensions ['python_setup_py']
[0.270s] Level 1:colcon.colcon_core.package_identification:_identify(src) by extension 'python_setup_py'
[0.270s] Level 1:colcon.colcon_core.package_identification:_identify(src/ros_nav2_assignment) by extensions ['ignore', 'ignore_ament_install']
[0.270s] Level 1:colcon.colcon_core.package_identification:_identify(src/ros_nav2_assignment) by extension 'ignore'
[0.270s] Level 1:colcon.colcon_core.package_identification:_identify(src/ros_nav2_assignment) by extension 'ignore_ament_install'
[0.270s] Level 1:colcon.colcon_core.package_identification:_identify(src/ros_nav2_assignment) by extensions ['colcon_pkg']
[0.270s] Level 1:colcon.colcon_core.package_identification:_identify(src/ros_nav2_assignment) by extension 'colcon_pkg'
[0.270s] Level 1:colcon.colcon_core.package_identification:_identify(src/ros_nav2_assignment) by extensions ['colcon_meta']
[0.270s] Level 1:colcon.colcon_core.package_identification:_identify(src/ros_nav2_assignment) by extension 'colcon_meta'
[0.270s] Level 1:colcon.colcon_core.package_identification:_identify(src/ros_nav2_assignment) by extensions ['ros']
[0.270s] Level 1:colcon.colcon_core.package_identification:_identify(src/ros_nav2_assignment) by extension 'ros'
[0.270s] Level 1:colcon.colcon_core.package_identification:_identify(src/ros_nav2_assignment) by extensions ['cmake', 'python']
[0.270s] Level 1:colcon.colcon_core.package_identification:_identify(src/ros_nav2_assignment) by extension 'cmake'
[0.270s] Level 1:colcon.colcon_core.package_identification:_identify(src/ros_nav2_assignment) by extension 'python'
[0.270s] Level 1:colcon.colcon_core.package_identification:_identify(src/ros_nav2_assignment) by extensions ['python_setup_py']
[0.270s] Level 1:colcon.colcon_core.package_identification:_identify(src/ros_nav2_assignment) by extension 'python_setup_py'
[0.270s] Level 1:colcon.colcon_core.package_identification:_identify(src/ros_nav2_assignment/testbed_bringup) by extensions ['ignore', 'ignore_ament_install']
[0.270s] Level 1:colcon.colcon_core.package_identification:_identify(src/ros_nav2_assignment/testbed_bringup) by extension 'ignore'
[0.270s] Level 1:colcon.colcon_core.package_identification:_identify(src/ros_nav2_assignment/testbed_bringup) by extension 'ignore_ament_install'
[0.271s] Level 1:colcon.colcon_core.package_identification:_identify(src/ros_nav2_assignment/testbed_bringup) by extensions ['colcon_pkg']
[0.271s] Level 1:colcon.colcon_core.package_identification:_identify(src/ros_nav2_assignment/testbed_bringup) by extension 'colcon_pkg'
[0.271s] Level 1:colcon.colcon_core.package_identification:_identify(src/ros_nav2_assignment/testbed_bringup) by extensions ['colcon_meta']
[0.271s] Level 1:colcon.colcon_core.package_identification:_identify(src/ros_nav2_assignment/testbed_bringup) by extension 'colcon_meta'
[0.271s] Level 1:colcon.colcon_core.package_identification:_identify(src/ros_nav2_assignment/testbed_bringup) by extensions ['ros']
[0.271s] Level 1:colcon.colcon_core.package_identification:_identify(src/ros_nav2_assignment/testbed_bringup) by extension 'ros'
[0.273s] DEBUG:colcon.colcon_core.package_identification:Package 'src/ros_nav2_assignment/testbed_bringup' with type 'ros.ament_cmake' and name 'testbed_bringup'
[0.273s] Level 1:colcon.colcon_core.package_identification:_identify(src/ros_nav2_assignment/testbed_description) by extensions ['ignore', 'ignore_ament_install']
[0.273s] Level 1:colcon.colcon_core.package_identification:_identify(src/ros_nav2_assignment/testbed_description) by extension 'ignore'
[0.273s] Level 1:colcon.colcon_core.package_identification:_identify(src/ros_nav2_assignment/testbed_description) by extension 'ignore_ament_install'
[0.273s] Level 1:colcon.colcon_core.package_identification:_identify(src/ros_nav2_assignment/testbed_description) by extensions ['colcon_pkg']
[0.273s] Level 1:colcon.colcon_core.package_identification:_identify(src/ros_nav2_assignment/testbed_description) by extension 'colcon_pkg'
[0.273s] Level 1:colcon.colcon_core.package_identification:_identify(src/ros_nav2_assignment/testbed_description) by extensions ['colcon_meta']
[0.273s] Level 1:colcon.colcon_core.package_identification:_identify(src/ros_nav2_assignment/testbed_description) by extension 'colcon_meta'
[0.273s] Level 1:colcon.colcon_core.package_identification:_identify(src/ros_nav2_assignment/testbed_description) by extensions ['ros']
[0.274s] Level 1:colcon.colcon_core.package_identification:_identify(src/ros_nav2_assignment/testbed_description) by extension 'ros'
[0.274s] DEBUG:colcon.colcon_core.package_identification:Package 'src/ros_nav2_assignment/testbed_description' with type 'ros.ament_cmake' and name 'testbed_description'
[0.274s] Level 1:colcon.colcon_core.package_identification:_identify(src/ros_nav2_assignment/testbed_gazebo) by extensions ['ignore', 'ignore_ament_install']
[0.274s] Level 1:colcon.colcon_core.package_identification:_identify(src/ros_nav2_assignment/testbed_gazebo) by extension 'ignore'
[0.274s] Level 1:colcon.colcon_core.package_identification:_identify(src/ros_nav2_assignment/testbed_gazebo) by extension 'ignore_ament_install'
[0.274s] Level 1:colcon.colcon_core.package_identification:_identify(src/ros_nav2_assignment/testbed_gazebo) by extensions ['colcon_pkg']
[0.274s] Level 1:colcon.colcon_core.package_identification:_identify(src/ros_nav2_assignment/testbed_gazebo) by extension 'colcon_pkg'
[0.274s] Level 1:colcon.colcon_core.package_identification:_identify(src/ros_nav2_assignment/testbed_gazebo) by extensions ['colcon_meta']
[0.274s] Level 1:colcon.colcon_core.package_identification:_identify(src/ros_nav2_assignment/testbed_gazebo) by extension 'colcon_meta'
[0.274s] Level 1:colcon.colcon_core.package_identification:_identify(src/ros_nav2_assignment/testbed_gazebo) by extensions ['ros']
[0.274s] Level 1:colcon.colcon_core.package_identification:_identify(src/ros_nav2_assignment/testbed_gazebo) by extension 'ros'
[0.275s] DEBUG:colcon.colcon_core.package_identification:Package 'src/ros_nav2_assignment/testbed_gazebo' with type 'ros.ament_cmake' and name 'testbed_gazebo'
[0.275s] Level 1:colcon.colcon_core.package_identification:_identify(src/ros_nav2_assignment/testbed_navigation) by extensions ['ignore', 'ignore_ament_install']
[0.275s] Level 1:colcon.colcon_core.package_identification:_identify(src/ros_nav2_assignment/testbed_navigation) by extension 'ignore'
[0.275s] Level 1:colcon.colcon_core.package_identification:_identify(src/ros_nav2_assignment/testbed_navigation) by extension 'ignore_ament_install'
[0.275s] Level 1:colcon.colcon_core.package_identification:_identify(src/ros_nav2_assignment/testbed_navigation) by extensions ['colcon_pkg']
[0.275s] Level 1:colcon.colcon_core.package_identification:_identify(src/ros_nav2_assignment/testbed_navigation) by extension 'colcon_pkg'
[0.275s] Level 1:colcon.colcon_core.package_identification:_identify(src/ros_nav2_assignment/testbed_navigation) by extensions ['colcon_meta']
[0.275s] Level 1:colcon.colcon_core.package_identification:_identify(src/ros_nav2_assignment/testbed_navigation) by extension 'colcon_meta'
[0.275s] Level 1:colcon.colcon_core.package_identification:_identify(src/ros_nav2_assignment/testbed_navigation) by extensions ['ros']
[0.275s] Level 1:colcon.colcon_core.package_identification:_identify(src/ros_nav2_assignment/testbed_navigation) by extension 'ros'
[0.282s] DEBUG:colcon.colcon_core.package_identification:Package 'src/ros_nav2_assignment/testbed_navigation' with type 'ros.ament_cmake' and name 'testbed_navigation'
[0.282s] Level 1:colcon.colcon_core.package_discovery:discover_packages(recursive) using defaults
[0.282s] Level 1:colcon.colcon_core.package_discovery:discover_packages(ignore) discover
[0.282s] Level 1:colcon.colcon_core.package_discovery:discover_packages(ignore) using defaults
[0.282s] Level 1:colcon.colcon_core.package_discovery:discover_packages(path) discover
[0.282s] Level 1:colcon.colcon_core.package_discovery:discover_packages(path) using defaults
[0.299s] Level 1:colcon.colcon_core.package_discovery:discover_packages(prefix_path) check parameters
[0.299s] Level 1:colcon.colcon_core.package_discovery:discover_packages(prefix_path) discover
[0.301s] DEBUG:colcon.colcon_installed_package_information.package_discovery:Found 4 installed packages in /home/deep/assignment_ws/install
[0.301s] DEBUG:colcon.colcon_installed_package_information.package_discovery:Found 2 installed packages in /home/deep/shopmate_bot_ws/install
[0.302s] DEBUG:colcon.colcon_installed_package_information.package_discovery:Found 10 installed packages in /home/deep/colcon_ws/install
[0.303s] DEBUG:colcon.colcon_installed_package_information.package_discovery:Found 428 installed packages in /opt/ros/humble
[0.305s] Level 1:colcon.colcon_core.package_discovery:discover_packages(prefix_path) using defaults
[0.351s] Level 5:colcon.colcon_core.verb:set package 'testbed_bringup' build argument 'cmake_args' from command line to 'None'
[0.352s] Level 5:colcon.colcon_core.verb:set package 'testbed_bringup' build argument 'cmake_target' from command line to 'None'
[0.352s] Level 5:colcon.colcon_core.verb:set package 'testbed_bringup' build argument 'cmake_target_skip_unavailable' from command line to 'False'
[0.352s] Level 5:colcon.colcon_core.verb:set package 'testbed_bringup' build argument 'cmake_clean_cache' from command line to 'False'
[0.352s] Level 5:colcon.colcon_core.verb:set package 'testbed_bringup' build argument 'cmake_clean_first' from command line to 'False'
[0.352s] Level 5:colcon.colcon_core.verb:set package 'testbed_bringup' build argument 'cmake_force_configure' from command line to 'False'
[0.352s] Level 5:colcon.colcon_core.verb:set package 'testbed_bringup' build argument 'ament_cmake_args' from command line to 'None'
[0.352s] Level 5:colcon.colcon_core.verb:set package 'testbed_bringup' build argument 'catkin_cmake_args' from command line to 'None'
[0.352s] Level 5:colcon.colcon_core.verb:set package 'testbed_bringup' build argument 'catkin_skip_building_tests' from command line to 'False'
[0.352s] DEBUG:colcon.colcon_core.verb:Building package 'testbed_bringup' with the following arguments: {'ament_cmake_args': None, 'build_base': '/home/deep/assignment_ws/build/testbed_bringup', 'catkin_cmake_args': None, 'catkin_skip_building_tests': False, 'cmake_args': None, 'cmake_clean_cache': False, 'cmake_clean_first': False, 'cmake_force_configure': False, 'cmake_target': None, 'cmake_target_skip_unavailable': False, 'install_base': '/home/deep/assignment_ws/install/testbed_bringup', 'merge_install': False, 'path': '/home/deep/assignment_ws/src/ros_nav2_assignment/testbed_bringup', 'symlink_install': False, 'test_result_base': None}
[0.352s] Level 5:colcon.colcon_core.verb:set package 'testbed_description' build argument 'cmake_args' from command line to 'None'
[0.352s] Level 5:colcon.colcon_core.verb:set package 'testbed_description' build argument 'cmake_target' from command line to 'None'
[0.352s] Level 5:colcon.colcon_core.verb:set package 'testbed_description' build argument 'cmake_target_skip_unavailable' from command line to 'False'
[0.352s] Level 5:colcon.colcon_core.verb:set package 'testbed_description' build argument 'cmake_clean_cache' from command line to 'False'
[0.352s] Level 5:colcon.colcon_core.verb:set package 'testbed_description' build argument 'cmake_clean_first' from command line to 'False'
[0.352s] Level 5:colcon.colcon_core.verb:set package 'testbed_description' build argument 'cmake_force_configure' from command line to 'False'
[0.352s] Level 5:colcon.colcon_core.verb:set package 'testbed_description' build argument 'ament_cmake_args' from command line to 'None'
[0.352s] Level 5:colcon.colcon_core.verb:set package 'testbed_description' build argument 'catkin_cmake_args' from command line to 'None'
[0.352s] Level 5:colcon.colcon_core.verb:set package 'testbed_description' build argument 'catkin_skip_building_tests' from command line to 'False'
[0.352s] DEBUG:colcon.colcon_core.verb:Building package 'testbed_description' with the following arguments: {'ament_cmake_args': None, 'build_base': '/home/deep/assignment_ws/build/testbed_description', 'catkin_cmake_args': None, 'catkin_skip_building_tests': False, 'cmake_args': None, 'cmake_clean_cache': False, 'cmake_clean_first': False, 'cmake_force_configure': False, 'cmake_target': None, 'cmake_target_skip_unavailable': False, 'install_base': '/home/deep/assignment_ws/install/testbed_description', 'merge_install': False, 'path': '/home/deep/assignment_ws/src/ros_nav2_assignment/testbed_description', 'symlink_install': False, 'test_result_base': None}
[0.353s] Level 5:colcon.colcon_core.verb:set package 'testbed_navigation' build argument 'cmake_args' from command line to 'None'
[0.353s] Level 5:colcon.colcon_core.verb:set package 'testbed_navigation' build argument 'cmake_target' from command line to 'None'
[0.353s] Level 5:colcon.colcon_core.verb:set package 'testbed_navigation' build argument 'cmake_target_skip_unavailable' from command line to 'False'
[0.353s] Level 5:colcon.colcon_core.verb:set package 'testbed_navigation' build argument 'cmake_clean_cache' from command line to 'False'
[0.353s] Level 5:colcon.colcon_core.verb:set package 'testbed_navigation' build argument 'cmake_clean_first' from command line to 'False'
[0.353s] Level 5:colcon.colcon_core.verb:set package 'testbed_navigation' build argument 'cmake_force_configure' from command line to 'False'
[0.353s] Level 5:colcon.colcon_core.verb:set package 'testbed_navigation' build argument 'ament_cmake_args' from command line to 'None'
[0.353s] Level 5:colcon.colcon_core.verb:set package 'testbed_navigation' build argument 'catkin_cmake_args' from command line to 'None'
[0.353s] Level 5:colcon.colcon_core.verb:set package 'testbed_navigation' build argument 'catkin_skip_building_tests' from command line to 'False'
[0.353s] DEBUG:colcon.colcon_core.verb:Building package 'testbed_navigation' with the following arguments: {'ament_cmake_args': None, 'build_base': '/home/deep/assignment_ws/build/testbed_navigation', 'catkin_cmake_args': None, 'catkin_skip_building_tests': False, 'cmake_args': None, 'cmake_clean_cache': False, 'cmake_clean_first': False, 'cmake_force_configure': False, 'cmake_target': None, 'cmake_target_skip_unavailable': False, 'install_base': '/home/deep/assignment_ws/install/testbed_navigation', 'merge_install': False, 'path': '/home/deep/assignment_ws/src/ros_nav2_assignment/testbed_navigation', 'symlink_install': False, 'test_result_base': None}
[0.353s] Level 5:colcon.colcon_core.verb:set package 'testbed_gazebo' build argument 'cmake_args' from command line to 'None'
[0.353s] Level 5:colcon.colcon_core.verb:set package 'testbed_gazebo' build argument 'cmake_target' from command line to 'None'
[0.353s] Level 5:colcon.colcon_core.verb:set package 'testbed_gazebo' build argument 'cmake_target_skip_unavailable' from command line to 'False'
[0.353s] Level 5:colcon.colcon_core.verb:set package 'testbed_gazebo' build argument 'cmake_clean_cache' from command line to 'False'
[0.353s] Level 5:colcon.colcon_core.verb:set package 'testbed_gazebo' build argument 'cmake_clean_first' from command line to 'False'
[0.353s] Level 5:colcon.colcon_core.verb:set package 'testbed_gazebo' build argument 'cmake_force_configure' from command line to 'False'
[0.353s] Level 5:colcon.colcon_core.verb:set package 'testbed_gazebo' build argument 'ament_cmake_args' from command line to 'None'
[0.353s] Level 5:colcon.colcon_core.verb:set package 'testbed_gazebo' build argument 'catkin_cmake_args' from command line to 'None'
[0.353s] Level 5:colcon.colcon_core.verb:set package 'testbed_gazebo' build argument 'catkin_skip_building_tests' from command line to 'False'
[0.353s] DEBUG:colcon.colcon_core.verb:Building package 'testbed_gazebo' with the following arguments: {'ament_cmake_args': None, 'build_base': '/home/deep/assignment_ws/build/testbed_gazebo', 'catkin_cmake_args': None, 'catkin_skip_building_tests': False, 'cmake_args': None, 'cmake_clean_cache': False, 'cmake_clean_first': False, 'cmake_force_configure': False, 'cmake_target': None, 'cmake_target_skip_unavailable': False, 'install_base': '/home/deep/assignment_ws/install/testbed_gazebo', 'merge_install': False, 'path': '/home/deep/assignment_ws/src/ros_nav2_assignment/testbed_gazebo', 'symlink_install': False, 'test_result_base': None}
[0.353s] INFO:colcon.colcon_core.executor:Executing jobs using 'parallel' executor
[0.354s] DEBUG:colcon.colcon_parallel_executor.executor.parallel:run_until_complete
[0.354s] INFO:colcon.colcon_ros.task.ament_cmake.build:Building ROS package in '/home/deep/assignment_ws/src/ros_nav2_assignment/testbed_description' with build type 'ament_cmake'
[0.354s] INFO:colcon.colcon_cmake.task.cmake.build:Building CMake package in '/home/deep/assignment_ws/src/ros_nav2_assignment/testbed_description'
[0.356s] INFO:colcon.colcon_core.plugin_system:Skipping extension 'colcon_core.shell.bat': Not used on non-Windows systems
[0.356s] INFO:colcon.colcon_core.shell:Skip shell extension 'powershell' for command environment: Not usable outside of PowerShell
[0.356s] DEBUG:colcon.colcon_core.shell:Skip shell extension 'dsv' for command environment
[0.361s] INFO:colcon.colcon_ros.task.ament_cmake.build:Building ROS package in '/home/deep/assignment_ws/src/ros_nav2_assignment/testbed_bringup' with build type 'ament_cmake'
[0.361s] INFO:colcon.colcon_cmake.task.cmake.build:Building CMake package in '/home/deep/assignment_ws/src/ros_nav2_assignment/testbed_bringup'
[0.361s] INFO:colcon.colcon_core.shell:Skip shell extension 'powershell' for command environment: Not usable outside of PowerShell
[0.361s] DEBUG:colcon.colcon_core.shell:Skip shell extension 'dsv' for command environment
[0.365s] INFO:colcon.colcon_ros.task.ament_cmake.build:Building ROS package in '/home/deep/assignment_ws/src/ros_nav2_assignment/testbed_navigation' with build type 'ament_cmake'
[0.365s] INFO:colcon.colcon_cmake.task.cmake.build:Building CMake package in '/home/deep/assignment_ws/src/ros_nav2_assignment/testbed_navigation'
[0.365s] INFO:colcon.colcon_core.shell:Skip shell extension 'powershell' for command environment: Not usable outside of PowerShell
[0.365s] DEBUG:colcon.colcon_core.shell:Skip shell extension 'dsv' for command environment
[0.373s] DEBUG:colcon.colcon_core.event_handler.log_command:Invoking command in '/home/deep/assignment_ws/build/testbed_description': CMAKE_PREFIX_PATH=${CMAKE_PREFIX_PATH}:/home/deep/colcon_ws/install/task3b_solution:/home/deep/colcon_ws/install/task3a_solution:/home/deep/colcon_ws/install/task2b_solution:/home/deep/colcon_ws/install/task2_solution:/home/deep/shopmate_bot_ws/install/shopmate_bot_navigation:/home/deep/shopmate_bot_ws/install/shopmate_bot_description:/opt/ros/humble /usr/bin/cmake --build /home/deep/assignment_ws/build/testbed_description -- -j12 -l12
[0.376s] DEBUG:colcon.colcon_core.event_handler.log_command:Invoking command in '/home/deep/assignment_ws/build/testbed_bringup': CMAKE_PREFIX_PATH=${CMAKE_PREFIX_PATH}:/home/deep/colcon_ws/install/task3b_solution:/home/deep/colcon_ws/install/task3a_solution:/home/deep/colcon_ws/install/task2b_solution:/home/deep/colcon_ws/install/task2_solution:/home/deep/shopmate_bot_ws/install/shopmate_bot_navigation:/home/deep/shopmate_bot_ws/install/shopmate_bot_description:/opt/ros/humble /usr/bin/cmake --build /home/deep/assignment_ws/build/testbed_bringup -- -j12 -l12
[0.378s] DEBUG:colcon.colcon_core.event_handler.log_command:Invoking command in '/home/deep/assignment_ws/build/testbed_navigation': CMAKE_PREFIX_PATH=${CMAKE_PREFIX_PATH}:/home/deep/colcon_ws/install/task3b_solution:/home/deep/colcon_ws/install/task3a_solution:/home/deep/colcon_ws/install/task2b_solution:/home/deep/colcon_ws/install/task2_solution:/home/deep/shopmate_bot_ws/install/shopmate_bot_navigation:/home/deep/shopmate_bot_ws/install/shopmate_bot_description:/opt/ros/humble /usr/bin/cmake --build /home/deep/assignment_ws/build/testbed_navigation -- -j12 -l12
[0.400s] DEBUG:colcon.colcon_core.event_handler.log_command:Invoked command in '/home/deep/assignment_ws/build/testbed_description' returned '0': CMAKE_PREFIX_PATH=${CMAKE_PREFIX_PATH}:/home/deep/colcon_ws/install/task3b_solution:/home/deep/colcon_ws/install/task3a_solution:/home/deep/colcon_ws/install/task2b_solution:/home/deep/colcon_ws/install/task2_solution:/home/deep/shopmate_bot_ws/install/shopmate_bot_navigation:/home/deep/shopmate_bot_ws/install/shopmate_bot_description:/opt/ros/humble /usr/bin/cmake --build /home/deep/assignment_ws/build/testbed_description -- -j12 -l12
[0.408s] DEBUG:colcon.colcon_core.event_handler.log_command:Invoking command in '/home/deep/assignment_ws/build/testbed_description': CMAKE_PREFIX_PATH=${CMAKE_PREFIX_PATH}:/home/deep/colcon_ws/install/task3b_solution:/home/deep/colcon_ws/install/task3a_solution:/home/deep/colcon_ws/install/task2b_solution:/home/deep/colcon_ws/install/task2_solution:/home/deep/shopmate_bot_ws/install/shopmate_bot_navigation:/home/deep/shopmate_bot_ws/install/shopmate_bot_description:/opt/ros/humble /usr/bin/cmake --install /home/deep/assignment_ws/build/testbed_description
[0.409s] DEBUG:colcon.colcon_core.event_handler.log_command:Invoked command in '/home/deep/assignment_ws/build/testbed_bringup' returned '0': CMAKE_PREFIX_PATH=${CMAKE_PREFIX_PATH}:/home/deep/colcon_ws/install/task3b_solution:/home/deep/colcon_ws/install/task3a_solution:/home/deep/colcon_ws/install/task2b_solution:/home/deep/colcon_ws/install/task2_solution:/home/deep/shopmate_bot_ws/install/shopmate_bot_navigation:/home/deep/shopmate_bot_ws/install/shopmate_bot_description:/opt/ros/humble /usr/bin/cmake --build /home/deep/assignment_ws/build/testbed_bringup -- -j12 -l12
[0.410s] DEBUG:colcon.colcon_core.event_handler.log_command:Invoking command in '/home/deep/assignment_ws/build/testbed_bringup': CMAKE_PREFIX_PATH=${CMAKE_PREFIX_PATH}:/home/deep/colcon_ws/install/task3b_solution:/home/deep/colcon_ws/install/task3a_solution:/home/deep/colcon_ws/install/task2b_solution:/home/deep/colcon_ws/install/task2_solution:/home/deep/shopmate_bot_ws/install/shopmate_bot_navigation:/home/deep/shopmate_bot_ws/install/shopmate_bot_description:/opt/ros/humble /usr/bin/cmake --install /home/deep/assignment_ws/build/testbed_bringup
[0.411s] DEBUG:colcon.colcon_core.event_handler.log_command:Invoked command in '/home/deep/assignment_ws/build/testbed_navigation' returned '0': CMAKE_PREFIX_PATH=${CMAKE_PREFIX_PATH}:/home/deep/colcon_ws/install/task3b_solution:/home/deep/colcon_ws/install/task3a_solution:/home/deep/colcon_ws/install/task2b_solution:/home/deep/colcon_ws/install/task2_solution:/home/deep/shopmate_bot_ws/install/shopmate_bot_navigation:/home/deep/shopmate_bot_ws/install/shopmate_bot_description:/opt/ros/humble /usr/bin/cmake --build /home/deep/assignment_ws/build/testbed_navigation -- -j12 -l12
[0.412s] DEBUG:colcon.colcon_core.event_handler.log_command:Invoking command in '/home/deep/assignment_ws/build/testbed_navigation': CMAKE_PREFIX_PATH=${CMAKE_PREFIX_PATH}:/home/deep/colcon_ws/install/task3b_solution:/home/deep/colcon_ws/install/task3a_solution:/home/deep/colcon_ws/install/task2b_solution:/home/deep/colcon_ws/install/task2_solution:/home/deep/shopmate_bot_ws/install/shopmate_bot_navigation:/home/deep/shopmate_bot_ws/install/shopmate_bot_description:/opt/ros/humble /usr/bin/cmake --install /home/deep/assignment_ws/build/testbed_navigation
[0.416s] Level 1:colcon.colcon_core.environment:create_environment_scripts_only(testbed_description)
[0.418s] DEBUG:colcon.colcon_core.event_handler.log_command:Invoked command in '/home/deep/assignment_ws/build/testbed_description' returned '0': CMAKE_PREFIX_PATH=${CMAKE_PREFIX_PATH}:/home/deep/colcon_ws/install/task3b_solution:/home/deep/colcon_ws/install/task3a_solution:/home/deep/colcon_ws/install/task2b_solution:/home/deep/colcon_ws/install/task2_solution:/home/deep/shopmate_bot_ws/install/shopmate_bot_navigation:/home/deep/shopmate_bot_ws/install/shopmate_bot_description:/opt/ros/humble /usr/bin/cmake --install /home/deep/assignment_ws/build/testbed_description
[0.421s] Level 1:colcon.colcon_core.environment:checking '/home/deep/assignment_ws/install/testbed_description' for CMake module files
[0.421s] Level 1:colcon.colcon_core.environment:checking '/home/deep/assignment_ws/install/testbed_description' for CMake config files
[0.422s] Level 1:colcon.colcon_core.shell:create_environment_hook('testbed_description', 'cmake_prefix_path')
[0.422s] INFO:colcon.colcon_core.shell:Creating environment hook '/home/deep/assignment_ws/install/testbed_description/share/testbed_description/hook/cmake_prefix_path.ps1'
[0.423s] INFO:colcon.colcon_core.shell:Creating environment descriptor '/home/deep/assignment_ws/install/testbed_description/share/testbed_description/hook/cmake_prefix_path.dsv'
[0.423s] INFO:colcon.colcon_core.shell:Creating environment hook '/home/deep/assignment_ws/install/testbed_description/share/testbed_description/hook/cmake_prefix_path.sh'
[0.424s] Level 1:colcon.colcon_core.environment:checking '/home/deep/assignment_ws/install/testbed_description/bin'
[0.424s] Level 1:colcon.colcon_core.environment:checking '/home/deep/assignment_ws/install/testbed_description/lib/pkgconfig/testbed_description.pc'
[0.424s] Level 1:colcon.colcon_core.environment:checking '/home/deep/assignment_ws/install/testbed_description/lib/python3.10/site-packages'
[0.424s] Level 1:colcon.colcon_core.environment:checking '/home/deep/assignment_ws/install/testbed_description/bin'
[0.424s] INFO:colcon.colcon_core.shell:Creating package script '/home/deep/assignment_ws/install/testbed_description/share/testbed_description/package.ps1'
[0.425s] INFO:colcon.colcon_core.shell:Creating package descriptor '/home/deep/assignment_ws/install/testbed_description/share/testbed_description/package.dsv'
[0.425s] INFO:colcon.colcon_core.shell:Creating package script '/home/deep/assignment_ws/install/testbed_description/share/testbed_description/package.sh'
[0.426s] INFO:colcon.colcon_core.shell:Creating package script '/home/deep/assignment_ws/install/testbed_description/share/testbed_description/package.bash'
[0.427s] INFO:colcon.colcon_core.shell:Creating package script '/home/deep/assignment_ws/install/testbed_description/share/testbed_description/package.zsh'
[0.427s] Level 1:colcon.colcon_core.environment:create_file_with_runtime_dependencies(/home/deep/assignment_ws/install/testbed_description/share/colcon-core/packages/testbed_description)
[0.428s] Level 1:colcon.colcon_core.environment:create_environment_scripts_only(testbed_description)
[0.428s] Level 1:colcon.colcon_core.environment:checking '/home/deep/assignment_ws/install/testbed_description' for CMake module files
[0.428s] Level 1:colcon.colcon_core.environment:checking '/home/deep/assignment_ws/install/testbed_description' for CMake config files
[0.428s] Level 1:colcon.colcon_core.shell:create_environment_hook('testbed_description', 'cmake_prefix_path')
[0.428s] INFO:colcon.colcon_core.shell:Creating environment hook '/home/deep/assignment_ws/install/testbed_description/share/testbed_description/hook/cmake_prefix_path.ps1'
[0.429s] INFO:colcon.colcon_core.shell:Creating environment descriptor '/home/deep/assignment_ws/install/testbed_description/share/testbed_description/hook/cmake_prefix_path.dsv'
[0.429s] INFO:colcon.colcon_core.shell:Creating environment hook '/home/deep/assignment_ws/install/testbed_description/share/testbed_description/hook/cmake_prefix_path.sh'
[0.429s] Level 1:colcon.colcon_core.environment:checking '/home/deep/assignment_ws/install/testbed_description/bin'
[0.430s] Level 1:colcon.colcon_core.environment:checking '/home/deep/assignment_ws/install/testbed_description/lib/pkgconfig/testbed_description.pc'
[0.430s] Level 1:colcon.colcon_core.environment:checking '/home/deep/assignment_ws/install/testbed_description/lib/python3.10/site-packages'
[0.430s] Level 1:colcon.colcon_core.environment:checking '/home/deep/assignment_ws/install/testbed_description/bin'
[0.430s] INFO:colcon.colcon_core.shell:Creating package script '/home/deep/assignment_ws/install/testbed_description/share/testbed_description/package.ps1'
[0.431s] INFO:colcon.colcon_core.shell:Creating package descriptor '/home/deep/assignment_ws/install/testbed_description/share/testbed_description/package.dsv'
[0.431s] INFO:colcon.colcon_core.shell:Creating package script '/home/deep/assignment_ws/install/testbed_description/share/testbed_description/package.sh'
[0.431s] INFO:colcon.colcon_core.shell:Creating package script '/home/deep/assignment_ws/install/testbed_description/share/testbed_description/package.bash'
[0.432s] INFO:colcon.colcon_core.shell:Creating package script '/home/deep/assignment_ws/install/testbed_description/share/testbed_description/package.zsh'
[0.432s] Level 1:colcon.colcon_core.environment:create_file_with_runtime_dependencies(/home/deep/assignment_ws/install/testbed_description/share/colcon-core/packages/testbed_description)
[0.432s] INFO:colcon.colcon_ros.task.ament_cmake.build:Building ROS package in '/home/deep/assignment_ws/src/ros_nav2_assignment/testbed_gazebo' with build type 'ament_cmake'
[0.432s] INFO:colcon.colcon_cmake.task.cmake.build:Building CMake package in '/home/deep/assignment_ws/src/ros_nav2_assignment/testbed_gazebo'
[0.433s] INFO:colcon.colcon_core.shell:Skip shell extension 'powershell' for command environment: Not usable outside of PowerShell
[0.433s] DEBUG:colcon.colcon_core.shell:Skip shell extension 'dsv' for command environment
[0.438s] Level 1:colcon.colcon_core.environment:create_environment_scripts_only(testbed_navigation)
[0.438s] Level 1:colcon.colcon_core.environment:checking '/home/deep/assignment_ws/install/testbed_navigation' for CMake module files
[0.438s] DEBUG:colcon.colcon_core.event_handler.log_command:Invoked command in '/home/deep/assignment_ws/build/testbed_navigation' returned '0': CMAKE_PREFIX_PATH=${CMAKE_PREFIX_PATH}:/home/deep/colcon_ws/install/task3b_solution:/home/deep/colcon_ws/install/task3a_solution:/home/deep/colcon_ws/install/task2b_solution:/home/deep/colcon_ws/install/task2_solution:/home/deep/shopmate_bot_ws/install/shopmate_bot_navigation:/home/deep/shopmate_bot_ws/install/shopmate_bot_description:/opt/ros/humble /usr/bin/cmake --install /home/deep/assignment_ws/build/testbed_navigation
[0.439s] Level 1:colcon.colcon_core.environment:checking '/home/deep/assignment_ws/install/testbed_navigation' for CMake config files
[0.439s] Level 1:colcon.colcon_core.shell:create_environment_hook('testbed_navigation', 'cmake_prefix_path')
[0.439s] INFO:colcon.colcon_core.shell:Creating environment hook '/home/deep/assignment_ws/install/testbed_navigation/share/testbed_navigation/hook/cmake_prefix_path.ps1'
[0.439s] INFO:colcon.colcon_core.shell:Creating environment descriptor '/home/deep/assignment_ws/install/testbed_navigation/share/testbed_navigation/hook/cmake_prefix_path.dsv'
[0.440s] INFO:colcon.colcon_core.shell:Creating environment hook '/home/deep/assignment_ws/install/testbed_navigation/share/testbed_navigation/hook/cmake_prefix_path.sh'
[0.440s] Level 1:colcon.colcon_core.environment:checking '/home/deep/assignment_ws/install/testbed_navigation/bin'
[0.440s] Level 1:colcon.colcon_core.environment:checking '/home/deep/assignment_ws/install/testbed_navigation/lib/pkgconfig/testbed_navigation.pc'
[0.440s] Level 1:colcon.colcon_core.environment:checking '/home/deep/assignment_ws/install/testbed_navigation/lib/python3.10/site-packages'
[0.441s] Level 1:colcon.colcon_core.environment:checking '/home/deep/assignment_ws/install/testbed_navigation/bin'
[0.441s] INFO:colcon.colcon_core.shell:Creating package script '/home/deep/assignment_ws/install/testbed_navigation/share/testbed_navigation/package.ps1'
[0.441s] INFO:colcon.colcon_core.shell:Creating package descriptor '/home/deep/assignment_ws/install/testbed_navigation/share/testbed_navigation/package.dsv'
[0.441s] INFO:colcon.colcon_core.shell:Creating package script '/home/deep/assignment_ws/install/testbed_navigation/share/testbed_navigation/package.sh'
[0.442s] INFO:colcon.colcon_core.shell:Creating package script '/home/deep/assignment_ws/install/testbed_navigation/share/testbed_navigation/package.bash'
[0.442s] INFO:colcon.colcon_core.shell:Creating package script '/home/deep/assignment_ws/install/testbed_navigation/share/testbed_navigation/package.zsh'
[0.442s] Level 1:colcon.colcon_core.environment:create_file_with_runtime_dependencies(/home/deep/assignment_ws/install/testbed_navigation/share/colcon-core/packages/testbed_navigation)
[0.443s] Level 1:colcon.colcon_core.environment:create_environment_scripts_only(testbed_navigation)
[0.443s] Level 1:colcon.colcon_core.environment:checking '/home/deep/assignment_ws/install/testbed_navigation' for CMake module files
[0.443s] Level 1:colcon.colcon_core.environment:checking '/home/deep/assignment_ws/install/testbed_navigation' for CMake config files
[0.443s] Level 1:colcon.colcon_core.shell:create_environment_hook('testbed_navigation', 'cmake_prefix_path')
[0.444s] INFO:colcon.colcon_core.shell:Creating environment hook '/home/deep/assignment_ws/install/testbed_navigation/share/testbed_navigation/hook/cmake_prefix_path.ps1'
[0.444s] INFO:colcon.colcon_core.shell:Creating environment descriptor '/home/deep/assignment_ws/install/testbed_navigation/share/testbed_navigation/hook/cmake_prefix_path.dsv'
[0.444s] INFO:colcon.colcon_core.shell:Creating environment hook '/home/deep/assignment_ws/install/testbed_navigation/share/testbed_navigation/hook/cmake_prefix_path.sh'
[0.445s] Level 1:colcon.colcon_core.environment:checking '/home/deep/assignment_ws/install/testbed_navigation/bin'
[0.445s] Level 1:colcon.colcon_core.environment:checking '/home/deep/assignment_ws/install/testbed_navigation/lib/pkgconfig/testbed_navigation.pc'
[0.445s] Level 1:colcon.colcon_core.environment:checking '/home/deep/assignment_ws/install/testbed_navigation/lib/python3.10/site-packages'
[0.445s] Level 1:colcon.colcon_core.environment:checking '/home/deep/assignment_ws/install/testbed_navigation/bin'
[0.446s] INFO:colcon.colcon_core.shell:Creating package script '/home/deep/assignment_ws/install/testbed_navigation/share/testbed_navigation/package.ps1'
[0.446s] INFO:colcon.colcon_core.shell:Creating package descriptor '/home/deep/assignment_ws/install/testbed_navigation/share/testbed_navigation/package.dsv'
[0.446s] INFO:colcon.colcon_core.shell:Creating package script '/home/deep/assignment_ws/install/testbed_navigation/share/testbed_navigation/package.sh'
[0.447s] INFO:colcon.colcon_core.shell:Creating package script '/home/deep/assignment_ws/install/testbed_navigation/share/testbed_navigation/package.bash'
[0.447s] INFO:colcon.colcon_core.shell:Creating package script '/home/deep/assignment_ws/install/testbed_navigation/share/testbed_navigation/package.zsh'
[0.447s] Level 1:colcon.colcon_core.environment:create_file_with_runtime_dependencies(/home/deep/assignment_ws/install/testbed_navigation/share/colcon-core/packages/testbed_navigation)
[0.448s] Level 1:colcon.colcon_core.environment:create_environment_scripts_only(testbed_bringup)
[0.448s] Level 1:colcon.colcon_core.environment:checking '/home/deep/assignment_ws/install/testbed_bringup' for CMake module files
[0.449s] DEBUG:colcon.colcon_core.event_handler.log_command:Invoked command in '/home/deep/assignment_ws/build/testbed_bringup' returned '0': CMAKE_PREFIX_PATH=${CMAKE_PREFIX_PATH}:/home/deep/colcon_ws/install/task3b_solution:/home/deep/colcon_ws/install/task3a_solution:/home/deep/colcon_ws/install/task2b_solution:/home/deep/colcon_ws/install/task2_solution:/home/deep/shopmate_bot_ws/install/shopmate_bot_navigation:/home/deep/shopmate_bot_ws/install/shopmate_bot_description:/opt/ros/humble /usr/bin/cmake --install /home/deep/assignment_ws/build/testbed_bringup
[0.449s] Level 1:colcon.colcon_core.environment:checking '/home/deep/assignment_ws/install/testbed_bringup' for CMake config files
[0.449s] Level 1:colcon.colcon_core.shell:create_environment_hook('testbed_bringup', 'cmake_prefix_path')
[0.449s] INFO:colcon.colcon_core.shell:Creating environment hook '/home/deep/assignment_ws/install/testbed_bringup/share/testbed_bringup/hook/cmake_prefix_path.ps1'
[0.450s] INFO:colcon.colcon_core.shell:Creating environment descriptor '/home/deep/assignment_ws/install/testbed_bringup/share/testbed_bringup/hook/cmake_prefix_path.dsv'
[0.450s] INFO:colcon.colcon_core.shell:Creating environment hook '/home/deep/assignment_ws/install/testbed_bringup/share/testbed_bringup/hook/cmake_prefix_path.sh'
[0.450s] Level 1:colcon.colcon_core.environment:checking '/home/deep/assignment_ws/install/testbed_bringup/bin'
[0.451s] Level 1:colcon.colcon_core.environment:checking '/home/deep/assignment_ws/install/testbed_bringup/lib/pkgconfig/testbed_bringup.pc'
[0.451s] Level 1:colcon.colcon_core.environment:checking '/home/deep/assignment_ws/install/testbed_bringup/lib/python3.10/site-packages'
[0.451s] Level 1:colcon.colcon_core.environment:checking '/home/deep/assignment_ws/install/testbed_bringup/bin'
[0.451s] INFO:colcon.colcon_core.shell:Creating package script '/home/deep/assignment_ws/install/testbed_bringup/share/testbed_bringup/package.ps1'
[0.452s] INFO:colcon.colcon_core.shell:Creating package descriptor '/home/deep/assignment_ws/install/testbed_bringup/share/testbed_bringup/package.dsv'
[0.452s] INFO:colcon.colcon_core.shell:Creating package script '/home/deep/assignment_ws/install/testbed_bringup/share/testbed_bringup/package.sh'
[0.452s] INFO:colcon.colcon_core.shell:Creating package script '/home/deep/assignment_ws/install/testbed_bringup/share/testbed_bringup/package.bash'
[0.453s] INFO:colcon.colcon_core.shell:Creating package script '/home/deep/assignment_ws/install/testbed_bringup/share/testbed_bringup/package.zsh'
[0.453s] Level 1:colcon.colcon_core.environment:create_file_with_runtime_dependencies(/home/deep/assignment_ws/install/testbed_bringup/share/colcon-core/packages/testbed_bringup)
[0.453s] Level 1:colcon.colcon_core.environment:create_environment_scripts_only(testbed_bringup)
[0.454s] Level 1:colcon.colcon_core.environment:checking '/home/deep/assignment_ws/install/testbed_bringup' for CMake module files
[0.454s] Level 1:colcon.colcon_core.environment:checking '/home/deep/assignment_ws/install/testbed_bringup' for CMake config files
[0.454s] Level 1:colcon.colcon_core.shell:create_environment_hook('testbed_bringup', 'cmake_prefix_path')
[0.454s] INFO:colcon.colcon_core.shell:Creating environment hook '/home/deep/assignment_ws/install/testbed_bringup/share/testbed_bringup/hook/cmake_prefix_path.ps1'
[0.455s] INFO:colcon.colcon_core.shell:Creating environment descriptor '/home/deep/assignment_ws/install/testbed_bringup/share/testbed_bringup/hook/cmake_prefix_path.dsv'
[0.455s] INFO:colcon.colcon_core.shell:Creating environment hook '/home/deep/assignment_ws/install/testbed_bringup/share/testbed_bringup/hook/cmake_prefix_path.sh'
[0.455s] Level 1:colcon.colcon_core.environment:checking '/home/deep/assignment_ws/install/testbed_bringup/bin'
[0.455s] Level 1:colcon.colcon_core.environment:checking '/home/deep/assignment_ws/install/testbed_bringup/lib/pkgconfig/testbed_bringup.pc'
[0.456s] Level 1:colcon.colcon_core.environment:checking '/home/deep/assignment_ws/install/testbed_bringup/lib/python3.10/site-packages'
[0.456s] Level 1:colcon.colcon_core.environment:checking '/home/deep/assignment_ws/install/testbed_bringup/bin'
[0.456s] INFO:colcon.colcon_core.shell:Creating package script '/home/deep/assignment_ws/install/testbed_bringup/share/testbed_bringup/package.ps1'
[0.457s] INFO:colcon.colcon_core.shell:Creating package descriptor '/home/deep/assignment_ws/install/testbed_bringup/share/testbed_bringup/package.dsv'
[0.457s] INFO:colcon.colcon_core.shell:Creating package script '/home/deep/assignment_ws/install/testbed_bringup/share/testbed_bringup/package.sh'
[0.457s] INFO:colcon.colcon_core.shell:Creating package script '/home/deep/assignment_ws/install/testbed_bringup/share/testbed_bringup/package.bash'
[0.458s] INFO:colcon.colcon_core.shell:Creating package script '/home/deep/assignment_ws/install/testbed_bringup/share/testbed_bringup/package.zsh'
[0.458s] Level 1:colcon.colcon_core.environment:create_file_with_runtime_dependencies(/home/deep/assignment_ws/install/testbed_bringup/share/colcon-core/packages/testbed_bringup)
[0.461s] DEBUG:colcon.colcon_core.event_handler.log_command:Invoking command in '/home/deep/assignment_ws/build/testbed_gazebo': CMAKE_PREFIX_PATH=/home/deep/assignment_ws/install/testbed_description:/home/deep/assignment_ws/install/testbed_navigation:/home/deep/assignment_ws/install/testbed_gazebo:/home/deep/assignment_ws/install/testbed_bringup:/home/deep/colcon_ws/install/ur_simulation_gz:/home/deep/colcon_ws/install/ur_description:/home/deep/colcon_ws/install/ur5_control:/home/deep/colcon_ws/install/linkattacher_msgs:/home/deep/colcon_ws/install/eyantra_warehouse:/home/deep/colcon_ws/install/ebot_description:/home/deep/colcon_ws/install/task3b_solution:/home/deep/colcon_ws/install/task3a_solution:/home/deep/colcon_ws/install/task2b_solution:/home/deep/colcon_ws/install/task2_solution:/home/deep/shopmate_bot_ws/install/shopmate_bot_navigation:/home/deep/shopmate_bot_ws/install/shopmate_bot_description:/opt/ros/humble /usr/bin/cmake --build /home/deep/assignment_ws/build/testbed_gazebo -- -j12 -l12
[0.486s] DEBUG:colcon.colcon_core.event_handler.log_command:Invoked command in '/home/deep/assignment_ws/build/testbed_gazebo' returned '0': CMAKE_PREFIX_PATH=/home/deep/assignment_ws/install/testbed_description:/home/deep/assignment_ws/install/testbed_navigation:/home/deep/assignment_ws/install/testbed_gazebo:/home/deep/assignment_ws/install/testbed_bringup:/home/deep/colcon_ws/install/ur_simulation_gz:/home/deep/colcon_ws/install/ur_description:/home/deep/colcon_ws/install/ur5_control:/home/deep/colcon_ws/install/linkattacher_msgs:/home/deep/colcon_ws/install/eyantra_warehouse:/home/deep/colcon_ws/install/ebot_description:/home/deep/colcon_ws/install/task3b_solution:/home/deep/colcon_ws/install/task3a_solution:/home/deep/colcon_ws/install/task2b_solution:/home/deep/colcon_ws/install/task2_solution:/home/deep/shopmate_bot_ws/install/shopmate_bot_navigation:/home/deep/shopmate_bot_ws/install/shopmate_bot_description:/opt/ros/humble /usr/bin/cmake --build /home/deep/assignment_ws/build/testbed_gazebo -- -j12 -l12
[0.488s] DEBUG:colcon.colcon_core.event_handler.log_command:Invoking command in '/home/deep/assignment_ws/build/testbed_gazebo': CMAKE_PREFIX_PATH=/home/deep/assignment_ws/install/testbed_description:/home/deep/assignment_ws/install/testbed_navigation:/home/deep/assignment_ws/install/testbed_gazebo:/home/deep/assignment_ws/install/testbed_bringup:/home/deep/colcon_ws/install/ur_simulation_gz:/home/deep/colcon_ws/install/ur_description:/home/deep/colcon_ws/install/ur5_control:/home/deep/colcon_ws/install/linkattacher_msgs:/home/deep/colcon_ws/install/eyantra_warehouse:/home/deep/colcon_ws/install/ebot_description:/home/deep/colcon_ws/install/task3b_solution:/home/deep/colcon_ws/install/task3a_solution:/home/deep/colcon_ws/install/task2b_solution:/home/deep/colcon_ws/install/task2_solution:/home/deep/shopmate_bot_ws/install/shopmate_bot_navigation:/home/deep/shopmate_bot_ws/install/shopmate_bot_description:/opt/ros/humble /usr/bin/cmake --install /home/deep/assignment_ws/build/testbed_gazebo
[0.496s] Level 1:colcon.colcon_core.environment:create_environment_scripts_only(testbed_gazebo)
[0.496s] Level 1:colcon.colcon_core.environment:checking '/home/deep/assignment_ws/install/testbed_gazebo' for CMake module files
[0.496s] DEBUG:colcon.colcon_core.event_handler.log_command:Invoked command in '/home/deep/assignment_ws/build/testbed_gazebo' returned '0': CMAKE_PREFIX_PATH=/home/deep/assignment_ws/install/testbed_description:/home/deep/assignment_ws/install/testbed_navigation:/home/deep/assignment_ws/install/testbed_gazebo:/home/deep/assignment_ws/install/testbed_bringup:/home/deep/colcon_ws/install/ur_simulation_gz:/home/deep/colcon_ws/install/ur_description:/home/deep/colcon_ws/install/ur5_control:/home/deep/colcon_ws/install/linkattacher_msgs:/home/deep/colcon_ws/install/eyantra_warehouse:/home/deep/colcon_ws/install/ebot_description:/home/deep/colcon_ws/install/task3b_solution:/home/deep/colcon_ws/install/task3a_solution:/home/deep/colcon_ws/install/task2b_solution:/home/deep/colcon_ws/install/task2_solution:/home/deep/shopmate_bot_ws/install/shopmate_bot_navigation:/home/deep/shopmate_bot_ws/install/shopmate_bot_description:/opt/ros/humble /usr/bin/cmake --install /home/deep/assignment_ws/build/testbed_gazebo
[0.497s] Level 1:colcon.colcon_core.environment:checking '/home/deep/assignment_ws/install/testbed_gazebo' for CMake config files
[0.497s] Level 1:colcon.colcon_core.shell:create_environment_hook('testbed_gazebo', 'cmake_prefix_path')
[0.497s] INFO:colcon.colcon_core.shell:Creating environment hook '/home/deep/assignment_ws/install/testbed_gazebo/share/testbed_gazebo/hook/cmake_prefix_path.ps1'
[0.497s] INFO:colcon.colcon_core.shell:Creating environment descriptor '/home/deep/assignment_ws/install/testbed_gazebo/share/testbed_gazebo/hook/cmake_prefix_path.dsv'
[0.498s] INFO:colcon.colcon_core.shell:Creating environment hook '/home/deep/assignment_ws/install/testbed_gazebo/share/testbed_gazebo/hook/cmake_prefix_path.sh'
[0.498s] Level 1:colcon.colcon_core.environment:checking '/home/deep/assignment_ws/install/testbed_gazebo/bin'
[0.498s] Level 1:colcon.colcon_core.environment:checking '/home/deep/assignment_ws/install/testbed_gazebo/lib/pkgconfig/testbed_gazebo.pc'
[0.498s] Level 1:colcon.colcon_core.environment:checking '/home/deep/assignment_ws/install/testbed_gazebo/lib/python3.10/site-packages'
[0.499s] Level 1:colcon.colcon_core.environment:checking '/home/deep/assignment_ws/install/testbed_gazebo/bin'
[0.499s] INFO:colcon.colcon_core.shell:Creating package script '/home/deep/assignment_ws/install/testbed_gazebo/share/testbed_gazebo/package.ps1'
[0.499s] INFO:colcon.colcon_core.shell:Creating package descriptor '/home/deep/assignment_ws/install/testbed_gazebo/share/testbed_gazebo/package.dsv'
[0.499s] INFO:colcon.colcon_core.shell:Creating package script '/home/deep/assignment_ws/install/testbed_gazebo/share/testbed_gazebo/package.sh'
[0.500s] INFO:colcon.colcon_core.shell:Creating package script '/home/deep/assignment_ws/install/testbed_gazebo/share/testbed_gazebo/package.bash'
[0.500s] INFO:colcon.colcon_core.shell:Creating package script '/home/deep/assignment_ws/install/testbed_gazebo/share/testbed_gazebo/package.zsh'
[0.500s] Level 1:colcon.colcon_core.environment:create_file_with_runtime_dependencies(/home/deep/assignment_ws/install/testbed_gazebo/share/colcon-core/packages/testbed_gazebo)
[0.501s] Level 1:colcon.colcon_core.environment:create_environment_scripts_only(testbed_gazebo)
[0.501s] Level 1:colcon.colcon_core.environment:checking '/home/deep/assignment_ws/install/testbed_gazebo' for CMake module files
[0.501s] Level 1:colcon.colcon_core.environment:checking '/home/deep/assignment_ws/install/testbed_gazebo' for CMake config files
[0.501s] Level 1:colcon.colcon_core.shell:create_environment_hook('testbed_gazebo', 'cmake_prefix_path')
[0.501s] INFO:colcon.colcon_core.shell:Creating environment hook '/home/deep/assignment_ws/install/testbed_gazebo/share/testbed_gazebo/hook/cmake_prefix_path.ps1'
[0.502s] INFO:colcon.colcon_core.shell:Creating environment descriptor '/home/deep/assignment_ws/install/testbed_gazebo/share/testbed_gazebo/hook/cmake_prefix_path.dsv'
[0.502s] INFO:colcon.colcon_core.shell:Creating environment hook '/home/deep/assignment_ws/install/testbed_gazebo/share/testbed_gazebo/hook/cmake_prefix_path.sh'
[0.502s] Level 1:colcon.colcon_core.environment:checking '/home/deep/assignment_ws/install/testbed_gazebo/bin'
[0.502s] Level 1:colcon.colcon_core.environment:checking '/home/deep/assignment_ws/install/testbed_gazebo/lib/pkgconfig/testbed_gazebo.pc'
[0.503s] Level 1:colcon.colcon_core.environment:checking '/home/deep/assignment_ws/install/testbed_gazebo/lib/python3.10/site-packages'
[0.503s] Level 1:colcon.colcon_core.environment:checking '/home/deep/assignment_ws/install/testbed_gazebo/bin'
[0.503s] INFO:colcon.colcon_core.shell:Creating package script '/home/deep/assignment_ws/install/testbed_gazebo/share/testbed_gazebo/package.ps1'
[0.503s] INFO:colcon.colcon_core.shell:Creating package descriptor '/home/deep/assignment_ws/install/testbed_gazebo/share/testbed_gazebo/package.dsv'
[0.504s] INFO:colcon.colcon_core.shell:Creating package script '/home/deep/assignment_ws/install/testbed_gazebo/share/testbed_gazebo/package.sh'
[0.504s] INFO:colcon.colcon_core.shell:Creating package script '/home/deep/assignment_ws/install/testbed_gazebo/share/testbed_gazebo/package.bash'
[0.504s] INFO:colcon.colcon_core.shell:Creating package script '/home/deep/assignment_ws/install/testbed_gazebo/share/testbed_gazebo/package.zsh'
[0.505s] Level 1:colcon.colcon_core.environment:create_file_with_runtime_dependencies(/home/deep/assignment_ws/install/testbed_gazebo/share/colcon-core/packages/testbed_gazebo)
[0.505s] DEBUG:colcon.colcon_parallel_executor.executor.parallel:closing loop
[0.505s] DEBUG:colcon.colcon_parallel_executor.executor.parallel:loop closed
[0.505s] DEBUG:colcon.colcon_parallel_executor.executor.parallel:run_until_complete finished with '0'
[0.505s] DEBUG:colcon.colcon_core.event_reactor:joining thread
[0.509s] INFO:colcon.colcon_core.plugin_system:Skipping extension 'colcon_notification.desktop_notification.terminal_notifier': Not used on non-Darwin systems
[0.509s] INFO:colcon.colcon_core.plugin_system:Skipping extension 'colcon_notification.desktop_notification.win32': Not used on non-Windows systems
[0.510s] INFO:colcon.colcon_notification.desktop_notification:Sending desktop notification using 'notify2'
[0.518s] DEBUG:colcon.colcon_core.event_reactor:joined thread
[0.519s] INFO:colcon.colcon_core.shell:Creating prefix script '/home/deep/assignment_ws/install/local_setup.ps1'
[0.519s] INFO:colcon.colcon_core.shell:Creating prefix util module '/home/deep/assignment_ws/install/_local_setup_util_ps1.py'
[0.521s] INFO:colcon.colcon_core.shell:Creating prefix chain script '/home/deep/assignment_ws/install/setup.ps1'
[0.522s] INFO:colcon.colcon_core.shell:Creating prefix script '/home/deep/assignment_ws/install/local_setup.sh'
[0.522s] INFO:colcon.colcon_core.shell:Creating prefix util module '/home/deep/assignment_ws/install/_local_setup_util_sh.py'
[0.523s] INFO:colcon.colcon_core.shell:Creating prefix chain script '/home/deep/assignment_ws/install/setup.sh'
[0.524s] INFO:colcon.colcon_core.shell:Creating prefix script '/home/deep/assignment_ws/install/local_setup.bash'
[0.524s] INFO:colcon.colcon_core.shell:Creating prefix chain script '/home/deep/assignment_ws/install/setup.bash'
[0.525s] INFO:colcon.colcon_core.shell:Creating prefix script '/home/deep/assignment_ws/install/local_setup.zsh'
[0.526s] INFO:colcon.colcon_core.shell:Creating prefix chain script '/home/deep/assignment_ws/install/setup.zsh'
