[0.095s] DEBUG:colcon:Command line arguments: ['/usr/bin/colcon', 'build']
[0.095s] DEBUG:colcon:Parsed command line arguments: Namespace(log_base=None, log_level=None, verb_name='build', build_base='build', install_base='install', merge_install=False, symlink_install=False, test_result_base=None, continue_on_error=False, executor='parallel', parallel_workers=12, event_handlers=None, ignore_user_meta=False, metas=['./colcon.meta'], base_paths=['.'], packages_ignore=None, packages_ignore_regex=None, paths=None, packages_up_to=None, packages_up_to_regex=None, packages_above=None, packages_above_and_dependencies=None, packages_above_depth=None, packages_select_by_dep=None, packages_skip_by_dep=None, packages_skip_up_to=None, packages_select_build_failed=False, packages_skip_build_finished=False, packages_select_test_failures=False, packages_skip_test_passed=False, packages_select=None, packages_skip=None, packages_select_regex=None, packages_skip_regex=None, packages_start=None, packages_end=None, allow_overriding=[], cmake_args=None, cmake_target=None, cmake_target_skip_unavailable=False, cmake_clean_cache=False, cmake_clean_first=False, cmake_force_configure=False, ament_cmake_args=None, catkin_cmake_args=None, catkin_skip_building_tests=False, mixin_files=None, mixin=None, verb_parser=<colcon_mixin.mixin.mixin_argument.MixinArgumentDecorator object at 0x75d099184d60>, verb_extension=<colcon_core.verb.build.BuildVerb object at 0x75d0991847f0>, main=<bound method BuildVerb.main of <colcon_core.verb.build.BuildVerb object at 0x75d0991847f0>>, mixin_verb=('build',))
[0.255s] Level 1:colcon.colcon_core.package_discovery:discover_packages(colcon_meta) check parameters
[0.255s] Level 1:colcon.colcon_core.package_discovery:discover_packages(recursive) check parameters
[0.255s] Level 1:colcon.colcon_core.package_discovery:discover_packages(ignore) check parameters
[0.255s] Level 1:colcon.colcon_core.package_discovery:discover_packages(path) check parameters
[0.255s] Level 1:colcon.colcon_core.package_discovery:discover_packages(colcon_meta) discover
[0.255s] Level 1:colcon.colcon_core.package_discovery:discover_packages(recursive) discover
[0.255s] INFO:colcon.colcon_core.package_discovery:Crawling recursively for packages in '/home/deep/assignment_ws'
[0.255s] Level 1:colcon.colcon_core.package_identification:_identify(.) by extensions ['ignore', 'ignore_ament_install']
[0.255s] Level 1:colcon.colcon_core.package_identification:_identify(.) by extension 'ignore'
[0.255s] Level 1:colcon.colcon_core.package_identification:_identify(.) by extension 'ignore_ament_install'
[0.255s] Level 1:colcon.colcon_core.package_identification:_identify(.) by extensions ['colcon_pkg']
[0.255s] Level 1:colcon.colcon_core.package_identification:_identify(.) by extension 'colcon_pkg'
[0.255s] Level 1:colcon.colcon_core.package_identification:_identify(.) by extensions ['colcon_meta']
[0.255s] Level 1:colcon.colcon_core.package_identification:_identify(.) by extension 'colcon_meta'
[0.255s] Level 1:colcon.colcon_core.package_identification:_identify(.) by extensions ['ros']
[0.255s] Level 1:colcon.colcon_core.package_identification:_identify(.) by extension 'ros'
[0.264s] Level 1:colcon.colcon_core.package_identification:_identify(.) by extensions ['cmake', 'python']
[0.264s] Level 1:colcon.colcon_core.package_identification:_identify(.) by extension 'cmake'
[0.264s] Level 1:colcon.colcon_core.package_identification:_identify(.) by extension 'python'
[0.264s] Level 1:colcon.colcon_core.package_identification:_identify(.) by extensions ['python_setup_py']
[0.264s] Level 1:colcon.colcon_core.package_identification:_identify(.) by extension 'python_setup_py'
[0.264s] Level 1:colcon.colcon_core.package_identification:_identify(build) by extensions ['ignore', 'ignore_ament_install']
[0.264s] Level 1:colcon.colcon_core.package_identification:_identify(build) by extension 'ignore'
[0.265s] Level 1:colcon.colcon_core.package_identification:_identify(build) ignored
[0.265s] Level 1:colcon.colcon_core.package_identification:_identify(install) by extensions ['ignore', 'ignore_ament_install']
[0.265s] Level 1:colcon.colcon_core.package_identification:_identify(install) by extension 'ignore'
[0.265s] Level 1:colcon.colcon_core.package_identification:_identify(install) ignored
[0.265s] Level 1:colcon.colcon_core.package_identification:_identify(log) by extensions ['ignore', 'ignore_ament_install']
[0.265s] Level 1:colcon.colcon_core.package_identification:_identify(log) by extension 'ignore'
[0.265s] Level 1:colcon.colcon_core.package_identification:_identify(log) ignored
[0.265s] Level 1:colcon.colcon_core.package_identification:_identify(src) by extensions ['ignore', 'ignore_ament_install']
[0.265s] Level 1:colcon.colcon_core.package_identification:_identify(src) by extension 'ignore'
[0.265s] Level 1:colcon.colcon_core.package_identification:_identify(src) by extension 'ignore_ament_install'
[0.265s] Level 1:colcon.colcon_core.package_identification:_identify(src) by extensions ['colcon_pkg']
[0.265s] Level 1:colcon.colcon_core.package_identification:_identify(src) by extension 'colcon_pkg'
[0.265s] Level 1:colcon.colcon_core.package_identification:_identify(src) by extensions ['colcon_meta']
[0.265s] Level 1:colcon.colcon_core.package_identification:_identify(src) by extension 'colcon_meta'
[0.265s] Level 1:colcon.colcon_core.package_identification:_identify(src) by extensions ['ros']
[0.265s] Level 1:colcon.colcon_core.package_identification:_identify(src) by extension 'ros'
[0.265s] Level 1:colcon.colcon_core.package_identification:_identify(src) by extensions ['cmake', 'python']
[0.265s] Level 1:colcon.colcon_core.package_identification:_identify(src) by extension 'cmake'
[0.265s] Level 1:colcon.colcon_core.package_identification:_identify(src) by extension 'python'
[0.265s] Level 1:colcon.colcon_core.package_identification:_identify(src) by extensions ['python_setup_py']
[0.265s] Level 1:colcon.colcon_core.package_identification:_identify(src) by extension 'python_setup_py'
[0.266s] Level 1:colcon.colcon_core.package_identification:_identify(src/l1-Deep2k24) by extensions ['ignore', 'ignore_ament_install']
[0.266s] Level 1:colcon.colcon_core.package_identification:_identify(src/l1-Deep2k24) by extension 'ignore'
[0.266s] Level 1:colcon.colcon_core.package_identification:_identify(src/l1-Deep2k24) by extension 'ignore_ament_install'
[0.266s] Level 1:colcon.colcon_core.package_identification:_identify(src/l1-Deep2k24) by extensions ['colcon_pkg']
[0.266s] Level 1:colcon.colcon_core.package_identification:_identify(src/l1-Deep2k24) by extension 'colcon_pkg'
[0.266s] Level 1:colcon.colcon_core.package_identification:_identify(src/l1-Deep2k24) by extensions ['colcon_meta']
[0.266s] Level 1:colcon.colcon_core.package_identification:_identify(src/l1-Deep2k24) by extension 'colcon_meta'
[0.266s] Level 1:colcon.colcon_core.package_identification:_identify(src/l1-Deep2k24) by extensions ['ros']
[0.266s] Level 1:colcon.colcon_core.package_identification:_identify(src/l1-Deep2k24) by extension 'ros'
[0.266s] Level 1:colcon.colcon_core.package_identification:_identify(src/l1-Deep2k24) by extensions ['cmake', 'python']
[0.266s] Level 1:colcon.colcon_core.package_identification:_identify(src/l1-Deep2k24) by extension 'cmake'
[0.266s] Level 1:colcon.colcon_core.package_identification:_identify(src/l1-Deep2k24) by extension 'python'
[0.266s] Level 1:colcon.colcon_core.package_identification:_identify(src/l1-Deep2k24) by extensions ['python_setup_py']
[0.266s] Level 1:colcon.colcon_core.package_identification:_identify(src/l1-Deep2k24) by extension 'python_setup_py'
[0.266s] Level 1:colcon.colcon_core.package_identification:_identify(src/l1-Deep2k24/testbed_bringup) by extensions ['ignore', 'ignore_ament_install']
[0.266s] Level 1:colcon.colcon_core.package_identification:_identify(src/l1-Deep2k24/testbed_bringup) by extension 'ignore'
[0.266s] Level 1:colcon.colcon_core.package_identification:_identify(src/l1-Deep2k24/testbed_bringup) by extension 'ignore_ament_install'
[0.266s] Level 1:colcon.colcon_core.package_identification:_identify(src/l1-Deep2k24/testbed_bringup) by extensions ['colcon_pkg']
[0.266s] Level 1:colcon.colcon_core.package_identification:_identify(src/l1-Deep2k24/testbed_bringup) by extension 'colcon_pkg'
[0.266s] Level 1:colcon.colcon_core.package_identification:_identify(src/l1-Deep2k24/testbed_bringup) by extensions ['colcon_meta']
[0.266s] Level 1:colcon.colcon_core.package_identification:_identify(src/l1-Deep2k24/testbed_bringup) by extension 'colcon_meta'
[0.266s] Level 1:colcon.colcon_core.package_identification:_identify(src/l1-Deep2k24/testbed_bringup) by extensions ['ros']
[0.266s] Level 1:colcon.colcon_core.package_identification:_identify(src/l1-Deep2k24/testbed_bringup) by extension 'ros'
[0.269s] DEBUG:colcon.colcon_core.package_identification:Package 'src/l1-Deep2k24/testbed_bringup' with type 'ros.ament_cmake' and name 'testbed_bringup'
[0.269s] Level 1:colcon.colcon_core.package_identification:_identify(src/l1-Deep2k24/testbed_description) by extensions ['ignore', 'ignore_ament_install']
[0.269s] Level 1:colcon.colcon_core.package_identification:_identify(src/l1-Deep2k24/testbed_description) by extension 'ignore'
[0.269s] Level 1:colcon.colcon_core.package_identification:_identify(src/l1-Deep2k24/testbed_description) by extension 'ignore_ament_install'
[0.269s] Level 1:colcon.colcon_core.package_identification:_identify(src/l1-Deep2k24/testbed_description) by extensions ['colcon_pkg']
[0.269s] Level 1:colcon.colcon_core.package_identification:_identify(src/l1-Deep2k24/testbed_description) by extension 'colcon_pkg'
[0.269s] Level 1:colcon.colcon_core.package_identification:_identify(src/l1-Deep2k24/testbed_description) by extensions ['colcon_meta']
[0.269s] Level 1:colcon.colcon_core.package_identification:_identify(src/l1-Deep2k24/testbed_description) by extension 'colcon_meta'
[0.269s] Level 1:colcon.colcon_core.package_identification:_identify(src/l1-Deep2k24/testbed_description) by extensions ['ros']
[0.269s] Level 1:colcon.colcon_core.package_identification:_identify(src/l1-Deep2k24/testbed_description) by extension 'ros'
[0.270s] DEBUG:colcon.colcon_core.package_identification:Package 'src/l1-Deep2k24/testbed_description' with type 'ros.ament_cmake' and name 'testbed_description'
[0.270s] Level 1:colcon.colcon_core.package_identification:_identify(src/l1-Deep2k24/testbed_gazebo) by extensions ['ignore', 'ignore_ament_install']
[0.270s] Level 1:colcon.colcon_core.package_identification:_identify(src/l1-Deep2k24/testbed_gazebo) by extension 'ignore'
[0.270s] Level 1:colcon.colcon_core.package_identification:_identify(src/l1-Deep2k24/testbed_gazebo) by extension 'ignore_ament_install'
[0.270s] Level 1:colcon.colcon_core.package_identification:_identify(src/l1-Deep2k24/testbed_gazebo) by extensions ['colcon_pkg']
[0.270s] Level 1:colcon.colcon_core.package_identification:_identify(src/l1-Deep2k24/testbed_gazebo) by extension 'colcon_pkg'
[0.270s] Level 1:colcon.colcon_core.package_identification:_identify(src/l1-Deep2k24/testbed_gazebo) by extensions ['colcon_meta']
[0.270s] Level 1:colcon.colcon_core.package_identification:_identify(src/l1-Deep2k24/testbed_gazebo) by extension 'colcon_meta'
[0.270s] Level 1:colcon.colcon_core.package_identification:_identify(src/l1-Deep2k24/testbed_gazebo) by extensions ['ros']
[0.270s] Level 1:colcon.colcon_core.package_identification:_identify(src/l1-Deep2k24/testbed_gazebo) by extension 'ros'
[0.271s] DEBUG:colcon.colcon_core.package_identification:Package 'src/l1-Deep2k24/testbed_gazebo' with type 'ros.ament_cmake' and name 'testbed_gazebo'
[0.271s] Level 1:colcon.colcon_core.package_discovery:discover_packages(recursive) using defaults
[0.271s] Level 1:colcon.colcon_core.package_discovery:discover_packages(ignore) discover
[0.271s] Level 1:colcon.colcon_core.package_discovery:discover_packages(ignore) using defaults
[0.271s] Level 1:colcon.colcon_core.package_discovery:discover_packages(path) discover
[0.271s] Level 1:colcon.colcon_core.package_discovery:discover_packages(path) using defaults
[0.293s] Level 1:colcon.colcon_core.package_discovery:discover_packages(prefix_path) check parameters
[0.293s] Level 1:colcon.colcon_core.package_discovery:discover_packages(prefix_path) discover
[0.295s] DEBUG:colcon.colcon_installed_package_information.package_discovery:Found 2 installed packages in /home/deep/shopmate_bot_ws/install
[0.295s] DEBUG:colcon.colcon_installed_package_information.package_discovery:Found 10 installed packages in /home/deep/colcon_ws/install
[0.297s] DEBUG:colcon.colcon_installed_package_information.package_discovery:Found 422 installed packages in /opt/ros/humble
[0.298s] Level 1:colcon.colcon_core.package_discovery:discover_packages(prefix_path) using defaults
[0.344s] Level 5:colcon.colcon_core.verb:set package 'testbed_bringup' build argument 'cmake_args' from command line to 'None'
[0.344s] Level 5:colcon.colcon_core.verb:set package 'testbed_bringup' build argument 'cmake_target' from command line to 'None'
[0.344s] Level 5:colcon.colcon_core.verb:set package 'testbed_bringup' build argument 'cmake_target_skip_unavailable' from command line to 'False'
[0.344s] Level 5:colcon.colcon_core.verb:set package 'testbed_bringup' build argument 'cmake_clean_cache' from command line to 'False'
[0.344s] Level 5:colcon.colcon_core.verb:set package 'testbed_bringup' build argument 'cmake_clean_first' from command line to 'False'
[0.344s] Level 5:colcon.colcon_core.verb:set package 'testbed_bringup' build argument 'cmake_force_configure' from command line to 'False'
[0.344s] Level 5:colcon.colcon_core.verb:set package 'testbed_bringup' build argument 'ament_cmake_args' from command line to 'None'
[0.344s] Level 5:colcon.colcon_core.verb:set package 'testbed_bringup' build argument 'catkin_cmake_args' from command line to 'None'
[0.344s] Level 5:colcon.colcon_core.verb:set package 'testbed_bringup' build argument 'catkin_skip_building_tests' from command line to 'False'
[0.344s] DEBUG:colcon.colcon_core.verb:Building package 'testbed_bringup' with the following arguments: {'ament_cmake_args': None, 'build_base': '/home/deep/assignment_ws/build/testbed_bringup', 'catkin_cmake_args': None, 'catkin_skip_building_tests': False, 'cmake_args': None, 'cmake_clean_cache': False, 'cmake_clean_first': False, 'cmake_force_configure': False, 'cmake_target': None, 'cmake_target_skip_unavailable': False, 'install_base': '/home/deep/assignment_ws/install/testbed_bringup', 'merge_install': False, 'path': '/home/deep/assignment_ws/src/l1-Deep2k24/testbed_bringup', 'symlink_install': False, 'test_result_base': None}
[0.344s] Level 5:colcon.colcon_core.verb:set package 'testbed_description' build argument 'cmake_args' from command line to 'None'
[0.344s] Level 5:colcon.colcon_core.verb:set package 'testbed_description' build argument 'cmake_target' from command line to 'None'
[0.344s] Level 5:colcon.colcon_core.verb:set package 'testbed_description' build argument 'cmake_target_skip_unavailable' from command line to 'False'
[0.344s] Level 5:colcon.colcon_core.verb:set package 'testbed_description' build argument 'cmake_clean_cache' from command line to 'False'
[0.344s] Level 5:colcon.colcon_core.verb:set package 'testbed_description' build argument 'cmake_clean_first' from command line to 'False'
[0.344s] Level 5:colcon.colcon_core.verb:set package 'testbed_description' build argument 'cmake_force_configure' from command line to 'False'
[0.344s] Level 5:colcon.colcon_core.verb:set package 'testbed_description' build argument 'ament_cmake_args' from command line to 'None'
[0.344s] Level 5:colcon.colcon_core.verb:set package 'testbed_description' build argument 'catkin_cmake_args' from command line to 'None'
[0.344s] Level 5:colcon.colcon_core.verb:set package 'testbed_description' build argument 'catkin_skip_building_tests' from command line to 'False'
[0.344s] DEBUG:colcon.colcon_core.verb:Building package 'testbed_description' with the following arguments: {'ament_cmake_args': None, 'build_base': '/home/deep/assignment_ws/build/testbed_description', 'catkin_cmake_args': None, 'catkin_skip_building_tests': False, 'cmake_args': None, 'cmake_clean_cache': False, 'cmake_clean_first': False, 'cmake_force_configure': False, 'cmake_target': None, 'cmake_target_skip_unavailable': False, 'install_base': '/home/deep/assignment_ws/install/testbed_description', 'merge_install': False, 'path': '/home/deep/assignment_ws/src/l1-Deep2k24/testbed_description', 'symlink_install': False, 'test_result_base': None}
[0.345s] Level 5:colcon.colcon_core.verb:set package 'testbed_gazebo' build argument 'cmake_args' from command line to 'None'
[0.345s] Level 5:colcon.colcon_core.verb:set package 'testbed_gazebo' build argument 'cmake_target' from command line to 'None'
[0.345s] Level 5:colcon.colcon_core.verb:set package 'testbed_gazebo' build argument 'cmake_target_skip_unavailable' from command line to 'False'
[0.345s] Level 5:colcon.colcon_core.verb:set package 'testbed_gazebo' build argument 'cmake_clean_cache' from command line to 'False'
[0.345s] Level 5:colcon.colcon_core.verb:set package 'testbed_gazebo' build argument 'cmake_clean_first' from command line to 'False'
[0.345s] Level 5:colcon.colcon_core.verb:set package 'testbed_gazebo' build argument 'cmake_force_configure' from command line to 'False'
[0.345s] Level 5:colcon.colcon_core.verb:set package 'testbed_gazebo' build argument 'ament_cmake_args' from command line to 'None'
[0.345s] Level 5:colcon.colcon_core.verb:set package 'testbed_gazebo' build argument 'catkin_cmake_args' from command line to 'None'
[0.345s] Level 5:colcon.colcon_core.verb:set package 'testbed_gazebo' build argument 'catkin_skip_building_tests' from command line to 'False'
[0.345s] DEBUG:colcon.colcon_core.verb:Building package 'testbed_gazebo' with the following arguments: {'ament_cmake_args': None, 'build_base': '/home/deep/assignment_ws/build/testbed_gazebo', 'catkin_cmake_args': None, 'catkin_skip_building_tests': False, 'cmake_args': None, 'cmake_clean_cache': False, 'cmake_clean_first': False, 'cmake_force_configure': False, 'cmake_target': None, 'cmake_target_skip_unavailable': False, 'install_base': '/home/deep/assignment_ws/install/testbed_gazebo', 'merge_install': False, 'path': '/home/deep/assignment_ws/src/l1-Deep2k24/testbed_gazebo', 'symlink_install': False, 'test_result_base': None}
[0.345s] INFO:colcon.colcon_core.executor:Executing jobs using 'parallel' executor
[0.346s] DEBUG:colcon.colcon_parallel_executor.executor.parallel:run_until_complete
[0.346s] INFO:colcon.colcon_ros.task.ament_cmake.build:Building ROS package in '/home/deep/assignment_ws/src/l1-Deep2k24/testbed_description' with build type 'ament_cmake'
[0.346s] INFO:colcon.colcon_cmake.task.cmake.build:Building CMake package in '/home/deep/assignment_ws/src/l1-Deep2k24/testbed_description'
[0.348s] INFO:colcon.colcon_core.plugin_system:Skipping extension 'colcon_core.shell.bat': Not used on non-Windows systems
[0.348s] INFO:colcon.colcon_core.shell:Skip shell extension 'powershell' for command environment: Not usable outside of PowerShell
[0.348s] DEBUG:colcon.colcon_core.shell:Skip shell extension 'dsv' for command environment
[0.352s] INFO:colcon.colcon_ros.task.ament_cmake.build:Building ROS package in '/home/deep/assignment_ws/src/l1-Deep2k24/testbed_bringup' with build type 'ament_cmake'
[0.352s] INFO:colcon.colcon_cmake.task.cmake.build:Building CMake package in '/home/deep/assignment_ws/src/l1-Deep2k24/testbed_bringup'
[0.352s] INFO:colcon.colcon_core.shell:Skip shell extension 'powershell' for command environment: Not usable outside of PowerShell
[0.352s] DEBUG:colcon.colcon_core.shell:Skip shell extension 'dsv' for command environment
[0.360s] DEBUG:colcon.colcon_core.event_handler.log_command:Invoking command in '/home/deep/assignment_ws/build/testbed_description': CMAKE_PREFIX_PATH=${CMAKE_PREFIX_PATH}:/home/deep/colcon_ws/install/task3b_solution:/home/deep/colcon_ws/install/task3a_solution:/home/deep/colcon_ws/install/task2b_solution:/home/deep/colcon_ws/install/task2_solution:/home/deep/shopmate_bot_ws/install/shopmate_bot_navigation:/home/deep/shopmate_bot_ws/install/shopmate_bot_description:/opt/ros/humble /usr/bin/cmake /home/deep/assignment_ws/src/l1-Deep2k24/testbed_description -DCMAKE_INSTALL_PREFIX=/home/deep/assignment_ws/install/testbed_description
[0.363s] DEBUG:colcon.colcon_core.event_handler.log_command:Invoking command in '/home/deep/assignment_ws/build/testbed_bringup': CMAKE_PREFIX_PATH=${CMAKE_PREFIX_PATH}:/home/deep/colcon_ws/install/task3b_solution:/home/deep/colcon_ws/install/task3a_solution:/home/deep/colcon_ws/install/task2b_solution:/home/deep/colcon_ws/install/task2_solution:/home/deep/shopmate_bot_ws/install/shopmate_bot_navigation:/home/deep/shopmate_bot_ws/install/shopmate_bot_description:/opt/ros/humble /usr/bin/cmake /home/deep/assignment_ws/src/l1-Deep2k24/testbed_bringup -DCMAKE_INSTALL_PREFIX=/home/deep/assignment_ws/install/testbed_bringup
[0.926s] DEBUG:colcon.colcon_core.event_handler.log_command:Invoked command in '/home/deep/assignment_ws/build/testbed_bringup' returned '0': CMAKE_PREFIX_PATH=${CMAKE_PREFIX_PATH}:/home/deep/colcon_ws/install/task3b_solution:/home/deep/colcon_ws/install/task3a_solution:/home/deep/colcon_ws/install/task2b_solution:/home/deep/colcon_ws/install/task2_solution:/home/deep/shopmate_bot_ws/install/shopmate_bot_navigation:/home/deep/shopmate_bot_ws/install/shopmate_bot_description:/opt/ros/humble /usr/bin/cmake /home/deep/assignment_ws/src/l1-Deep2k24/testbed_bringup -DCMAKE_INSTALL_PREFIX=/home/deep/assignment_ws/install/testbed_bringup
[0.927s] DEBUG:colcon.colcon_core.event_handler.log_command:Invoking command in '/home/deep/assignment_ws/build/testbed_bringup': CMAKE_PREFIX_PATH=${CMAKE_PREFIX_PATH}:/home/deep/colcon_ws/install/task3b_solution:/home/deep/colcon_ws/install/task3a_solution:/home/deep/colcon_ws/install/task2b_solution:/home/deep/colcon_ws/install/task2_solution:/home/deep/shopmate_bot_ws/install/shopmate_bot_navigation:/home/deep/shopmate_bot_ws/install/shopmate_bot_description:/opt/ros/humble /usr/bin/cmake --build /home/deep/assignment_ws/build/testbed_bringup -- -j12 -l12
[0.958s] DEBUG:colcon.colcon_core.event_handler.log_command:Invoked command in '/home/deep/assignment_ws/build/testbed_bringup' returned '0': CMAKE_PREFIX_PATH=${CMAKE_PREFIX_PATH}:/home/deep/colcon_ws/install/task3b_solution:/home/deep/colcon_ws/install/task3a_solution:/home/deep/colcon_ws/install/task2b_solution:/home/deep/colcon_ws/install/task2_solution:/home/deep/shopmate_bot_ws/install/shopmate_bot_navigation:/home/deep/shopmate_bot_ws/install/shopmate_bot_description:/opt/ros/humble /usr/bin/cmake --build /home/deep/assignment_ws/build/testbed_bringup -- -j12 -l12
[0.967s] DEBUG:colcon.colcon_core.event_handler.log_command:Invoking command in '/home/deep/assignment_ws/build/testbed_bringup': CMAKE_PREFIX_PATH=${CMAKE_PREFIX_PATH}:/home/deep/colcon_ws/install/task3b_solution:/home/deep/colcon_ws/install/task3a_solution:/home/deep/colcon_ws/install/task2b_solution:/home/deep/colcon_ws/install/task2_solution:/home/deep/shopmate_bot_ws/install/shopmate_bot_navigation:/home/deep/shopmate_bot_ws/install/shopmate_bot_description:/opt/ros/humble /usr/bin/cmake --install /home/deep/assignment_ws/build/testbed_bringup
[0.968s] DEBUG:colcon.colcon_core.event_handler.log_command:Invoked command in '/home/deep/assignment_ws/build/testbed_description' returned '0': CMAKE_PREFIX_PATH=${CMAKE_PREFIX_PATH}:/home/deep/colcon_ws/install/task3b_solution:/home/deep/colcon_ws/install/task3a_solution:/home/deep/colcon_ws/install/task2b_solution:/home/deep/colcon_ws/install/task2_solution:/home/deep/shopmate_bot_ws/install/shopmate_bot_navigation:/home/deep/shopmate_bot_ws/install/shopmate_bot_description:/opt/ros/humble /usr/bin/cmake /home/deep/assignment_ws/src/l1-Deep2k24/testbed_description -DCMAKE_INSTALL_PREFIX=/home/deep/assignment_ws/install/testbed_description
[0.969s] DEBUG:colcon.colcon_core.event_handler.log_command:Invoking command in '/home/deep/assignment_ws/build/testbed_description': CMAKE_PREFIX_PATH=${CMAKE_PREFIX_PATH}:/home/deep/colcon_ws/install/task3b_solution:/home/deep/colcon_ws/install/task3a_solution:/home/deep/colcon_ws/install/task2b_solution:/home/deep/colcon_ws/install/task2_solution:/home/deep/shopmate_bot_ws/install/shopmate_bot_navigation:/home/deep/shopmate_bot_ws/install/shopmate_bot_description:/opt/ros/humble /usr/bin/cmake --build /home/deep/assignment_ws/build/testbed_description -- -j12 -l12
[0.977s] Level 1:colcon.colcon_core.environment:create_environment_scripts_only(testbed_bringup)
[0.977s] DEBUG:colcon.colcon_core.event_handler.log_command:Invoked command in '/home/deep/assignment_ws/build/testbed_bringup' returned '0': CMAKE_PREFIX_PATH=${CMAKE_PREFIX_PATH}:/home/deep/colcon_ws/install/task3b_solution:/home/deep/colcon_ws/install/task3a_solution:/home/deep/colcon_ws/install/task2b_solution:/home/deep/colcon_ws/install/task2_solution:/home/deep/shopmate_bot_ws/install/shopmate_bot_navigation:/home/deep/shopmate_bot_ws/install/shopmate_bot_description:/opt/ros/humble /usr/bin/cmake --install /home/deep/assignment_ws/build/testbed_bringup
[0.979s] Level 1:colcon.colcon_core.environment:checking '/home/deep/assignment_ws/install/testbed_bringup' for CMake module files
[0.980s] Level 1:colcon.colcon_core.environment:checking '/home/deep/assignment_ws/install/testbed_bringup' for CMake config files
[0.980s] Level 1:colcon.colcon_core.shell:create_environment_hook('testbed_bringup', 'cmake_prefix_path')
[0.980s] INFO:colcon.colcon_core.shell:Creating environment hook '/home/deep/assignment_ws/install/testbed_bringup/share/testbed_bringup/hook/cmake_prefix_path.ps1'
[0.980s] INFO:colcon.colcon_core.shell:Creating environment descriptor '/home/deep/assignment_ws/install/testbed_bringup/share/testbed_bringup/hook/cmake_prefix_path.dsv'
[0.981s] INFO:colcon.colcon_core.shell:Creating environment hook '/home/deep/assignment_ws/install/testbed_bringup/share/testbed_bringup/hook/cmake_prefix_path.sh'
[0.981s] Level 1:colcon.colcon_core.environment:checking '/home/deep/assignment_ws/install/testbed_bringup/bin'
[0.982s] Level 1:colcon.colcon_core.environment:checking '/home/deep/assignment_ws/install/testbed_bringup/lib/pkgconfig/testbed_bringup.pc'
[0.982s] Level 1:colcon.colcon_core.environment:checking '/home/deep/assignment_ws/install/testbed_bringup/lib/python3.10/site-packages'
[0.982s] Level 1:colcon.colcon_core.environment:checking '/home/deep/assignment_ws/install/testbed_bringup/bin'
[0.982s] INFO:colcon.colcon_core.shell:Creating package script '/home/deep/assignment_ws/install/testbed_bringup/share/testbed_bringup/package.ps1'
[0.983s] INFO:colcon.colcon_core.shell:Creating package descriptor '/home/deep/assignment_ws/install/testbed_bringup/share/testbed_bringup/package.dsv'
[0.983s] INFO:colcon.colcon_core.shell:Creating package script '/home/deep/assignment_ws/install/testbed_bringup/share/testbed_bringup/package.sh'
[0.984s] INFO:colcon.colcon_core.shell:Creating package script '/home/deep/assignment_ws/install/testbed_bringup/share/testbed_bringup/package.bash'
[0.985s] INFO:colcon.colcon_core.shell:Creating package script '/home/deep/assignment_ws/install/testbed_bringup/share/testbed_bringup/package.zsh'
[0.985s] Level 1:colcon.colcon_core.environment:create_file_with_runtime_dependencies(/home/deep/assignment_ws/install/testbed_bringup/share/colcon-core/packages/testbed_bringup)
[0.986s] Level 1:colcon.colcon_core.environment:create_environment_scripts_only(testbed_bringup)
[0.986s] Level 1:colcon.colcon_core.environment:checking '/home/deep/assignment_ws/install/testbed_bringup' for CMake module files
[0.986s] Level 1:colcon.colcon_core.environment:checking '/home/deep/assignment_ws/install/testbed_bringup' for CMake config files
[0.986s] Level 1:colcon.colcon_core.shell:create_environment_hook('testbed_bringup', 'cmake_prefix_path')
[0.987s] INFO:colcon.colcon_core.shell:Creating environment hook '/home/deep/assignment_ws/install/testbed_bringup/share/testbed_bringup/hook/cmake_prefix_path.ps1'
[0.987s] INFO:colcon.colcon_core.shell:Creating environment descriptor '/home/deep/assignment_ws/install/testbed_bringup/share/testbed_bringup/hook/cmake_prefix_path.dsv'
[0.987s] INFO:colcon.colcon_core.shell:Creating environment hook '/home/deep/assignment_ws/install/testbed_bringup/share/testbed_bringup/hook/cmake_prefix_path.sh'
[0.988s] Level 1:colcon.colcon_core.environment:checking '/home/deep/assignment_ws/install/testbed_bringup/bin'
[0.988s] Level 1:colcon.colcon_core.environment:checking '/home/deep/assignment_ws/install/testbed_bringup/lib/pkgconfig/testbed_bringup.pc'
[0.988s] Level 1:colcon.colcon_core.environment:checking '/home/deep/assignment_ws/install/testbed_bringup/lib/python3.10/site-packages'
[0.988s] Level 1:colcon.colcon_core.environment:checking '/home/deep/assignment_ws/install/testbed_bringup/bin'
[0.989s] INFO:colcon.colcon_core.shell:Creating package script '/home/deep/assignment_ws/install/testbed_bringup/share/testbed_bringup/package.ps1'
[0.989s] INFO:colcon.colcon_core.shell:Creating package descriptor '/home/deep/assignment_ws/install/testbed_bringup/share/testbed_bringup/package.dsv'
[0.989s] INFO:colcon.colcon_core.shell:Creating package script '/home/deep/assignment_ws/install/testbed_bringup/share/testbed_bringup/package.sh'
[0.990s] INFO:colcon.colcon_core.shell:Creating package script '/home/deep/assignment_ws/install/testbed_bringup/share/testbed_bringup/package.bash'
[0.990s] INFO:colcon.colcon_core.shell:Creating package script '/home/deep/assignment_ws/install/testbed_bringup/share/testbed_bringup/package.zsh'
[0.991s] Level 1:colcon.colcon_core.environment:create_file_with_runtime_dependencies(/home/deep/assignment_ws/install/testbed_bringup/share/colcon-core/packages/testbed_bringup)
[0.999s] DEBUG:colcon.colcon_core.event_handler.log_command:Invoked command in '/home/deep/assignment_ws/build/testbed_description' returned '0': CMAKE_PREFIX_PATH=${CMAKE_PREFIX_PATH}:/home/deep/colcon_ws/install/task3b_solution:/home/deep/colcon_ws/install/task3a_solution:/home/deep/colcon_ws/install/task2b_solution:/home/deep/colcon_ws/install/task2_solution:/home/deep/shopmate_bot_ws/install/shopmate_bot_navigation:/home/deep/shopmate_bot_ws/install/shopmate_bot_description:/opt/ros/humble /usr/bin/cmake --build /home/deep/assignment_ws/build/testbed_description -- -j12 -l12
[1.000s] DEBUG:colcon.colcon_core.event_handler.log_command:Invoking command in '/home/deep/assignment_ws/build/testbed_description': CMAKE_PREFIX_PATH=${CMAKE_PREFIX_PATH}:/home/deep/colcon_ws/install/task3b_solution:/home/deep/colcon_ws/install/task3a_solution:/home/deep/colcon_ws/install/task2b_solution:/home/deep/colcon_ws/install/task2_solution:/home/deep/shopmate_bot_ws/install/shopmate_bot_navigation:/home/deep/shopmate_bot_ws/install/shopmate_bot_description:/opt/ros/humble /usr/bin/cmake --install /home/deep/assignment_ws/build/testbed_description
[1.013s] Level 1:colcon.colcon_core.environment:create_environment_scripts_only(testbed_description)
[1.014s] Level 1:colcon.colcon_core.environment:checking '/home/deep/assignment_ws/install/testbed_description' for CMake module files
[1.014s] DEBUG:colcon.colcon_core.event_handler.log_command:Invoked command in '/home/deep/assignment_ws/build/testbed_description' returned '0': CMAKE_PREFIX_PATH=${CMAKE_PREFIX_PATH}:/home/deep/colcon_ws/install/task3b_solution:/home/deep/colcon_ws/install/task3a_solution:/home/deep/colcon_ws/install/task2b_solution:/home/deep/colcon_ws/install/task2_solution:/home/deep/shopmate_bot_ws/install/shopmate_bot_navigation:/home/deep/shopmate_bot_ws/install/shopmate_bot_description:/opt/ros/humble /usr/bin/cmake --install /home/deep/assignment_ws/build/testbed_description
[1.015s] Level 1:colcon.colcon_core.environment:checking '/home/deep/assignment_ws/install/testbed_description' for CMake config files
[1.015s] Level 1:colcon.colcon_core.shell:create_environment_hook('testbed_description', 'cmake_prefix_path')
[1.015s] INFO:colcon.colcon_core.shell:Creating environment hook '/home/deep/assignment_ws/install/testbed_description/share/testbed_description/hook/cmake_prefix_path.ps1'
[1.015s] INFO:colcon.colcon_core.shell:Creating environment descriptor '/home/deep/assignment_ws/install/testbed_description/share/testbed_description/hook/cmake_prefix_path.dsv'
[1.015s] INFO:colcon.colcon_core.shell:Creating environment hook '/home/deep/assignment_ws/install/testbed_description/share/testbed_description/hook/cmake_prefix_path.sh'
[1.016s] Level 1:colcon.colcon_core.environment:checking '/home/deep/assignment_ws/install/testbed_description/bin'
[1.016s] Level 1:colcon.colcon_core.environment:checking '/home/deep/assignment_ws/install/testbed_description/lib/pkgconfig/testbed_description.pc'
[1.016s] Level 1:colcon.colcon_core.environment:checking '/home/deep/assignment_ws/install/testbed_description/lib/python3.10/site-packages'
[1.016s] Level 1:colcon.colcon_core.environment:checking '/home/deep/assignment_ws/install/testbed_description/bin'
[1.017s] INFO:colcon.colcon_core.shell:Creating package script '/home/deep/assignment_ws/install/testbed_description/share/testbed_description/package.ps1'
[1.017s] INFO:colcon.colcon_core.shell:Creating package descriptor '/home/deep/assignment_ws/install/testbed_description/share/testbed_description/package.dsv'
[1.017s] INFO:colcon.colcon_core.shell:Creating package script '/home/deep/assignment_ws/install/testbed_description/share/testbed_description/package.sh'
[1.018s] INFO:colcon.colcon_core.shell:Creating package script '/home/deep/assignment_ws/install/testbed_description/share/testbed_description/package.bash'
[1.018s] INFO:colcon.colcon_core.shell:Creating package script '/home/deep/assignment_ws/install/testbed_description/share/testbed_description/package.zsh'
[1.018s] Level 1:colcon.colcon_core.environment:create_file_with_runtime_dependencies(/home/deep/assignment_ws/install/testbed_description/share/colcon-core/packages/testbed_description)
[1.019s] Level 1:colcon.colcon_core.environment:create_environment_scripts_only(testbed_description)
[1.019s] Level 1:colcon.colcon_core.environment:checking '/home/deep/assignment_ws/install/testbed_description' for CMake module files
[1.019s] Level 1:colcon.colcon_core.environment:checking '/home/deep/assignment_ws/install/testbed_description' for CMake config files
[1.019s] Level 1:colcon.colcon_core.shell:create_environment_hook('testbed_description', 'cmake_prefix_path')
[1.020s] INFO:colcon.colcon_core.shell:Creating environment hook '/home/deep/assignment_ws/install/testbed_description/share/testbed_description/hook/cmake_prefix_path.ps1'
[1.020s] INFO:colcon.colcon_core.shell:Creating environment descriptor '/home/deep/assignment_ws/install/testbed_description/share/testbed_description/hook/cmake_prefix_path.dsv'
[1.020s] INFO:colcon.colcon_core.shell:Creating environment hook '/home/deep/assignment_ws/install/testbed_description/share/testbed_description/hook/cmake_prefix_path.sh'
[1.021s] Level 1:colcon.colcon_core.environment:checking '/home/deep/assignment_ws/install/testbed_description/bin'
[1.021s] Level 1:colcon.colcon_core.environment:checking '/home/deep/assignment_ws/install/testbed_description/lib/pkgconfig/testbed_description.pc'
[1.021s] Level 1:colcon.colcon_core.environment:checking '/home/deep/assignment_ws/install/testbed_description/lib/python3.10/site-packages'
[1.021s] Level 1:colcon.colcon_core.environment:checking '/home/deep/assignment_ws/install/testbed_description/bin'
[1.022s] INFO:colcon.colcon_core.shell:Creating package script '/home/deep/assignment_ws/install/testbed_description/share/testbed_description/package.ps1'
[1.022s] INFO:colcon.colcon_core.shell:Creating package descriptor '/home/deep/assignment_ws/install/testbed_description/share/testbed_description/package.dsv'
[1.022s] INFO:colcon.colcon_core.shell:Creating package script '/home/deep/assignment_ws/install/testbed_description/share/testbed_description/package.sh'
[1.023s] INFO:colcon.colcon_core.shell:Creating package script '/home/deep/assignment_ws/install/testbed_description/share/testbed_description/package.bash'
[1.023s] INFO:colcon.colcon_core.shell:Creating package script '/home/deep/assignment_ws/install/testbed_description/share/testbed_description/package.zsh'
[1.023s] Level 1:colcon.colcon_core.environment:create_file_with_runtime_dependencies(/home/deep/assignment_ws/install/testbed_description/share/colcon-core/packages/testbed_description)
[1.024s] INFO:colcon.colcon_ros.task.ament_cmake.build:Building ROS package in '/home/deep/assignment_ws/src/l1-Deep2k24/testbed_gazebo' with build type 'ament_cmake'
[1.024s] INFO:colcon.colcon_cmake.task.cmake.build:Building CMake package in '/home/deep/assignment_ws/src/l1-Deep2k24/testbed_gazebo'
[1.024s] INFO:colcon.colcon_core.shell:Skip shell extension 'powershell' for command environment: Not usable outside of PowerShell
[1.024s] DEBUG:colcon.colcon_core.shell:Skip shell extension 'dsv' for command environment
[1.032s] DEBUG:colcon.colcon_core.event_handler.log_command:Invoking command in '/home/deep/assignment_ws/build/testbed_gazebo': AMENT_PREFIX_PATH=/home/deep/assignment_ws/install/testbed_description:${AMENT_PREFIX_PATH} CMAKE_PREFIX_PATH=/home/deep/assignment_ws/install/testbed_description:/home/deep/colcon_ws/install/ur_simulation_gz:/home/deep/colcon_ws/install/ur_description:/home/deep/colcon_ws/install/ur5_control:/home/deep/colcon_ws/install/linkattacher_msgs:/home/deep/colcon_ws/install/eyantra_warehouse:/home/deep/colcon_ws/install/ebot_description:/home/deep/colcon_ws/install/task3b_solution:/home/deep/colcon_ws/install/task3a_solution:/home/deep/colcon_ws/install/task2b_solution:/home/deep/colcon_ws/install/task2_solution:/home/deep/shopmate_bot_ws/install/shopmate_bot_navigation:/home/deep/shopmate_bot_ws/install/shopmate_bot_description:/opt/ros/humble /usr/bin/cmake /home/deep/assignment_ws/src/l1-Deep2k24/testbed_gazebo -DCMAKE_INSTALL_PREFIX=/home/deep/assignment_ws/install/testbed_gazebo
[1.566s] DEBUG:colcon.colcon_core.event_handler.log_command:Invoked command in '/home/deep/assignment_ws/build/testbed_gazebo' returned '0': AMENT_PREFIX_PATH=/home/deep/assignment_ws/install/testbed_description:${AMENT_PREFIX_PATH} CMAKE_PREFIX_PATH=/home/deep/assignment_ws/install/testbed_description:/home/deep/colcon_ws/install/ur_simulation_gz:/home/deep/colcon_ws/install/ur_description:/home/deep/colcon_ws/install/ur5_control:/home/deep/colcon_ws/install/linkattacher_msgs:/home/deep/colcon_ws/install/eyantra_warehouse:/home/deep/colcon_ws/install/ebot_description:/home/deep/colcon_ws/install/task3b_solution:/home/deep/colcon_ws/install/task3a_solution:/home/deep/colcon_ws/install/task2b_solution:/home/deep/colcon_ws/install/task2_solution:/home/deep/shopmate_bot_ws/install/shopmate_bot_navigation:/home/deep/shopmate_bot_ws/install/shopmate_bot_description:/opt/ros/humble /usr/bin/cmake /home/deep/assignment_ws/src/l1-Deep2k24/testbed_gazebo -DCMAKE_INSTALL_PREFIX=/home/deep/assignment_ws/install/testbed_gazebo
[1.567s] DEBUG:colcon.colcon_core.event_handler.log_command:Invoking command in '/home/deep/assignment_ws/build/testbed_gazebo': AMENT_PREFIX_PATH=/home/deep/assignment_ws/install/testbed_description:${AMENT_PREFIX_PATH} CMAKE_PREFIX_PATH=/home/deep/assignment_ws/install/testbed_description:/home/deep/colcon_ws/install/ur_simulation_gz:/home/deep/colcon_ws/install/ur_description:/home/deep/colcon_ws/install/ur5_control:/home/deep/colcon_ws/install/linkattacher_msgs:/home/deep/colcon_ws/install/eyantra_warehouse:/home/deep/colcon_ws/install/ebot_description:/home/deep/colcon_ws/install/task3b_solution:/home/deep/colcon_ws/install/task3a_solution:/home/deep/colcon_ws/install/task2b_solution:/home/deep/colcon_ws/install/task2_solution:/home/deep/shopmate_bot_ws/install/shopmate_bot_navigation:/home/deep/shopmate_bot_ws/install/shopmate_bot_description:/opt/ros/humble /usr/bin/cmake --build /home/deep/assignment_ws/build/testbed_gazebo -- -j12 -l12
[1.593s] DEBUG:colcon.colcon_core.event_handler.log_command:Invoked command in '/home/deep/assignment_ws/build/testbed_gazebo' returned '0': AMENT_PREFIX_PATH=/home/deep/assignment_ws/install/testbed_description:${AMENT_PREFIX_PATH} CMAKE_PREFIX_PATH=/home/deep/assignment_ws/install/testbed_description:/home/deep/colcon_ws/install/ur_simulation_gz:/home/deep/colcon_ws/install/ur_description:/home/deep/colcon_ws/install/ur5_control:/home/deep/colcon_ws/install/linkattacher_msgs:/home/deep/colcon_ws/install/eyantra_warehouse:/home/deep/colcon_ws/install/ebot_description:/home/deep/colcon_ws/install/task3b_solution:/home/deep/colcon_ws/install/task3a_solution:/home/deep/colcon_ws/install/task2b_solution:/home/deep/colcon_ws/install/task2_solution:/home/deep/shopmate_bot_ws/install/shopmate_bot_navigation:/home/deep/shopmate_bot_ws/install/shopmate_bot_description:/opt/ros/humble /usr/bin/cmake --build /home/deep/assignment_ws/build/testbed_gazebo -- -j12 -l12
[1.594s] DEBUG:colcon.colcon_core.event_handler.log_command:Invoking command in '/home/deep/assignment_ws/build/testbed_gazebo': AMENT_PREFIX_PATH=/home/deep/assignment_ws/install/testbed_description:${AMENT_PREFIX_PATH} CMAKE_PREFIX_PATH=/home/deep/assignment_ws/install/testbed_description:/home/deep/colcon_ws/install/ur_simulation_gz:/home/deep/colcon_ws/install/ur_description:/home/deep/colcon_ws/install/ur5_control:/home/deep/colcon_ws/install/linkattacher_msgs:/home/deep/colcon_ws/install/eyantra_warehouse:/home/deep/colcon_ws/install/ebot_description:/home/deep/colcon_ws/install/task3b_solution:/home/deep/colcon_ws/install/task3a_solution:/home/deep/colcon_ws/install/task2b_solution:/home/deep/colcon_ws/install/task2_solution:/home/deep/shopmate_bot_ws/install/shopmate_bot_navigation:/home/deep/shopmate_bot_ws/install/shopmate_bot_description:/opt/ros/humble /usr/bin/cmake --install /home/deep/assignment_ws/build/testbed_gazebo
[1.605s] Level 1:colcon.colcon_core.environment:create_environment_scripts_only(testbed_gazebo)
[1.605s] Level 1:colcon.colcon_core.environment:checking '/home/deep/assignment_ws/install/testbed_gazebo' for CMake module files
[1.606s] DEBUG:colcon.colcon_core.event_handler.log_command:Invoked command in '/home/deep/assignment_ws/build/testbed_gazebo' returned '0': AMENT_PREFIX_PATH=/home/deep/assignment_ws/install/testbed_description:${AMENT_PREFIX_PATH} CMAKE_PREFIX_PATH=/home/deep/assignment_ws/install/testbed_description:/home/deep/colcon_ws/install/ur_simulation_gz:/home/deep/colcon_ws/install/ur_description:/home/deep/colcon_ws/install/ur5_control:/home/deep/colcon_ws/install/linkattacher_msgs:/home/deep/colcon_ws/install/eyantra_warehouse:/home/deep/colcon_ws/install/ebot_description:/home/deep/colcon_ws/install/task3b_solution:/home/deep/colcon_ws/install/task3a_solution:/home/deep/colcon_ws/install/task2b_solution:/home/deep/colcon_ws/install/task2_solution:/home/deep/shopmate_bot_ws/install/shopmate_bot_navigation:/home/deep/shopmate_bot_ws/install/shopmate_bot_description:/opt/ros/humble /usr/bin/cmake --install /home/deep/assignment_ws/build/testbed_gazebo
[1.606s] Level 1:colcon.colcon_core.environment:checking '/home/deep/assignment_ws/install/testbed_gazebo' for CMake config files
[1.606s] Level 1:colcon.colcon_core.shell:create_environment_hook('testbed_gazebo', 'cmake_prefix_path')
[1.606s] INFO:colcon.colcon_core.shell:Creating environment hook '/home/deep/assignment_ws/install/testbed_gazebo/share/testbed_gazebo/hook/cmake_prefix_path.ps1'
[1.607s] INFO:colcon.colcon_core.shell:Creating environment descriptor '/home/deep/assignment_ws/install/testbed_gazebo/share/testbed_gazebo/hook/cmake_prefix_path.dsv'
[1.607s] INFO:colcon.colcon_core.shell:Creating environment hook '/home/deep/assignment_ws/install/testbed_gazebo/share/testbed_gazebo/hook/cmake_prefix_path.sh'
[1.607s] Level 1:colcon.colcon_core.environment:checking '/home/deep/assignment_ws/install/testbed_gazebo/bin'
[1.607s] Level 1:colcon.colcon_core.environment:checking '/home/deep/assignment_ws/install/testbed_gazebo/lib/pkgconfig/testbed_gazebo.pc'
[1.608s] Level 1:colcon.colcon_core.environment:checking '/home/deep/assignment_ws/install/testbed_gazebo/lib/python3.10/site-packages'
[1.608s] Level 1:colcon.colcon_core.environment:checking '/home/deep/assignment_ws/install/testbed_gazebo/bin'
[1.608s] INFO:colcon.colcon_core.shell:Creating package script '/home/deep/assignment_ws/install/testbed_gazebo/share/testbed_gazebo/package.ps1'
[1.608s] INFO:colcon.colcon_core.shell:Creating package descriptor '/home/deep/assignment_ws/install/testbed_gazebo/share/testbed_gazebo/package.dsv'
[1.609s] INFO:colcon.colcon_core.shell:Creating package script '/home/deep/assignment_ws/install/testbed_gazebo/share/testbed_gazebo/package.sh'
[1.609s] INFO:colcon.colcon_core.shell:Creating package script '/home/deep/assignment_ws/install/testbed_gazebo/share/testbed_gazebo/package.bash'
[1.609s] INFO:colcon.colcon_core.shell:Creating package script '/home/deep/assignment_ws/install/testbed_gazebo/share/testbed_gazebo/package.zsh'
[1.610s] Level 1:colcon.colcon_core.environment:create_file_with_runtime_dependencies(/home/deep/assignment_ws/install/testbed_gazebo/share/colcon-core/packages/testbed_gazebo)
[1.610s] Level 1:colcon.colcon_core.environment:create_environment_scripts_only(testbed_gazebo)
[1.610s] Level 1:colcon.colcon_core.environment:checking '/home/deep/assignment_ws/install/testbed_gazebo' for CMake module files
[1.610s] Level 1:colcon.colcon_core.environment:checking '/home/deep/assignment_ws/install/testbed_gazebo' for CMake config files
[1.611s] Level 1:colcon.colcon_core.shell:create_environment_hook('testbed_gazebo', 'cmake_prefix_path')
[1.611s] INFO:colcon.colcon_core.shell:Creating environment hook '/home/deep/assignment_ws/install/testbed_gazebo/share/testbed_gazebo/hook/cmake_prefix_path.ps1'
[1.611s] INFO:colcon.colcon_core.shell:Creating environment descriptor '/home/deep/assignment_ws/install/testbed_gazebo/share/testbed_gazebo/hook/cmake_prefix_path.dsv'
[1.611s] INFO:colcon.colcon_core.shell:Creating environment hook '/home/deep/assignment_ws/install/testbed_gazebo/share/testbed_gazebo/hook/cmake_prefix_path.sh'
[1.612s] Level 1:colcon.colcon_core.environment:checking '/home/deep/assignment_ws/install/testbed_gazebo/bin'
[1.612s] Level 1:colcon.colcon_core.environment:checking '/home/deep/assignment_ws/install/testbed_gazebo/lib/pkgconfig/testbed_gazebo.pc'
[1.612s] Level 1:colcon.colcon_core.environment:checking '/home/deep/assignment_ws/install/testbed_gazebo/lib/python3.10/site-packages'
[1.612s] Level 1:colcon.colcon_core.environment:checking '/home/deep/assignment_ws/install/testbed_gazebo/bin'
[1.612s] INFO:colcon.colcon_core.shell:Creating package script '/home/deep/assignment_ws/install/testbed_gazebo/share/testbed_gazebo/package.ps1'
[1.613s] INFO:colcon.colcon_core.shell:Creating package descriptor '/home/deep/assignment_ws/install/testbed_gazebo/share/testbed_gazebo/package.dsv'
[1.613s] INFO:colcon.colcon_core.shell:Creating package script '/home/deep/assignment_ws/install/testbed_gazebo/share/testbed_gazebo/package.sh'
[1.614s] INFO:colcon.colcon_core.shell:Creating package script '/home/deep/assignment_ws/install/testbed_gazebo/share/testbed_gazebo/package.bash'
[1.614s] INFO:colcon.colcon_core.shell:Creating package script '/home/deep/assignment_ws/install/testbed_gazebo/share/testbed_gazebo/package.zsh'
[1.614s] Level 1:colcon.colcon_core.environment:create_file_with_runtime_dependencies(/home/deep/assignment_ws/install/testbed_gazebo/share/colcon-core/packages/testbed_gazebo)
[1.614s] DEBUG:colcon.colcon_parallel_executor.executor.parallel:closing loop
[1.615s] DEBUG:colcon.colcon_parallel_executor.executor.parallel:loop closed
[1.615s] DEBUG:colcon.colcon_parallel_executor.executor.parallel:run_until_complete finished with '0'
[1.615s] DEBUG:colcon.colcon_core.event_reactor:joining thread
[1.619s] INFO:colcon.colcon_core.plugin_system:Skipping extension 'colcon_notification.desktop_notification.terminal_notifier': Not used on non-Darwin systems
[1.619s] INFO:colcon.colcon_core.plugin_system:Skipping extension 'colcon_notification.desktop_notification.win32': Not used on non-Windows systems
[1.619s] INFO:colcon.colcon_notification.desktop_notification:Sending desktop notification using 'notify2'
[1.629s] DEBUG:colcon.colcon_core.event_reactor:joined thread
[1.629s] INFO:colcon.colcon_core.shell:Creating prefix script '/home/deep/assignment_ws/install/local_setup.ps1'
[1.630s] INFO:colcon.colcon_core.shell:Creating prefix util module '/home/deep/assignment_ws/install/_local_setup_util_ps1.py'
[1.631s] INFO:colcon.colcon_core.shell:Creating prefix chain script '/home/deep/assignment_ws/install/setup.ps1'
[1.633s] INFO:colcon.colcon_core.shell:Creating prefix script '/home/deep/assignment_ws/install/local_setup.sh'
[1.633s] INFO:colcon.colcon_core.shell:Creating prefix util module '/home/deep/assignment_ws/install/_local_setup_util_sh.py'
[1.634s] INFO:colcon.colcon_core.shell:Creating prefix chain script '/home/deep/assignment_ws/install/setup.sh'
[1.635s] INFO:colcon.colcon_core.shell:Creating prefix script '/home/deep/assignment_ws/install/local_setup.bash'
[1.635s] INFO:colcon.colcon_core.shell:Creating prefix chain script '/home/deep/assignment_ws/install/setup.bash'
[1.636s] INFO:colcon.colcon_core.shell:Creating prefix script '/home/deep/assignment_ws/install/local_setup.zsh'
[1.637s] INFO:colcon.colcon_core.shell:Creating prefix chain script '/home/deep/assignment_ws/install/setup.zsh'
